ARM GAS  C:\Users\sst5281\AppData\Local\Temp\ccrvTqxY.s 			page 1


   1              		.cpu cortex-m0
   2              		.fpu softvfp
   3              		.eabi_attribute 20, 1
   4              		.eabi_attribute 21, 1
   5              		.eabi_attribute 23, 3
   6              		.eabi_attribute 24, 1
   7              		.eabi_attribute 25, 1
   8              		.eabi_attribute 26, 1
   9              		.eabi_attribute 30, 1
  10              		.eabi_attribute 34, 0
  11              		.eabi_attribute 18, 4
  12              		.code	16
  13              		.file	"isr_1.c"
  14              		.text
  15              	.Ltext0:
  16              		.cfi_sections	.debug_frame
  17              		.section	.text.isr_1_Interrupt,"ax",%progbits
  18              		.align	2
  19              		.global	isr_1_Interrupt
  20              		.code	16
  21              		.thumb_func
  22              		.type	isr_1_Interrupt, %function
  23              	isr_1_Interrupt:
  24              	.LFB5:
  25              		.file 1 ".\\Generated_Source\\PSoC4\\isr_1.c"
   1:.\Generated_Source\PSoC4/isr_1.c **** /*******************************************************************************
   2:.\Generated_Source\PSoC4/isr_1.c **** * File Name: isr_1.c  
   3:.\Generated_Source\PSoC4/isr_1.c **** * Version 1.70
   4:.\Generated_Source\PSoC4/isr_1.c **** *
   5:.\Generated_Source\PSoC4/isr_1.c **** *  Description:
   6:.\Generated_Source\PSoC4/isr_1.c **** *   API for controlling the state of an interrupt.
   7:.\Generated_Source\PSoC4/isr_1.c **** *
   8:.\Generated_Source\PSoC4/isr_1.c **** *
   9:.\Generated_Source\PSoC4/isr_1.c **** *  Note:
  10:.\Generated_Source\PSoC4/isr_1.c **** *
  11:.\Generated_Source\PSoC4/isr_1.c **** ********************************************************************************
  12:.\Generated_Source\PSoC4/isr_1.c **** * Copyright 2008-2015, Cypress Semiconductor Corporation.  All rights reserved.
  13:.\Generated_Source\PSoC4/isr_1.c **** * You may use this file only in accordance with the license, terms, conditions, 
  14:.\Generated_Source\PSoC4/isr_1.c **** * disclaimers, and limitations in the end user license agreement accompanying 
  15:.\Generated_Source\PSoC4/isr_1.c **** * the software package with which this file was provided.
  16:.\Generated_Source\PSoC4/isr_1.c **** *******************************************************************************/
  17:.\Generated_Source\PSoC4/isr_1.c **** 
  18:.\Generated_Source\PSoC4/isr_1.c **** 
  19:.\Generated_Source\PSoC4/isr_1.c **** #include <cydevice_trm.h>
  20:.\Generated_Source\PSoC4/isr_1.c **** #include <CyLib.h>
  21:.\Generated_Source\PSoC4/isr_1.c **** #include <isr_1.h>
  22:.\Generated_Source\PSoC4/isr_1.c **** #include "cyapicallbacks.h"
  23:.\Generated_Source\PSoC4/isr_1.c **** 
  24:.\Generated_Source\PSoC4/isr_1.c **** #if !defined(isr_1__REMOVED) /* Check for removal by optimization */
  25:.\Generated_Source\PSoC4/isr_1.c **** 
  26:.\Generated_Source\PSoC4/isr_1.c **** /*******************************************************************************
  27:.\Generated_Source\PSoC4/isr_1.c **** *  Place your includes, defines and code here 
  28:.\Generated_Source\PSoC4/isr_1.c **** ********************************************************************************/
  29:.\Generated_Source\PSoC4/isr_1.c **** /* `#START isr_1_intc` */
  30:.\Generated_Source\PSoC4/isr_1.c **** #include <LED_Blue.h>
  31:.\Generated_Source\PSoC4/isr_1.c **** #include <Pin_1.h>
  32:.\Generated_Source\PSoC4/isr_1.c **** uint16 count = 0;       //ford debugging
ARM GAS  C:\Users\sst5281\AppData\Local\Temp\ccrvTqxY.s 			page 2


  33:.\Generated_Source\PSoC4/isr_1.c **** /* `#END` */
  34:.\Generated_Source\PSoC4/isr_1.c **** 
  35:.\Generated_Source\PSoC4/isr_1.c **** extern cyisraddress CyRamVectors[CYINT_IRQ_BASE + CY_NUM_INTERRUPTS];
  36:.\Generated_Source\PSoC4/isr_1.c **** 
  37:.\Generated_Source\PSoC4/isr_1.c **** /* Declared in startup, used to set unused interrupts to. */
  38:.\Generated_Source\PSoC4/isr_1.c **** CY_ISR_PROTO(IntDefaultHandler);
  39:.\Generated_Source\PSoC4/isr_1.c **** 
  40:.\Generated_Source\PSoC4/isr_1.c **** 
  41:.\Generated_Source\PSoC4/isr_1.c **** /*******************************************************************************
  42:.\Generated_Source\PSoC4/isr_1.c **** * Function Name: isr_1_Start
  43:.\Generated_Source\PSoC4/isr_1.c **** ********************************************************************************
  44:.\Generated_Source\PSoC4/isr_1.c **** *
  45:.\Generated_Source\PSoC4/isr_1.c **** * Summary:
  46:.\Generated_Source\PSoC4/isr_1.c **** *  Set up the interrupt and enable it. This function disables the interrupt, 
  47:.\Generated_Source\PSoC4/isr_1.c **** *  sets the default interrupt vector, sets the priority from the value in the
  48:.\Generated_Source\PSoC4/isr_1.c **** *  Design Wide Resources Interrupt Editor, then enables the interrupt to the 
  49:.\Generated_Source\PSoC4/isr_1.c **** *  interrupt controller.
  50:.\Generated_Source\PSoC4/isr_1.c **** *
  51:.\Generated_Source\PSoC4/isr_1.c **** * Parameters:  
  52:.\Generated_Source\PSoC4/isr_1.c **** *   None
  53:.\Generated_Source\PSoC4/isr_1.c **** *
  54:.\Generated_Source\PSoC4/isr_1.c **** * Return:
  55:.\Generated_Source\PSoC4/isr_1.c **** *   None
  56:.\Generated_Source\PSoC4/isr_1.c **** *
  57:.\Generated_Source\PSoC4/isr_1.c **** *******************************************************************************/
  58:.\Generated_Source\PSoC4/isr_1.c **** void isr_1_Start(void)
  59:.\Generated_Source\PSoC4/isr_1.c **** {
  60:.\Generated_Source\PSoC4/isr_1.c ****     /* For all we know the interrupt is active. */
  61:.\Generated_Source\PSoC4/isr_1.c ****     isr_1_Disable();
  62:.\Generated_Source\PSoC4/isr_1.c **** 
  63:.\Generated_Source\PSoC4/isr_1.c ****     /* Set the ISR to point to the isr_1 Interrupt. */
  64:.\Generated_Source\PSoC4/isr_1.c ****     isr_1_SetVector(&isr_1_Interrupt);
  65:.\Generated_Source\PSoC4/isr_1.c **** 
  66:.\Generated_Source\PSoC4/isr_1.c ****     /* Set the priority. */
  67:.\Generated_Source\PSoC4/isr_1.c ****     isr_1_SetPriority((uint8)isr_1_INTC_PRIOR_NUMBER);
  68:.\Generated_Source\PSoC4/isr_1.c **** 
  69:.\Generated_Source\PSoC4/isr_1.c ****     /* Enable it. */
  70:.\Generated_Source\PSoC4/isr_1.c ****     isr_1_Enable();
  71:.\Generated_Source\PSoC4/isr_1.c **** }
  72:.\Generated_Source\PSoC4/isr_1.c **** 
  73:.\Generated_Source\PSoC4/isr_1.c **** 
  74:.\Generated_Source\PSoC4/isr_1.c **** /*******************************************************************************
  75:.\Generated_Source\PSoC4/isr_1.c **** * Function Name: isr_1_StartEx
  76:.\Generated_Source\PSoC4/isr_1.c **** ********************************************************************************
  77:.\Generated_Source\PSoC4/isr_1.c **** *
  78:.\Generated_Source\PSoC4/isr_1.c **** * Summary:
  79:.\Generated_Source\PSoC4/isr_1.c **** *  Sets up the interrupt and enables it. This function disables the interrupt,
  80:.\Generated_Source\PSoC4/isr_1.c **** *  sets the interrupt vector based on the address passed in, sets the priority 
  81:.\Generated_Source\PSoC4/isr_1.c **** *  from the value in the Design Wide Resources Interrupt Editor, then enables 
  82:.\Generated_Source\PSoC4/isr_1.c **** *  the interrupt to the interrupt controller.
  83:.\Generated_Source\PSoC4/isr_1.c **** *  
  84:.\Generated_Source\PSoC4/isr_1.c **** *  When defining ISR functions, the CY_ISR and CY_ISR_PROTO macros should be 
  85:.\Generated_Source\PSoC4/isr_1.c **** *  used to provide consistent definition across compilers:
  86:.\Generated_Source\PSoC4/isr_1.c **** *  
  87:.\Generated_Source\PSoC4/isr_1.c **** *  Function definition example:
  88:.\Generated_Source\PSoC4/isr_1.c **** *   CY_ISR(MyISR)
  89:.\Generated_Source\PSoC4/isr_1.c **** *   {
ARM GAS  C:\Users\sst5281\AppData\Local\Temp\ccrvTqxY.s 			page 3


  90:.\Generated_Source\PSoC4/isr_1.c **** *   }
  91:.\Generated_Source\PSoC4/isr_1.c **** *   Function prototype example:
  92:.\Generated_Source\PSoC4/isr_1.c **** *   CY_ISR_PROTO(MyISR);
  93:.\Generated_Source\PSoC4/isr_1.c **** *
  94:.\Generated_Source\PSoC4/isr_1.c **** * Parameters:  
  95:.\Generated_Source\PSoC4/isr_1.c **** *   address: Address of the ISR to set in the interrupt vector table.
  96:.\Generated_Source\PSoC4/isr_1.c **** *
  97:.\Generated_Source\PSoC4/isr_1.c **** * Return:
  98:.\Generated_Source\PSoC4/isr_1.c **** *   None
  99:.\Generated_Source\PSoC4/isr_1.c **** *
 100:.\Generated_Source\PSoC4/isr_1.c **** *******************************************************************************/
 101:.\Generated_Source\PSoC4/isr_1.c **** void isr_1_StartEx(cyisraddress address)
 102:.\Generated_Source\PSoC4/isr_1.c **** {
 103:.\Generated_Source\PSoC4/isr_1.c ****     /* For all we know the interrupt is active. */
 104:.\Generated_Source\PSoC4/isr_1.c ****     isr_1_Disable();
 105:.\Generated_Source\PSoC4/isr_1.c **** 
 106:.\Generated_Source\PSoC4/isr_1.c ****     /* Set the ISR to point to the isr_1 Interrupt. */
 107:.\Generated_Source\PSoC4/isr_1.c ****     isr_1_SetVector(address);
 108:.\Generated_Source\PSoC4/isr_1.c **** 
 109:.\Generated_Source\PSoC4/isr_1.c ****     /* Set the priority. */
 110:.\Generated_Source\PSoC4/isr_1.c ****     isr_1_SetPriority((uint8)isr_1_INTC_PRIOR_NUMBER);
 111:.\Generated_Source\PSoC4/isr_1.c **** 
 112:.\Generated_Source\PSoC4/isr_1.c ****     /* Enable it. */
 113:.\Generated_Source\PSoC4/isr_1.c ****     isr_1_Enable();
 114:.\Generated_Source\PSoC4/isr_1.c **** }
 115:.\Generated_Source\PSoC4/isr_1.c **** 
 116:.\Generated_Source\PSoC4/isr_1.c **** 
 117:.\Generated_Source\PSoC4/isr_1.c **** /*******************************************************************************
 118:.\Generated_Source\PSoC4/isr_1.c **** * Function Name: isr_1_Stop
 119:.\Generated_Source\PSoC4/isr_1.c **** ********************************************************************************
 120:.\Generated_Source\PSoC4/isr_1.c **** *
 121:.\Generated_Source\PSoC4/isr_1.c **** * Summary:
 122:.\Generated_Source\PSoC4/isr_1.c **** *   Disables and removes the interrupt.
 123:.\Generated_Source\PSoC4/isr_1.c **** *
 124:.\Generated_Source\PSoC4/isr_1.c **** * Parameters:  
 125:.\Generated_Source\PSoC4/isr_1.c **** *   None
 126:.\Generated_Source\PSoC4/isr_1.c **** *
 127:.\Generated_Source\PSoC4/isr_1.c **** * Return:
 128:.\Generated_Source\PSoC4/isr_1.c **** *   None
 129:.\Generated_Source\PSoC4/isr_1.c **** *
 130:.\Generated_Source\PSoC4/isr_1.c **** *******************************************************************************/
 131:.\Generated_Source\PSoC4/isr_1.c **** void isr_1_Stop(void)
 132:.\Generated_Source\PSoC4/isr_1.c **** {
 133:.\Generated_Source\PSoC4/isr_1.c ****     /* Disable this interrupt. */
 134:.\Generated_Source\PSoC4/isr_1.c ****     isr_1_Disable();
 135:.\Generated_Source\PSoC4/isr_1.c **** 
 136:.\Generated_Source\PSoC4/isr_1.c ****     /* Set the ISR to point to the passive one. */
 137:.\Generated_Source\PSoC4/isr_1.c ****     isr_1_SetVector(&IntDefaultHandler);
 138:.\Generated_Source\PSoC4/isr_1.c **** }
 139:.\Generated_Source\PSoC4/isr_1.c **** 
 140:.\Generated_Source\PSoC4/isr_1.c **** 
 141:.\Generated_Source\PSoC4/isr_1.c **** /*******************************************************************************
 142:.\Generated_Source\PSoC4/isr_1.c **** * Function Name: isr_1_Interrupt
 143:.\Generated_Source\PSoC4/isr_1.c **** ********************************************************************************
 144:.\Generated_Source\PSoC4/isr_1.c **** *
 145:.\Generated_Source\PSoC4/isr_1.c **** * Summary:
 146:.\Generated_Source\PSoC4/isr_1.c **** *   The default Interrupt Service Routine for isr_1.
ARM GAS  C:\Users\sst5281\AppData\Local\Temp\ccrvTqxY.s 			page 4


 147:.\Generated_Source\PSoC4/isr_1.c **** *
 148:.\Generated_Source\PSoC4/isr_1.c **** *   Add custom code between the START and END comments to keep the next version
 149:.\Generated_Source\PSoC4/isr_1.c **** *   of this file from over-writing your code.
 150:.\Generated_Source\PSoC4/isr_1.c **** *
 151:.\Generated_Source\PSoC4/isr_1.c **** *   Note You may use either the default ISR by using this API, or you may define
 152:.\Generated_Source\PSoC4/isr_1.c **** *   your own separate ISR through ISR_StartEx().
 153:.\Generated_Source\PSoC4/isr_1.c **** *
 154:.\Generated_Source\PSoC4/isr_1.c **** * Parameters:  
 155:.\Generated_Source\PSoC4/isr_1.c **** *   None
 156:.\Generated_Source\PSoC4/isr_1.c **** *
 157:.\Generated_Source\PSoC4/isr_1.c **** * Return:
 158:.\Generated_Source\PSoC4/isr_1.c **** *   None
 159:.\Generated_Source\PSoC4/isr_1.c **** *
 160:.\Generated_Source\PSoC4/isr_1.c **** *******************************************************************************/
 161:.\Generated_Source\PSoC4/isr_1.c **** CY_ISR(isr_1_Interrupt)
 162:.\Generated_Source\PSoC4/isr_1.c **** {
  26              		.loc 1 162 0
  27              		.cfi_startproc
  28 0000 08B5     		push	{r3, lr}
  29              		.cfi_def_cfa_offset 8
  30              		.cfi_offset 3, -8
  31              		.cfi_offset 14, -4
 163:.\Generated_Source\PSoC4/isr_1.c ****     #ifdef isr_1_INTERRUPT_INTERRUPT_CALLBACK
 164:.\Generated_Source\PSoC4/isr_1.c ****         isr_1_Interrupt_InterruptCallback();
 165:.\Generated_Source\PSoC4/isr_1.c ****     #endif /* isr_1_INTERRUPT_INTERRUPT_CALLBACK */ 
 166:.\Generated_Source\PSoC4/isr_1.c **** 
 167:.\Generated_Source\PSoC4/isr_1.c ****     /*  Place your Interrupt code here. */
 168:.\Generated_Source\PSoC4/isr_1.c ****     /* `#START isr_1_Interrupt` */
 169:.\Generated_Source\PSoC4/isr_1.c ****     
 170:.\Generated_Source\PSoC4/isr_1.c ****     if ( LED_Blue_Read()==1) LED_Blue_Write(0);
  32              		.loc 1 170 0
  33 0002 FFF7FEFF 		bl	LED_Blue_Read
  34              	.LVL0:
  35 0006 0128     		cmp	r0, #1
  36 0008 03D1     		bne	.L2
  37              		.loc 1 170 0 is_stmt 0 discriminator 1
  38 000a 0020     		mov	r0, #0
  39 000c FFF7FEFF 		bl	LED_Blue_Write
  40              	.LVL1:
  41 0010 02E0     		b	.L3
  42              	.L2:
 171:.\Generated_Source\PSoC4/isr_1.c ****     else LED_Blue_Write(1);
  43              		.loc 1 171 0 is_stmt 1
  44 0012 0120     		mov	r0, #1
  45 0014 FFF7FEFF 		bl	LED_Blue_Write
  46              	.LVL2:
  47              	.L3:
 172:.\Generated_Source\PSoC4/isr_1.c ****     
 173:.\Generated_Source\PSoC4/isr_1.c ****     count++;
  48              		.loc 1 173 0
  49 0018 034A     		ldr	r2, .L4
  50 001a 1388     		ldrh	r3, [r2]
  51 001c 0133     		add	r3, r3, #1
  52 001e 1380     		strh	r3, [r2]
 174:.\Generated_Source\PSoC4/isr_1.c ****     
 175:.\Generated_Source\PSoC4/isr_1.c ****     //isr_1_Disable();
 176:.\Generated_Source\PSoC4/isr_1.c ****     Pin_1_ClearInterrupt();
ARM GAS  C:\Users\sst5281\AppData\Local\Temp\ccrvTqxY.s 			page 5


  53              		.loc 1 176 0
  54 0020 FFF7FEFF 		bl	Pin_1_ClearInterrupt
  55              	.LVL3:
 177:.\Generated_Source\PSoC4/isr_1.c ****     /* `#END` */
 178:.\Generated_Source\PSoC4/isr_1.c **** }
  56              		.loc 1 178 0
  57              		@ sp needed
  58 0024 08BD     		pop	{r3, pc}
  59              	.L5:
  60 0026 C046     		.align	2
  61              	.L4:
  62 0028 00000000 		.word	.LANCHOR0
  63              		.cfi_endproc
  64              	.LFE5:
  65              		.size	isr_1_Interrupt, .-isr_1_Interrupt
  66              		.section	.text.isr_1_SetVector,"ax",%progbits
  67              		.align	2
  68              		.global	isr_1_SetVector
  69              		.code	16
  70              		.thumb_func
  71              		.type	isr_1_SetVector, %function
  72              	isr_1_SetVector:
  73              	.LFB6:
 179:.\Generated_Source\PSoC4/isr_1.c **** 
 180:.\Generated_Source\PSoC4/isr_1.c **** 
 181:.\Generated_Source\PSoC4/isr_1.c **** /*******************************************************************************
 182:.\Generated_Source\PSoC4/isr_1.c **** * Function Name: isr_1_SetVector
 183:.\Generated_Source\PSoC4/isr_1.c **** ********************************************************************************
 184:.\Generated_Source\PSoC4/isr_1.c **** *
 185:.\Generated_Source\PSoC4/isr_1.c **** * Summary:
 186:.\Generated_Source\PSoC4/isr_1.c **** *   Change the ISR vector for the Interrupt. Note calling isr_1_Start
 187:.\Generated_Source\PSoC4/isr_1.c **** *   will override any effect this method would have had. To set the vector 
 188:.\Generated_Source\PSoC4/isr_1.c **** *   before the component has been started use isr_1_StartEx instead.
 189:.\Generated_Source\PSoC4/isr_1.c **** * 
 190:.\Generated_Source\PSoC4/isr_1.c **** *   When defining ISR functions, the CY_ISR and CY_ISR_PROTO macros should be 
 191:.\Generated_Source\PSoC4/isr_1.c **** *   used to provide consistent definition across compilers:
 192:.\Generated_Source\PSoC4/isr_1.c **** *
 193:.\Generated_Source\PSoC4/isr_1.c **** *   Function definition example:
 194:.\Generated_Source\PSoC4/isr_1.c **** *   CY_ISR(MyISR)
 195:.\Generated_Source\PSoC4/isr_1.c **** *   {
 196:.\Generated_Source\PSoC4/isr_1.c **** *   }
 197:.\Generated_Source\PSoC4/isr_1.c **** *
 198:.\Generated_Source\PSoC4/isr_1.c **** *   Function prototype example:
 199:.\Generated_Source\PSoC4/isr_1.c **** *     CY_ISR_PROTO(MyISR);
 200:.\Generated_Source\PSoC4/isr_1.c **** *
 201:.\Generated_Source\PSoC4/isr_1.c **** * Parameters:
 202:.\Generated_Source\PSoC4/isr_1.c **** *   address: Address of the ISR to set in the interrupt vector table.
 203:.\Generated_Source\PSoC4/isr_1.c **** *
 204:.\Generated_Source\PSoC4/isr_1.c **** * Return:
 205:.\Generated_Source\PSoC4/isr_1.c **** *   None
 206:.\Generated_Source\PSoC4/isr_1.c **** *
 207:.\Generated_Source\PSoC4/isr_1.c **** *******************************************************************************/
 208:.\Generated_Source\PSoC4/isr_1.c **** void isr_1_SetVector(cyisraddress address)
 209:.\Generated_Source\PSoC4/isr_1.c **** {
  74              		.loc 1 209 0
  75              		.cfi_startproc
  76              	.LVL4:
ARM GAS  C:\Users\sst5281\AppData\Local\Temp\ccrvTqxY.s 			page 6


 210:.\Generated_Source\PSoC4/isr_1.c ****     CyRamVectors[CYINT_IRQ_BASE + isr_1__INTC_NUMBER] = address;
  77              		.loc 1 210 0
  78 0000 014B     		ldr	r3, .L7
  79 0002 9864     		str	r0, [r3, #72]
 211:.\Generated_Source\PSoC4/isr_1.c **** }
  80              		.loc 1 211 0
  81              		@ sp needed
  82 0004 7047     		bx	lr
  83              	.L8:
  84 0006 C046     		.align	2
  85              	.L7:
  86 0008 00000000 		.word	CyRamVectors
  87              		.cfi_endproc
  88              	.LFE6:
  89              		.size	isr_1_SetVector, .-isr_1_SetVector
  90              		.section	.text.isr_1_GetVector,"ax",%progbits
  91              		.align	2
  92              		.global	isr_1_GetVector
  93              		.code	16
  94              		.thumb_func
  95              		.type	isr_1_GetVector, %function
  96              	isr_1_GetVector:
  97              	.LFB7:
 212:.\Generated_Source\PSoC4/isr_1.c **** 
 213:.\Generated_Source\PSoC4/isr_1.c **** 
 214:.\Generated_Source\PSoC4/isr_1.c **** /*******************************************************************************
 215:.\Generated_Source\PSoC4/isr_1.c **** * Function Name: isr_1_GetVector
 216:.\Generated_Source\PSoC4/isr_1.c **** ********************************************************************************
 217:.\Generated_Source\PSoC4/isr_1.c **** *
 218:.\Generated_Source\PSoC4/isr_1.c **** * Summary:
 219:.\Generated_Source\PSoC4/isr_1.c **** *   Gets the "address" of the current ISR vector for the Interrupt.
 220:.\Generated_Source\PSoC4/isr_1.c **** *
 221:.\Generated_Source\PSoC4/isr_1.c **** * Parameters:
 222:.\Generated_Source\PSoC4/isr_1.c **** *   None
 223:.\Generated_Source\PSoC4/isr_1.c **** *
 224:.\Generated_Source\PSoC4/isr_1.c **** * Return:
 225:.\Generated_Source\PSoC4/isr_1.c **** *   Address of the ISR in the interrupt vector table.
 226:.\Generated_Source\PSoC4/isr_1.c **** *
 227:.\Generated_Source\PSoC4/isr_1.c **** *******************************************************************************/
 228:.\Generated_Source\PSoC4/isr_1.c **** cyisraddress isr_1_GetVector(void)
 229:.\Generated_Source\PSoC4/isr_1.c **** {
  98              		.loc 1 229 0
  99              		.cfi_startproc
 230:.\Generated_Source\PSoC4/isr_1.c ****     return CyRamVectors[CYINT_IRQ_BASE + isr_1__INTC_NUMBER];
 100              		.loc 1 230 0
 101 0000 014B     		ldr	r3, .L10
 102 0002 986C     		ldr	r0, [r3, #72]
 231:.\Generated_Source\PSoC4/isr_1.c **** }
 103              		.loc 1 231 0
 104              		@ sp needed
 105 0004 7047     		bx	lr
 106              	.L11:
 107 0006 C046     		.align	2
 108              	.L10:
 109 0008 00000000 		.word	CyRamVectors
 110              		.cfi_endproc
 111              	.LFE7:
ARM GAS  C:\Users\sst5281\AppData\Local\Temp\ccrvTqxY.s 			page 7


 112              		.size	isr_1_GetVector, .-isr_1_GetVector
 113              		.section	.text.isr_1_SetPriority,"ax",%progbits
 114              		.align	2
 115              		.global	isr_1_SetPriority
 116              		.code	16
 117              		.thumb_func
 118              		.type	isr_1_SetPriority, %function
 119              	isr_1_SetPriority:
 120              	.LFB8:
 232:.\Generated_Source\PSoC4/isr_1.c **** 
 233:.\Generated_Source\PSoC4/isr_1.c **** 
 234:.\Generated_Source\PSoC4/isr_1.c **** /*******************************************************************************
 235:.\Generated_Source\PSoC4/isr_1.c **** * Function Name: isr_1_SetPriority
 236:.\Generated_Source\PSoC4/isr_1.c **** ********************************************************************************
 237:.\Generated_Source\PSoC4/isr_1.c **** *
 238:.\Generated_Source\PSoC4/isr_1.c **** * Summary:
 239:.\Generated_Source\PSoC4/isr_1.c **** *   Sets the Priority of the Interrupt. 
 240:.\Generated_Source\PSoC4/isr_1.c **** *
 241:.\Generated_Source\PSoC4/isr_1.c **** *   Note calling isr_1_Start or isr_1_StartEx will 
 242:.\Generated_Source\PSoC4/isr_1.c **** *   override any effect this API would have had. This API should only be called
 243:.\Generated_Source\PSoC4/isr_1.c **** *   after isr_1_Start or isr_1_StartEx has been called. 
 244:.\Generated_Source\PSoC4/isr_1.c **** *   To set the initial priority for the component, use the Design-Wide Resources
 245:.\Generated_Source\PSoC4/isr_1.c **** *   Interrupt Editor.
 246:.\Generated_Source\PSoC4/isr_1.c **** *
 247:.\Generated_Source\PSoC4/isr_1.c **** *   Note This API has no effect on Non-maskable interrupt NMI).
 248:.\Generated_Source\PSoC4/isr_1.c **** *
 249:.\Generated_Source\PSoC4/isr_1.c **** * Parameters:
 250:.\Generated_Source\PSoC4/isr_1.c **** *   priority: Priority of the interrupt, 0 being the highest priority
 251:.\Generated_Source\PSoC4/isr_1.c **** *             PSoC 3 and PSoC 5LP: Priority is from 0 to 7.
 252:.\Generated_Source\PSoC4/isr_1.c **** *             PSoC 4: Priority is from 0 to 3.
 253:.\Generated_Source\PSoC4/isr_1.c **** *
 254:.\Generated_Source\PSoC4/isr_1.c **** * Return:
 255:.\Generated_Source\PSoC4/isr_1.c **** *   None
 256:.\Generated_Source\PSoC4/isr_1.c **** *
 257:.\Generated_Source\PSoC4/isr_1.c **** *******************************************************************************/
 258:.\Generated_Source\PSoC4/isr_1.c **** void isr_1_SetPriority(uint8 priority)
 259:.\Generated_Source\PSoC4/isr_1.c **** {
 121              		.loc 1 259 0
 122              		.cfi_startproc
 123              	.LVL5:
 124 0000 10B5     		push	{r4, lr}
 125              		.cfi_def_cfa_offset 8
 126              		.cfi_offset 4, -8
 127              		.cfi_offset 14, -4
 128 0002 041C     		mov	r4, r0
 129              	.LVL6:
 260:.\Generated_Source\PSoC4/isr_1.c **** 	uint8 interruptState;
 261:.\Generated_Source\PSoC4/isr_1.c ****     uint32 priorityOffset = ((isr_1__INTC_NUMBER % 4u) * 8u) + 6u;
 262:.\Generated_Source\PSoC4/isr_1.c ****     
 263:.\Generated_Source\PSoC4/isr_1.c **** 	interruptState = CyEnterCriticalSection();
 130              		.loc 1 263 0
 131 0004 FFF7FEFF 		bl	CyEnterCriticalSection
 132              	.LVL7:
 264:.\Generated_Source\PSoC4/isr_1.c ****     *isr_1_INTC_PRIOR = (*isr_1_INTC_PRIOR & (uint32)(~isr_1__INTC_PRIOR_MASK)) |
 133              		.loc 1 264 0
 134 0008 044A     		ldr	r2, .L13
 135 000a 1168     		ldr	r1, [r2]
ARM GAS  C:\Users\sst5281\AppData\Local\Temp\ccrvTqxY.s 			page 8


 136 000c 044B     		ldr	r3, .L13+4
 137 000e 0B40     		and	r3, r1
 265:.\Generated_Source\PSoC4/isr_1.c ****                                     ((uint32)priority << priorityOffset);
 138              		.loc 1 265 0
 139 0010 A405     		lsl	r4, r4, #22
 264:.\Generated_Source\PSoC4/isr_1.c ****     *isr_1_INTC_PRIOR = (*isr_1_INTC_PRIOR & (uint32)(~isr_1__INTC_PRIOR_MASK)) |
 140              		.loc 1 264 0
 141 0012 1C43     		orr	r4, r3
 142 0014 1460     		str	r4, [r2]
 266:.\Generated_Source\PSoC4/isr_1.c **** 	CyExitCriticalSection(interruptState);
 143              		.loc 1 266 0
 144 0016 FFF7FEFF 		bl	CyExitCriticalSection
 145              	.LVL8:
 267:.\Generated_Source\PSoC4/isr_1.c **** }
 146              		.loc 1 267 0
 147              		@ sp needed
 148 001a 10BD     		pop	{r4, pc}
 149              	.L14:
 150              		.align	2
 151              	.L13:
 152 001c 00E400E0 		.word	-536812544
 153 0020 FFFF3FFF 		.word	-12582913
 154              		.cfi_endproc
 155              	.LFE8:
 156              		.size	isr_1_SetPriority, .-isr_1_SetPriority
 157              		.section	.text.isr_1_GetPriority,"ax",%progbits
 158              		.align	2
 159              		.global	isr_1_GetPriority
 160              		.code	16
 161              		.thumb_func
 162              		.type	isr_1_GetPriority, %function
 163              	isr_1_GetPriority:
 164              	.LFB9:
 268:.\Generated_Source\PSoC4/isr_1.c **** 
 269:.\Generated_Source\PSoC4/isr_1.c **** 
 270:.\Generated_Source\PSoC4/isr_1.c **** /*******************************************************************************
 271:.\Generated_Source\PSoC4/isr_1.c **** * Function Name: isr_1_GetPriority
 272:.\Generated_Source\PSoC4/isr_1.c **** ********************************************************************************
 273:.\Generated_Source\PSoC4/isr_1.c **** *
 274:.\Generated_Source\PSoC4/isr_1.c **** * Summary:
 275:.\Generated_Source\PSoC4/isr_1.c **** *   Gets the Priority of the Interrupt.
 276:.\Generated_Source\PSoC4/isr_1.c **** *
 277:.\Generated_Source\PSoC4/isr_1.c **** * Parameters:
 278:.\Generated_Source\PSoC4/isr_1.c **** *   None
 279:.\Generated_Source\PSoC4/isr_1.c **** *
 280:.\Generated_Source\PSoC4/isr_1.c **** * Return:
 281:.\Generated_Source\PSoC4/isr_1.c **** *   Priority of the interrupt, 0 being the highest priority
 282:.\Generated_Source\PSoC4/isr_1.c **** *    PSoC 3 and PSoC 5LP: Priority is from 0 to 7.
 283:.\Generated_Source\PSoC4/isr_1.c **** *    PSoC 4: Priority is from 0 to 3.
 284:.\Generated_Source\PSoC4/isr_1.c **** *
 285:.\Generated_Source\PSoC4/isr_1.c **** *******************************************************************************/
 286:.\Generated_Source\PSoC4/isr_1.c **** uint8 isr_1_GetPriority(void)
 287:.\Generated_Source\PSoC4/isr_1.c **** {
 165              		.loc 1 287 0
 166              		.cfi_startproc
 167              	.LVL9:
 288:.\Generated_Source\PSoC4/isr_1.c ****     uint32 priority;
ARM GAS  C:\Users\sst5281\AppData\Local\Temp\ccrvTqxY.s 			page 9


 289:.\Generated_Source\PSoC4/isr_1.c **** 	uint32 priorityOffset = ((isr_1__INTC_NUMBER % 4u) * 8u) + 6u;
 290:.\Generated_Source\PSoC4/isr_1.c **** 
 291:.\Generated_Source\PSoC4/isr_1.c ****     priority = (*isr_1_INTC_PRIOR & isr_1__INTC_PRIOR_MASK) >> priorityOffset;
 168              		.loc 1 291 0
 169 0000 024B     		ldr	r3, .L16
 170 0002 1868     		ldr	r0, [r3]
 171 0004 0002     		lsl	r0, r0, #8
 172              	.LVL10:
 292:.\Generated_Source\PSoC4/isr_1.c **** 
 293:.\Generated_Source\PSoC4/isr_1.c ****     return (uint8)priority;
 173              		.loc 1 293 0
 174 0006 800F     		lsr	r0, r0, #30
 175              	.LVL11:
 294:.\Generated_Source\PSoC4/isr_1.c **** }
 176              		.loc 1 294 0
 177              		@ sp needed
 178 0008 7047     		bx	lr
 179              	.L17:
 180 000a C046     		.align	2
 181              	.L16:
 182 000c 00E400E0 		.word	-536812544
 183              		.cfi_endproc
 184              	.LFE9:
 185              		.size	isr_1_GetPriority, .-isr_1_GetPriority
 186              		.section	.text.isr_1_Enable,"ax",%progbits
 187              		.align	2
 188              		.global	isr_1_Enable
 189              		.code	16
 190              		.thumb_func
 191              		.type	isr_1_Enable, %function
 192              	isr_1_Enable:
 193              	.LFB10:
 295:.\Generated_Source\PSoC4/isr_1.c **** 
 296:.\Generated_Source\PSoC4/isr_1.c **** 
 297:.\Generated_Source\PSoC4/isr_1.c **** /*******************************************************************************
 298:.\Generated_Source\PSoC4/isr_1.c **** * Function Name: isr_1_Enable
 299:.\Generated_Source\PSoC4/isr_1.c **** ********************************************************************************
 300:.\Generated_Source\PSoC4/isr_1.c **** *
 301:.\Generated_Source\PSoC4/isr_1.c **** * Summary:
 302:.\Generated_Source\PSoC4/isr_1.c **** *   Enables the interrupt to the interrupt controller. Do not call this function
 303:.\Generated_Source\PSoC4/isr_1.c **** *   unless ISR_Start() has been called or the functionality of the ISR_Start() 
 304:.\Generated_Source\PSoC4/isr_1.c **** *   function, which sets the vector and the priority, has been called.
 305:.\Generated_Source\PSoC4/isr_1.c **** *
 306:.\Generated_Source\PSoC4/isr_1.c **** * Parameters:
 307:.\Generated_Source\PSoC4/isr_1.c **** *   None
 308:.\Generated_Source\PSoC4/isr_1.c **** *
 309:.\Generated_Source\PSoC4/isr_1.c **** * Return:
 310:.\Generated_Source\PSoC4/isr_1.c **** *   None
 311:.\Generated_Source\PSoC4/isr_1.c **** *
 312:.\Generated_Source\PSoC4/isr_1.c **** *******************************************************************************/
 313:.\Generated_Source\PSoC4/isr_1.c **** void isr_1_Enable(void)
 314:.\Generated_Source\PSoC4/isr_1.c **** {
 194              		.loc 1 314 0
 195              		.cfi_startproc
 315:.\Generated_Source\PSoC4/isr_1.c ****     /* Enable the general interrupt. */
 316:.\Generated_Source\PSoC4/isr_1.c ****     *isr_1_INTC_SET_EN = isr_1__INTC_MASK;
 196              		.loc 1 316 0
ARM GAS  C:\Users\sst5281\AppData\Local\Temp\ccrvTqxY.s 			page 10


 197 0000 0422     		mov	r2, #4
 198 0002 014B     		ldr	r3, .L19
 199 0004 1A60     		str	r2, [r3]
 317:.\Generated_Source\PSoC4/isr_1.c **** }
 200              		.loc 1 317 0
 201              		@ sp needed
 202 0006 7047     		bx	lr
 203              	.L20:
 204              		.align	2
 205              	.L19:
 206 0008 00E100E0 		.word	-536813312
 207              		.cfi_endproc
 208              	.LFE10:
 209              		.size	isr_1_Enable, .-isr_1_Enable
 210              		.section	.text.isr_1_GetState,"ax",%progbits
 211              		.align	2
 212              		.global	isr_1_GetState
 213              		.code	16
 214              		.thumb_func
 215              		.type	isr_1_GetState, %function
 216              	isr_1_GetState:
 217              	.LFB11:
 318:.\Generated_Source\PSoC4/isr_1.c **** 
 319:.\Generated_Source\PSoC4/isr_1.c **** 
 320:.\Generated_Source\PSoC4/isr_1.c **** /*******************************************************************************
 321:.\Generated_Source\PSoC4/isr_1.c **** * Function Name: isr_1_GetState
 322:.\Generated_Source\PSoC4/isr_1.c **** ********************************************************************************
 323:.\Generated_Source\PSoC4/isr_1.c **** *
 324:.\Generated_Source\PSoC4/isr_1.c **** * Summary:
 325:.\Generated_Source\PSoC4/isr_1.c **** *   Gets the state (enabled, disabled) of the Interrupt.
 326:.\Generated_Source\PSoC4/isr_1.c **** *
 327:.\Generated_Source\PSoC4/isr_1.c **** * Parameters:
 328:.\Generated_Source\PSoC4/isr_1.c **** *   None
 329:.\Generated_Source\PSoC4/isr_1.c **** *
 330:.\Generated_Source\PSoC4/isr_1.c **** * Return:
 331:.\Generated_Source\PSoC4/isr_1.c **** *   1 if enabled, 0 if disabled.
 332:.\Generated_Source\PSoC4/isr_1.c **** *
 333:.\Generated_Source\PSoC4/isr_1.c **** *******************************************************************************/
 334:.\Generated_Source\PSoC4/isr_1.c **** uint8 isr_1_GetState(void)
 335:.\Generated_Source\PSoC4/isr_1.c **** {
 218              		.loc 1 335 0
 219              		.cfi_startproc
 336:.\Generated_Source\PSoC4/isr_1.c ****     /* Get the state of the general interrupt. */
 337:.\Generated_Source\PSoC4/isr_1.c ****     return ((*isr_1_INTC_SET_EN & (uint32)isr_1__INTC_MASK) != 0u) ? 1u:0u;
 220              		.loc 1 337 0
 221 0000 034B     		ldr	r3, .L24
 222 0002 1B68     		ldr	r3, [r3]
 223 0004 5B07     		lsl	r3, r3, #29
 224 0006 01D5     		bpl	.L23
 225 0008 0120     		mov	r0, #1
 226 000a 00E0     		b	.L22
 227              	.L23:
 228 000c 0020     		mov	r0, #0
 229              	.L22:
 338:.\Generated_Source\PSoC4/isr_1.c **** }
 230              		.loc 1 338 0 discriminator 4
 231              		@ sp needed
ARM GAS  C:\Users\sst5281\AppData\Local\Temp\ccrvTqxY.s 			page 11


 232 000e 7047     		bx	lr
 233              	.L25:
 234              		.align	2
 235              	.L24:
 236 0010 00E100E0 		.word	-536813312
 237              		.cfi_endproc
 238              	.LFE11:
 239              		.size	isr_1_GetState, .-isr_1_GetState
 240              		.section	.text.isr_1_Disable,"ax",%progbits
 241              		.align	2
 242              		.global	isr_1_Disable
 243              		.code	16
 244              		.thumb_func
 245              		.type	isr_1_Disable, %function
 246              	isr_1_Disable:
 247              	.LFB12:
 339:.\Generated_Source\PSoC4/isr_1.c **** 
 340:.\Generated_Source\PSoC4/isr_1.c **** 
 341:.\Generated_Source\PSoC4/isr_1.c **** /*******************************************************************************
 342:.\Generated_Source\PSoC4/isr_1.c **** * Function Name: isr_1_Disable
 343:.\Generated_Source\PSoC4/isr_1.c **** ********************************************************************************
 344:.\Generated_Source\PSoC4/isr_1.c **** *
 345:.\Generated_Source\PSoC4/isr_1.c **** * Summary:
 346:.\Generated_Source\PSoC4/isr_1.c **** *   Disables the Interrupt in the interrupt controller.
 347:.\Generated_Source\PSoC4/isr_1.c **** *
 348:.\Generated_Source\PSoC4/isr_1.c **** * Parameters:
 349:.\Generated_Source\PSoC4/isr_1.c **** *   None
 350:.\Generated_Source\PSoC4/isr_1.c **** *
 351:.\Generated_Source\PSoC4/isr_1.c **** * Return:
 352:.\Generated_Source\PSoC4/isr_1.c **** *   None
 353:.\Generated_Source\PSoC4/isr_1.c **** *
 354:.\Generated_Source\PSoC4/isr_1.c **** *******************************************************************************/
 355:.\Generated_Source\PSoC4/isr_1.c **** void isr_1_Disable(void)
 356:.\Generated_Source\PSoC4/isr_1.c **** {
 248              		.loc 1 356 0
 249              		.cfi_startproc
 357:.\Generated_Source\PSoC4/isr_1.c ****     /* Disable the general interrupt. */
 358:.\Generated_Source\PSoC4/isr_1.c ****     *isr_1_INTC_CLR_EN = isr_1__INTC_MASK;
 250              		.loc 1 358 0
 251 0000 0422     		mov	r2, #4
 252 0002 014B     		ldr	r3, .L27
 253 0004 1A60     		str	r2, [r3]
 359:.\Generated_Source\PSoC4/isr_1.c **** }
 254              		.loc 1 359 0
 255              		@ sp needed
 256 0006 7047     		bx	lr
 257              	.L28:
 258              		.align	2
 259              	.L27:
 260 0008 80E100E0 		.word	-536813184
 261              		.cfi_endproc
 262              	.LFE12:
 263              		.size	isr_1_Disable, .-isr_1_Disable
 264              		.section	.text.isr_1_Start,"ax",%progbits
 265              		.align	2
 266              		.global	isr_1_Start
 267              		.code	16
ARM GAS  C:\Users\sst5281\AppData\Local\Temp\ccrvTqxY.s 			page 12


 268              		.thumb_func
 269              		.type	isr_1_Start, %function
 270              	isr_1_Start:
 271              	.LFB2:
  59:.\Generated_Source\PSoC4/isr_1.c ****     /* For all we know the interrupt is active. */
 272              		.loc 1 59 0
 273              		.cfi_startproc
 274 0000 08B5     		push	{r3, lr}
 275              		.cfi_def_cfa_offset 8
 276              		.cfi_offset 3, -8
 277              		.cfi_offset 14, -4
  61:.\Generated_Source\PSoC4/isr_1.c **** 
 278              		.loc 1 61 0
 279 0002 FFF7FEFF 		bl	isr_1_Disable
 280              	.LVL12:
  64:.\Generated_Source\PSoC4/isr_1.c **** 
 281              		.loc 1 64 0
 282 0006 0448     		ldr	r0, .L30
 283 0008 FFF7FEFF 		bl	isr_1_SetVector
 284              	.LVL13:
  67:.\Generated_Source\PSoC4/isr_1.c **** 
 285              		.loc 1 67 0
 286 000c 0320     		mov	r0, #3
 287 000e FFF7FEFF 		bl	isr_1_SetPriority
 288              	.LVL14:
  70:.\Generated_Source\PSoC4/isr_1.c **** }
 289              		.loc 1 70 0
 290 0012 FFF7FEFF 		bl	isr_1_Enable
 291              	.LVL15:
  71:.\Generated_Source\PSoC4/isr_1.c **** 
 292              		.loc 1 71 0
 293              		@ sp needed
 294 0016 08BD     		pop	{r3, pc}
 295              	.L31:
 296              		.align	2
 297              	.L30:
 298 0018 00000000 		.word	isr_1_Interrupt
 299              		.cfi_endproc
 300              	.LFE2:
 301              		.size	isr_1_Start, .-isr_1_Start
 302              		.section	.text.isr_1_StartEx,"ax",%progbits
 303              		.align	2
 304              		.global	isr_1_StartEx
 305              		.code	16
 306              		.thumb_func
 307              		.type	isr_1_StartEx, %function
 308              	isr_1_StartEx:
 309              	.LFB3:
 102:.\Generated_Source\PSoC4/isr_1.c ****     /* For all we know the interrupt is active. */
 310              		.loc 1 102 0
 311              		.cfi_startproc
 312              	.LVL16:
 313 0000 10B5     		push	{r4, lr}
 314              		.cfi_def_cfa_offset 8
 315              		.cfi_offset 4, -8
 316              		.cfi_offset 14, -4
 317 0002 041C     		mov	r4, r0
ARM GAS  C:\Users\sst5281\AppData\Local\Temp\ccrvTqxY.s 			page 13


 104:.\Generated_Source\PSoC4/isr_1.c **** 
 318              		.loc 1 104 0
 319 0004 FFF7FEFF 		bl	isr_1_Disable
 320              	.LVL17:
 107:.\Generated_Source\PSoC4/isr_1.c **** 
 321              		.loc 1 107 0
 322 0008 201C     		mov	r0, r4
 323 000a FFF7FEFF 		bl	isr_1_SetVector
 324              	.LVL18:
 110:.\Generated_Source\PSoC4/isr_1.c **** 
 325              		.loc 1 110 0
 326 000e 0320     		mov	r0, #3
 327 0010 FFF7FEFF 		bl	isr_1_SetPriority
 328              	.LVL19:
 113:.\Generated_Source\PSoC4/isr_1.c **** }
 329              		.loc 1 113 0
 330 0014 FFF7FEFF 		bl	isr_1_Enable
 331              	.LVL20:
 114:.\Generated_Source\PSoC4/isr_1.c **** 
 332              		.loc 1 114 0
 333              		@ sp needed
 334              	.LVL21:
 335 0018 10BD     		pop	{r4, pc}
 336              		.cfi_endproc
 337              	.LFE3:
 338              		.size	isr_1_StartEx, .-isr_1_StartEx
 339 001a C046     		.section	.text.isr_1_Stop,"ax",%progbits
 340              		.align	2
 341              		.global	isr_1_Stop
 342              		.code	16
 343              		.thumb_func
 344              		.type	isr_1_Stop, %function
 345              	isr_1_Stop:
 346              	.LFB4:
 132:.\Generated_Source\PSoC4/isr_1.c ****     /* Disable this interrupt. */
 347              		.loc 1 132 0
 348              		.cfi_startproc
 349 0000 08B5     		push	{r3, lr}
 350              		.cfi_def_cfa_offset 8
 351              		.cfi_offset 3, -8
 352              		.cfi_offset 14, -4
 134:.\Generated_Source\PSoC4/isr_1.c **** 
 353              		.loc 1 134 0
 354 0002 FFF7FEFF 		bl	isr_1_Disable
 355              	.LVL22:
 137:.\Generated_Source\PSoC4/isr_1.c **** }
 356              		.loc 1 137 0
 357 0006 0248     		ldr	r0, .L34
 358 0008 FFF7FEFF 		bl	isr_1_SetVector
 359              	.LVL23:
 138:.\Generated_Source\PSoC4/isr_1.c **** 
 360              		.loc 1 138 0
 361              		@ sp needed
 362 000c 08BD     		pop	{r3, pc}
 363              	.L35:
 364 000e C046     		.align	2
 365              	.L34:
ARM GAS  C:\Users\sst5281\AppData\Local\Temp\ccrvTqxY.s 			page 14


 366 0010 00000000 		.word	IntDefaultHandler
 367              		.cfi_endproc
 368              	.LFE4:
 369              		.size	isr_1_Stop, .-isr_1_Stop
 370              		.section	.text.isr_1_SetPending,"ax",%progbits
 371              		.align	2
 372              		.global	isr_1_SetPending
 373              		.code	16
 374              		.thumb_func
 375              		.type	isr_1_SetPending, %function
 376              	isr_1_SetPending:
 377              	.LFB13:
 360:.\Generated_Source\PSoC4/isr_1.c **** 
 361:.\Generated_Source\PSoC4/isr_1.c **** 
 362:.\Generated_Source\PSoC4/isr_1.c **** /*******************************************************************************
 363:.\Generated_Source\PSoC4/isr_1.c **** * Function Name: isr_1_SetPending
 364:.\Generated_Source\PSoC4/isr_1.c **** ********************************************************************************
 365:.\Generated_Source\PSoC4/isr_1.c **** *
 366:.\Generated_Source\PSoC4/isr_1.c **** * Summary:
 367:.\Generated_Source\PSoC4/isr_1.c **** *   Causes the Interrupt to enter the pending state, a software method of
 368:.\Generated_Source\PSoC4/isr_1.c **** *   generating the interrupt.
 369:.\Generated_Source\PSoC4/isr_1.c **** *
 370:.\Generated_Source\PSoC4/isr_1.c **** * Parameters:
 371:.\Generated_Source\PSoC4/isr_1.c **** *   None
 372:.\Generated_Source\PSoC4/isr_1.c **** *
 373:.\Generated_Source\PSoC4/isr_1.c **** * Return:
 374:.\Generated_Source\PSoC4/isr_1.c **** *   None
 375:.\Generated_Source\PSoC4/isr_1.c **** *
 376:.\Generated_Source\PSoC4/isr_1.c **** * Side Effects:
 377:.\Generated_Source\PSoC4/isr_1.c **** *   If interrupts are enabled and the interrupt is set up properly, the ISR is
 378:.\Generated_Source\PSoC4/isr_1.c **** *   entered (depending on the priority of this interrupt and other pending 
 379:.\Generated_Source\PSoC4/isr_1.c **** *   interrupts).
 380:.\Generated_Source\PSoC4/isr_1.c **** *
 381:.\Generated_Source\PSoC4/isr_1.c **** *******************************************************************************/
 382:.\Generated_Source\PSoC4/isr_1.c **** void isr_1_SetPending(void)
 383:.\Generated_Source\PSoC4/isr_1.c **** {
 378              		.loc 1 383 0
 379              		.cfi_startproc
 384:.\Generated_Source\PSoC4/isr_1.c ****     *isr_1_INTC_SET_PD = isr_1__INTC_MASK;
 380              		.loc 1 384 0
 381 0000 0422     		mov	r2, #4
 382 0002 014B     		ldr	r3, .L37
 383 0004 1A60     		str	r2, [r3]
 385:.\Generated_Source\PSoC4/isr_1.c **** }
 384              		.loc 1 385 0
 385              		@ sp needed
 386 0006 7047     		bx	lr
 387              	.L38:
 388              		.align	2
 389              	.L37:
 390 0008 00E200E0 		.word	-536813056
 391              		.cfi_endproc
 392              	.LFE13:
 393              		.size	isr_1_SetPending, .-isr_1_SetPending
 394              		.section	.text.isr_1_ClearPending,"ax",%progbits
 395              		.align	2
 396              		.global	isr_1_ClearPending
ARM GAS  C:\Users\sst5281\AppData\Local\Temp\ccrvTqxY.s 			page 15


 397              		.code	16
 398              		.thumb_func
 399              		.type	isr_1_ClearPending, %function
 400              	isr_1_ClearPending:
 401              	.LFB14:
 386:.\Generated_Source\PSoC4/isr_1.c **** 
 387:.\Generated_Source\PSoC4/isr_1.c **** 
 388:.\Generated_Source\PSoC4/isr_1.c **** /*******************************************************************************
 389:.\Generated_Source\PSoC4/isr_1.c **** * Function Name: isr_1_ClearPending
 390:.\Generated_Source\PSoC4/isr_1.c **** ********************************************************************************
 391:.\Generated_Source\PSoC4/isr_1.c **** *
 392:.\Generated_Source\PSoC4/isr_1.c **** * Summary:
 393:.\Generated_Source\PSoC4/isr_1.c **** *   Clears a pending interrupt in the interrupt controller.
 394:.\Generated_Source\PSoC4/isr_1.c **** *
 395:.\Generated_Source\PSoC4/isr_1.c **** *   Note Some interrupt sources are clear-on-read and require the block 
 396:.\Generated_Source\PSoC4/isr_1.c **** *   interrupt/status register to be read/cleared with the appropriate block API 
 397:.\Generated_Source\PSoC4/isr_1.c **** *   (GPIO, UART, and so on). Otherwise the ISR will continue to remain in 
 398:.\Generated_Source\PSoC4/isr_1.c **** *   pending state even though the interrupt itself is cleared using this API.
 399:.\Generated_Source\PSoC4/isr_1.c **** *
 400:.\Generated_Source\PSoC4/isr_1.c **** * Parameters:
 401:.\Generated_Source\PSoC4/isr_1.c **** *   None
 402:.\Generated_Source\PSoC4/isr_1.c **** *
 403:.\Generated_Source\PSoC4/isr_1.c **** * Return:
 404:.\Generated_Source\PSoC4/isr_1.c **** *   None
 405:.\Generated_Source\PSoC4/isr_1.c **** *
 406:.\Generated_Source\PSoC4/isr_1.c **** *******************************************************************************/
 407:.\Generated_Source\PSoC4/isr_1.c **** void isr_1_ClearPending(void)
 408:.\Generated_Source\PSoC4/isr_1.c **** {
 402              		.loc 1 408 0
 403              		.cfi_startproc
 409:.\Generated_Source\PSoC4/isr_1.c ****     *isr_1_INTC_CLR_PD = isr_1__INTC_MASK;
 404              		.loc 1 409 0
 405 0000 0422     		mov	r2, #4
 406 0002 014B     		ldr	r3, .L40
 407 0004 1A60     		str	r2, [r3]
 410:.\Generated_Source\PSoC4/isr_1.c **** }
 408              		.loc 1 410 0
 409              		@ sp needed
 410 0006 7047     		bx	lr
 411              	.L41:
 412              		.align	2
 413              	.L40:
 414 0008 80E200E0 		.word	-536812928
 415              		.cfi_endproc
 416              	.LFE14:
 417              		.size	isr_1_ClearPending, .-isr_1_ClearPending
 418              		.global	count
 419              		.bss
 420              		.align	1
 421              		.set	.LANCHOR0,. + 0
 422              		.type	count, %object
 423              		.size	count, 2
 424              	count:
 425 0000 0000     		.space	2
 426              		.text
 427              	.Letext0:
 428              		.file 2 "Generated_Source\\PSoC4/cytypes.h"
ARM GAS  C:\Users\sst5281\AppData\Local\Temp\ccrvTqxY.s 			page 16


 429              		.file 3 "Generated_Source\\PSoC4/LED_Blue.h"
 430              		.file 4 "Generated_Source\\PSoC4/Pin_1.h"
 431              		.file 5 "Generated_Source\\PSoC4/CyLib.h"
 432              		.section	.debug_info,"",%progbits
 433              	.Ldebug_info0:
 434 0000 81030000 		.4byte	0x381
 435 0004 0400     		.2byte	0x4
 436 0006 00000000 		.4byte	.Ldebug_abbrev0
 437 000a 04       		.byte	0x4
 438 000b 01       		.uleb128 0x1
 439 000c 11020000 		.4byte	.LASF39
 440 0010 01       		.byte	0x1
 441 0011 D0010000 		.4byte	.LASF40
 442 0015 93000000 		.4byte	.LASF41
 443 0019 00000000 		.4byte	.Ldebug_ranges0+0
 444 001d 00000000 		.4byte	0
 445 0021 00000000 		.4byte	.Ldebug_line0
 446 0025 02       		.uleb128 0x2
 447 0026 01       		.byte	0x1
 448 0027 06       		.byte	0x6
 449 0028 E1020000 		.4byte	.LASF0
 450 002c 02       		.uleb128 0x2
 451 002d 01       		.byte	0x1
 452 002e 08       		.byte	0x8
 453 002f FE000000 		.4byte	.LASF1
 454 0033 02       		.uleb128 0x2
 455 0034 02       		.byte	0x2
 456 0035 05       		.byte	0x5
 457 0036 9F020000 		.4byte	.LASF2
 458 003a 02       		.uleb128 0x2
 459 003b 02       		.byte	0x2
 460 003c 07       		.byte	0x7
 461 003d 6E000000 		.4byte	.LASF3
 462 0041 02       		.uleb128 0x2
 463 0042 04       		.byte	0x4
 464 0043 05       		.byte	0x5
 465 0044 D8020000 		.4byte	.LASF4
 466 0048 02       		.uleb128 0x2
 467 0049 04       		.byte	0x4
 468 004a 07       		.byte	0x7
 469 004b 1B010000 		.4byte	.LASF5
 470 004f 02       		.uleb128 0x2
 471 0050 08       		.byte	0x8
 472 0051 05       		.byte	0x5
 473 0052 F1010000 		.4byte	.LASF6
 474 0056 02       		.uleb128 0x2
 475 0057 08       		.byte	0x8
 476 0058 07       		.byte	0x7
 477 0059 E7000000 		.4byte	.LASF7
 478 005d 03       		.uleb128 0x3
 479 005e 04       		.byte	0x4
 480 005f 05       		.byte	0x5
 481 0060 696E7400 		.ascii	"int\000"
 482 0064 02       		.uleb128 0x2
 483 0065 04       		.byte	0x4
 484 0066 07       		.byte	0x7
 485 0067 88010000 		.4byte	.LASF8
ARM GAS  C:\Users\sst5281\AppData\Local\Temp\ccrvTqxY.s 			page 17


 486 006b 04       		.uleb128 0x4
 487 006c 2D010000 		.4byte	.LASF9
 488 0070 02       		.byte	0x2
 489 0071 9801     		.2byte	0x198
 490 0073 2C000000 		.4byte	0x2c
 491 0077 04       		.uleb128 0x4
 492 0078 63010000 		.4byte	.LASF10
 493 007c 02       		.byte	0x2
 494 007d 9901     		.2byte	0x199
 495 007f 3A000000 		.4byte	0x3a
 496 0083 04       		.uleb128 0x4
 497 0084 6A010000 		.4byte	.LASF11
 498 0088 02       		.byte	0x2
 499 0089 9A01     		.2byte	0x19a
 500 008b 48000000 		.4byte	0x48
 501 008f 02       		.uleb128 0x2
 502 0090 04       		.byte	0x4
 503 0091 04       		.byte	0x4
 504 0092 E1000000 		.4byte	.LASF12
 505 0096 02       		.uleb128 0x2
 506 0097 08       		.byte	0x8
 507 0098 04       		.byte	0x4
 508 0099 4A010000 		.4byte	.LASF13
 509 009d 02       		.uleb128 0x2
 510 009e 01       		.byte	0x1
 511 009f 08       		.byte	0x8
 512 00a0 0C020000 		.4byte	.LASF14
 513 00a4 04       		.uleb128 0x4
 514 00a5 13000000 		.4byte	.LASF15
 515 00a9 02       		.byte	0x2
 516 00aa 4402     		.2byte	0x244
 517 00ac B0000000 		.4byte	0xb0
 518 00b0 05       		.uleb128 0x5
 519 00b1 83000000 		.4byte	0x83
 520 00b5 04       		.uleb128 0x4
 521 00b6 BA010000 		.4byte	.LASF16
 522 00ba 02       		.byte	0x2
 523 00bb 5402     		.2byte	0x254
 524 00bd C1000000 		.4byte	0xc1
 525 00c1 06       		.uleb128 0x6
 526 00c2 04       		.byte	0x4
 527 00c3 C7000000 		.4byte	0xc7
 528 00c7 07       		.uleb128 0x7
 529 00c8 02       		.uleb128 0x2
 530 00c9 04       		.byte	0x4
 531 00ca 07       		.byte	0x7
 532 00cb C7010000 		.4byte	.LASF17
 533 00cf 08       		.uleb128 0x8
 534 00d0 B9020000 		.4byte	.LASF18
 535 00d4 01       		.byte	0x1
 536 00d5 A1       		.byte	0xa1
 537 00d6 00000000 		.4byte	.LFB5
 538 00da 2C000000 		.4byte	.LFE5-.LFB5
 539 00de 01       		.uleb128 0x1
 540 00df 9C       		.byte	0x9c
 541 00e0 1D010000 		.4byte	0x11d
 542 00e4 09       		.uleb128 0x9
ARM GAS  C:\Users\sst5281\AppData\Local\Temp\ccrvTqxY.s 			page 18


 543 00e5 06000000 		.4byte	.LVL0
 544 00e9 45030000 		.4byte	0x345
 545 00ed 0A       		.uleb128 0xa
 546 00ee 10000000 		.4byte	.LVL1
 547 00f2 50030000 		.4byte	0x350
 548 00f6 00010000 		.4byte	0x100
 549 00fa 0B       		.uleb128 0xb
 550 00fb 01       		.uleb128 0x1
 551 00fc 50       		.byte	0x50
 552 00fd 01       		.uleb128 0x1
 553 00fe 30       		.byte	0x30
 554 00ff 00       		.byte	0
 555 0100 0A       		.uleb128 0xa
 556 0101 18000000 		.4byte	.LVL2
 557 0105 50030000 		.4byte	0x350
 558 0109 13010000 		.4byte	0x113
 559 010d 0B       		.uleb128 0xb
 560 010e 01       		.uleb128 0x1
 561 010f 50       		.byte	0x50
 562 0110 01       		.uleb128 0x1
 563 0111 31       		.byte	0x31
 564 0112 00       		.byte	0
 565 0113 09       		.uleb128 0x9
 566 0114 24000000 		.4byte	.LVL3
 567 0118 61030000 		.4byte	0x361
 568 011c 00       		.byte	0
 569 011d 08       		.uleb128 0x8
 570 011e 1B030000 		.4byte	.LASF19
 571 0122 01       		.byte	0x1
 572 0123 D0       		.byte	0xd0
 573 0124 00000000 		.4byte	.LFB6
 574 0128 0C000000 		.4byte	.LFE6-.LFB6
 575 012c 01       		.uleb128 0x1
 576 012d 9C       		.byte	0x9c
 577 012e 40010000 		.4byte	0x140
 578 0132 0C       		.uleb128 0xc
 579 0133 54000000 		.4byte	.LASF21
 580 0137 01       		.byte	0x1
 581 0138 D0       		.byte	0xd0
 582 0139 B5000000 		.4byte	0xb5
 583 013d 01       		.uleb128 0x1
 584 013e 50       		.byte	0x50
 585 013f 00       		.byte	0
 586 0140 0D       		.uleb128 0xd
 587 0141 A9020000 		.4byte	.LASF25
 588 0145 01       		.byte	0x1
 589 0146 E4       		.byte	0xe4
 590 0147 B5000000 		.4byte	0xb5
 591 014b 00000000 		.4byte	.LFB7
 592 014f 0C000000 		.4byte	.LFE7-.LFB7
 593 0153 01       		.uleb128 0x1
 594 0154 9C       		.byte	0x9c
 595 0155 0E       		.uleb128 0xe
 596 0156 51010000 		.4byte	.LASF20
 597 015a 01       		.byte	0x1
 598 015b 0201     		.2byte	0x102
 599 015d 00000000 		.4byte	.LFB8
ARM GAS  C:\Users\sst5281\AppData\Local\Temp\ccrvTqxY.s 			page 19


 600 0161 24000000 		.4byte	.LFE8-.LFB8
 601 0165 01       		.uleb128 0x1
 602 0166 9C       		.byte	0x9c
 603 0167 AB010000 		.4byte	0x1ab
 604 016b 0F       		.uleb128 0xf
 605 016c 41010000 		.4byte	.LASF22
 606 0170 01       		.byte	0x1
 607 0171 0201     		.2byte	0x102
 608 0173 6B000000 		.4byte	0x6b
 609 0177 00000000 		.4byte	.LLST0
 610 017b 10       		.uleb128 0x10
 611 017c 0C010000 		.4byte	.LASF23
 612 0180 01       		.byte	0x1
 613 0181 0401     		.2byte	0x104
 614 0183 6B000000 		.4byte	0x6b
 615 0187 21000000 		.4byte	.LLST1
 616 018b 11       		.uleb128 0x11
 617 018c C9020000 		.4byte	.LASF24
 618 0190 01       		.byte	0x1
 619 0191 0501     		.2byte	0x105
 620 0193 83000000 		.4byte	0x83
 621 0197 16       		.byte	0x16
 622 0198 09       		.uleb128 0x9
 623 0199 08000000 		.4byte	.LVL7
 624 019d 6C030000 		.4byte	0x36c
 625 01a1 09       		.uleb128 0x9
 626 01a2 1A000000 		.4byte	.LVL8
 627 01a6 77030000 		.4byte	0x377
 628 01aa 00       		.byte	0
 629 01ab 12       		.uleb128 0x12
 630 01ac 81000000 		.4byte	.LASF42
 631 01b0 01       		.byte	0x1
 632 01b1 1E01     		.2byte	0x11e
 633 01b3 6B000000 		.4byte	0x6b
 634 01b7 00000000 		.4byte	.LFB9
 635 01bb 10000000 		.4byte	.LFE9-.LFB9
 636 01bf 01       		.uleb128 0x1
 637 01c0 9C       		.byte	0x9c
 638 01c1 E3010000 		.4byte	0x1e3
 639 01c5 10       		.uleb128 0x10
 640 01c6 41010000 		.4byte	.LASF22
 641 01ca 01       		.byte	0x1
 642 01cb 2001     		.2byte	0x120
 643 01cd 83000000 		.4byte	0x83
 644 01d1 34000000 		.4byte	.LLST2
 645 01d5 11       		.uleb128 0x11
 646 01d6 C9020000 		.4byte	.LASF24
 647 01da 01       		.byte	0x1
 648 01db 2101     		.2byte	0x121
 649 01dd 83000000 		.4byte	0x83
 650 01e1 16       		.byte	0x16
 651 01e2 00       		.byte	0
 652 01e3 13       		.uleb128 0x13
 653 01e4 FF010000 		.4byte	.LASF27
 654 01e8 01       		.byte	0x1
 655 01e9 3901     		.2byte	0x139
 656 01eb 00000000 		.4byte	.LFB10
ARM GAS  C:\Users\sst5281\AppData\Local\Temp\ccrvTqxY.s 			page 20


 657 01ef 0C000000 		.4byte	.LFE10-.LFB10
 658 01f3 01       		.uleb128 0x1
 659 01f4 9C       		.byte	0x9c
 660 01f5 14       		.uleb128 0x14
 661 01f6 2A000000 		.4byte	.LASF26
 662 01fa 01       		.byte	0x1
 663 01fb 4E01     		.2byte	0x14e
 664 01fd 6B000000 		.4byte	0x6b
 665 0201 00000000 		.4byte	.LFB11
 666 0205 14000000 		.4byte	.LFE11-.LFB11
 667 0209 01       		.uleb128 0x1
 668 020a 9C       		.byte	0x9c
 669 020b 13       		.uleb128 0x13
 670 020c 46000000 		.4byte	.LASF28
 671 0210 01       		.byte	0x1
 672 0211 6301     		.2byte	0x163
 673 0213 00000000 		.4byte	.LFB12
 674 0217 0C000000 		.4byte	.LFE12-.LFB12
 675 021b 01       		.uleb128 0x1
 676 021c 9C       		.byte	0x9c
 677 021d 08       		.uleb128 0x8
 678 021e 62000000 		.4byte	.LASF29
 679 0222 01       		.byte	0x1
 680 0223 3A       		.byte	0x3a
 681 0224 00000000 		.4byte	.LFB2
 682 0228 1C000000 		.4byte	.LFE2-.LFB2
 683 022c 01       		.uleb128 0x1
 684 022d 9C       		.byte	0x9c
 685 022e 6F020000 		.4byte	0x26f
 686 0232 09       		.uleb128 0x9
 687 0233 06000000 		.4byte	.LVL12
 688 0237 0B020000 		.4byte	0x20b
 689 023b 0A       		.uleb128 0xa
 690 023c 0C000000 		.4byte	.LVL13
 691 0240 1D010000 		.4byte	0x11d
 692 0244 52020000 		.4byte	0x252
 693 0248 0B       		.uleb128 0xb
 694 0249 01       		.uleb128 0x1
 695 024a 50       		.byte	0x50
 696 024b 05       		.uleb128 0x5
 697 024c 03       		.byte	0x3
 698 024d 00000000 		.4byte	isr_1_Interrupt
 699 0251 00       		.byte	0
 700 0252 0A       		.uleb128 0xa
 701 0253 12000000 		.4byte	.LVL14
 702 0257 55010000 		.4byte	0x155
 703 025b 65020000 		.4byte	0x265
 704 025f 0B       		.uleb128 0xb
 705 0260 01       		.uleb128 0x1
 706 0261 50       		.byte	0x50
 707 0262 01       		.uleb128 0x1
 708 0263 33       		.byte	0x33
 709 0264 00       		.byte	0
 710 0265 09       		.uleb128 0x9
 711 0266 16000000 		.4byte	.LVL15
 712 026a E3010000 		.4byte	0x1e3
 713 026e 00       		.byte	0
ARM GAS  C:\Users\sst5281\AppData\Local\Temp\ccrvTqxY.s 			page 21


 714 026f 08       		.uleb128 0x8
 715 0270 ED020000 		.4byte	.LASF30
 716 0274 01       		.byte	0x1
 717 0275 65       		.byte	0x65
 718 0276 00000000 		.4byte	.LFB3
 719 027a 1A000000 		.4byte	.LFE3-.LFB3
 720 027e 01       		.uleb128 0x1
 721 027f 9C       		.byte	0x9c
 722 0280 CD020000 		.4byte	0x2cd
 723 0284 15       		.uleb128 0x15
 724 0285 54000000 		.4byte	.LASF21
 725 0289 01       		.byte	0x1
 726 028a 65       		.byte	0x65
 727 028b B5000000 		.4byte	0xb5
 728 028f 56000000 		.4byte	.LLST3
 729 0293 09       		.uleb128 0x9
 730 0294 08000000 		.4byte	.LVL17
 731 0298 0B020000 		.4byte	0x20b
 732 029c 0A       		.uleb128 0xa
 733 029d 0E000000 		.4byte	.LVL18
 734 02a1 1D010000 		.4byte	0x11d
 735 02a5 B0020000 		.4byte	0x2b0
 736 02a9 0B       		.uleb128 0xb
 737 02aa 01       		.uleb128 0x1
 738 02ab 50       		.byte	0x50
 739 02ac 02       		.uleb128 0x2
 740 02ad 74       		.byte	0x74
 741 02ae 00       		.sleb128 0
 742 02af 00       		.byte	0
 743 02b0 0A       		.uleb128 0xa
 744 02b1 14000000 		.4byte	.LVL19
 745 02b5 55010000 		.4byte	0x155
 746 02b9 C3020000 		.4byte	0x2c3
 747 02bd 0B       		.uleb128 0xb
 748 02be 01       		.uleb128 0x1
 749 02bf 50       		.byte	0x50
 750 02c0 01       		.uleb128 0x1
 751 02c1 33       		.byte	0x33
 752 02c2 00       		.byte	0
 753 02c3 09       		.uleb128 0x9
 754 02c4 18000000 		.4byte	.LVL20
 755 02c8 E3010000 		.4byte	0x1e3
 756 02cc 00       		.byte	0
 757 02cd 08       		.uleb128 0x8
 758 02ce FB020000 		.4byte	.LASF31
 759 02d2 01       		.byte	0x1
 760 02d3 83       		.byte	0x83
 761 02d4 00000000 		.4byte	.LFB4
 762 02d8 14000000 		.4byte	.LFE4-.LFB4
 763 02dc 01       		.uleb128 0x1
 764 02dd 9C       		.byte	0x9c
 765 02de F5020000 		.4byte	0x2f5
 766 02e2 09       		.uleb128 0x9
 767 02e3 06000000 		.4byte	.LVL22
 768 02e7 0B020000 		.4byte	0x20b
 769 02eb 09       		.uleb128 0x9
 770 02ec 0C000000 		.4byte	.LVL23
ARM GAS  C:\Users\sst5281\AppData\Local\Temp\ccrvTqxY.s 			page 22


 771 02f0 1D010000 		.4byte	0x11d
 772 02f4 00       		.byte	0
 773 02f5 13       		.uleb128 0x13
 774 02f6 19000000 		.4byte	.LASF32
 775 02fa 01       		.byte	0x1
 776 02fb 7E01     		.2byte	0x17e
 777 02fd 00000000 		.4byte	.LFB13
 778 0301 0C000000 		.4byte	.LFE13-.LFB13
 779 0305 01       		.uleb128 0x1
 780 0306 9C       		.byte	0x9c
 781 0307 13       		.uleb128 0x13
 782 0308 00000000 		.4byte	.LASF33
 783 030c 01       		.byte	0x1
 784 030d 9701     		.2byte	0x197
 785 030f 00000000 		.4byte	.LFB14
 786 0313 0C000000 		.4byte	.LFE14-.LFB14
 787 0317 01       		.uleb128 0x1
 788 0318 9C       		.byte	0x9c
 789 0319 16       		.uleb128 0x16
 790 031a 5C000000 		.4byte	.LASF34
 791 031e 01       		.byte	0x1
 792 031f 20       		.byte	0x20
 793 0320 77000000 		.4byte	0x77
 794 0324 05       		.uleb128 0x5
 795 0325 03       		.byte	0x3
 796 0326 00000000 		.4byte	count
 797 032a 17       		.uleb128 0x17
 798 032b B5000000 		.4byte	0xb5
 799 032f 3A030000 		.4byte	0x33a
 800 0333 18       		.uleb128 0x18
 801 0334 C8000000 		.4byte	0xc8
 802 0338 2F       		.byte	0x2f
 803 0339 00       		.byte	0
 804 033a 19       		.uleb128 0x19
 805 033b 39000000 		.4byte	.LASF35
 806 033f 01       		.byte	0x1
 807 0340 23       		.byte	0x23
 808 0341 2A030000 		.4byte	0x32a
 809 0345 1A       		.uleb128 0x1a
 810 0346 33010000 		.4byte	.LASF36
 811 034a 03       		.byte	0x3
 812 034b 32       		.byte	0x32
 813 034c 6B000000 		.4byte	0x6b
 814 0350 1B       		.uleb128 0x1b
 815 0351 95010000 		.4byte	.LASF43
 816 0355 03       		.byte	0x3
 817 0356 33       		.byte	0x33
 818 0357 61030000 		.4byte	0x361
 819 035b 1C       		.uleb128 0x1c
 820 035c 6B000000 		.4byte	0x6b
 821 0360 00       		.byte	0
 822 0361 1A       		.uleb128 0x1a
 823 0362 06030000 		.4byte	.LASF37
 824 0366 04       		.byte	0x4
 825 0367 39       		.byte	0x39
 826 0368 6B000000 		.4byte	0x6b
 827 036c 1A       		.uleb128 0x1a
ARM GAS  C:\Users\sst5281\AppData\Local\Temp\ccrvTqxY.s 			page 23


 828 036d 71010000 		.4byte	.LASF38
 829 0371 05       		.byte	0x5
 830 0372 E3       		.byte	0xe3
 831 0373 6B000000 		.4byte	0x6b
 832 0377 1D       		.uleb128 0x1d
 833 0378 A4010000 		.4byte	.LASF44
 834 037c 05       		.byte	0x5
 835 037d E4       		.byte	0xe4
 836 037e 1C       		.uleb128 0x1c
 837 037f 6B000000 		.4byte	0x6b
 838 0383 00       		.byte	0
 839 0384 00       		.byte	0
 840              		.section	.debug_abbrev,"",%progbits
 841              	.Ldebug_abbrev0:
 842 0000 01       		.uleb128 0x1
 843 0001 11       		.uleb128 0x11
 844 0002 01       		.byte	0x1
 845 0003 25       		.uleb128 0x25
 846 0004 0E       		.uleb128 0xe
 847 0005 13       		.uleb128 0x13
 848 0006 0B       		.uleb128 0xb
 849 0007 03       		.uleb128 0x3
 850 0008 0E       		.uleb128 0xe
 851 0009 1B       		.uleb128 0x1b
 852 000a 0E       		.uleb128 0xe
 853 000b 55       		.uleb128 0x55
 854 000c 17       		.uleb128 0x17
 855 000d 11       		.uleb128 0x11
 856 000e 01       		.uleb128 0x1
 857 000f 10       		.uleb128 0x10
 858 0010 17       		.uleb128 0x17
 859 0011 00       		.byte	0
 860 0012 00       		.byte	0
 861 0013 02       		.uleb128 0x2
 862 0014 24       		.uleb128 0x24
 863 0015 00       		.byte	0
 864 0016 0B       		.uleb128 0xb
 865 0017 0B       		.uleb128 0xb
 866 0018 3E       		.uleb128 0x3e
 867 0019 0B       		.uleb128 0xb
 868 001a 03       		.uleb128 0x3
 869 001b 0E       		.uleb128 0xe
 870 001c 00       		.byte	0
 871 001d 00       		.byte	0
 872 001e 03       		.uleb128 0x3
 873 001f 24       		.uleb128 0x24
 874 0020 00       		.byte	0
 875 0021 0B       		.uleb128 0xb
 876 0022 0B       		.uleb128 0xb
 877 0023 3E       		.uleb128 0x3e
 878 0024 0B       		.uleb128 0xb
 879 0025 03       		.uleb128 0x3
 880 0026 08       		.uleb128 0x8
 881 0027 00       		.byte	0
 882 0028 00       		.byte	0
 883 0029 04       		.uleb128 0x4
 884 002a 16       		.uleb128 0x16
ARM GAS  C:\Users\sst5281\AppData\Local\Temp\ccrvTqxY.s 			page 24


 885 002b 00       		.byte	0
 886 002c 03       		.uleb128 0x3
 887 002d 0E       		.uleb128 0xe
 888 002e 3A       		.uleb128 0x3a
 889 002f 0B       		.uleb128 0xb
 890 0030 3B       		.uleb128 0x3b
 891 0031 05       		.uleb128 0x5
 892 0032 49       		.uleb128 0x49
 893 0033 13       		.uleb128 0x13
 894 0034 00       		.byte	0
 895 0035 00       		.byte	0
 896 0036 05       		.uleb128 0x5
 897 0037 35       		.uleb128 0x35
 898 0038 00       		.byte	0
 899 0039 49       		.uleb128 0x49
 900 003a 13       		.uleb128 0x13
 901 003b 00       		.byte	0
 902 003c 00       		.byte	0
 903 003d 06       		.uleb128 0x6
 904 003e 0F       		.uleb128 0xf
 905 003f 00       		.byte	0
 906 0040 0B       		.uleb128 0xb
 907 0041 0B       		.uleb128 0xb
 908 0042 49       		.uleb128 0x49
 909 0043 13       		.uleb128 0x13
 910 0044 00       		.byte	0
 911 0045 00       		.byte	0
 912 0046 07       		.uleb128 0x7
 913 0047 15       		.uleb128 0x15
 914 0048 00       		.byte	0
 915 0049 27       		.uleb128 0x27
 916 004a 19       		.uleb128 0x19
 917 004b 00       		.byte	0
 918 004c 00       		.byte	0
 919 004d 08       		.uleb128 0x8
 920 004e 2E       		.uleb128 0x2e
 921 004f 01       		.byte	0x1
 922 0050 3F       		.uleb128 0x3f
 923 0051 19       		.uleb128 0x19
 924 0052 03       		.uleb128 0x3
 925 0053 0E       		.uleb128 0xe
 926 0054 3A       		.uleb128 0x3a
 927 0055 0B       		.uleb128 0xb
 928 0056 3B       		.uleb128 0x3b
 929 0057 0B       		.uleb128 0xb
 930 0058 27       		.uleb128 0x27
 931 0059 19       		.uleb128 0x19
 932 005a 11       		.uleb128 0x11
 933 005b 01       		.uleb128 0x1
 934 005c 12       		.uleb128 0x12
 935 005d 06       		.uleb128 0x6
 936 005e 40       		.uleb128 0x40
 937 005f 18       		.uleb128 0x18
 938 0060 9742     		.uleb128 0x2117
 939 0062 19       		.uleb128 0x19
 940 0063 01       		.uleb128 0x1
 941 0064 13       		.uleb128 0x13
ARM GAS  C:\Users\sst5281\AppData\Local\Temp\ccrvTqxY.s 			page 25


 942 0065 00       		.byte	0
 943 0066 00       		.byte	0
 944 0067 09       		.uleb128 0x9
 945 0068 898201   		.uleb128 0x4109
 946 006b 00       		.byte	0
 947 006c 11       		.uleb128 0x11
 948 006d 01       		.uleb128 0x1
 949 006e 31       		.uleb128 0x31
 950 006f 13       		.uleb128 0x13
 951 0070 00       		.byte	0
 952 0071 00       		.byte	0
 953 0072 0A       		.uleb128 0xa
 954 0073 898201   		.uleb128 0x4109
 955 0076 01       		.byte	0x1
 956 0077 11       		.uleb128 0x11
 957 0078 01       		.uleb128 0x1
 958 0079 31       		.uleb128 0x31
 959 007a 13       		.uleb128 0x13
 960 007b 01       		.uleb128 0x1
 961 007c 13       		.uleb128 0x13
 962 007d 00       		.byte	0
 963 007e 00       		.byte	0
 964 007f 0B       		.uleb128 0xb
 965 0080 8A8201   		.uleb128 0x410a
 966 0083 00       		.byte	0
 967 0084 02       		.uleb128 0x2
 968 0085 18       		.uleb128 0x18
 969 0086 9142     		.uleb128 0x2111
 970 0088 18       		.uleb128 0x18
 971 0089 00       		.byte	0
 972 008a 00       		.byte	0
 973 008b 0C       		.uleb128 0xc
 974 008c 05       		.uleb128 0x5
 975 008d 00       		.byte	0
 976 008e 03       		.uleb128 0x3
 977 008f 0E       		.uleb128 0xe
 978 0090 3A       		.uleb128 0x3a
 979 0091 0B       		.uleb128 0xb
 980 0092 3B       		.uleb128 0x3b
 981 0093 0B       		.uleb128 0xb
 982 0094 49       		.uleb128 0x49
 983 0095 13       		.uleb128 0x13
 984 0096 02       		.uleb128 0x2
 985 0097 18       		.uleb128 0x18
 986 0098 00       		.byte	0
 987 0099 00       		.byte	0
 988 009a 0D       		.uleb128 0xd
 989 009b 2E       		.uleb128 0x2e
 990 009c 00       		.byte	0
 991 009d 3F       		.uleb128 0x3f
 992 009e 19       		.uleb128 0x19
 993 009f 03       		.uleb128 0x3
 994 00a0 0E       		.uleb128 0xe
 995 00a1 3A       		.uleb128 0x3a
 996 00a2 0B       		.uleb128 0xb
 997 00a3 3B       		.uleb128 0x3b
 998 00a4 0B       		.uleb128 0xb
ARM GAS  C:\Users\sst5281\AppData\Local\Temp\ccrvTqxY.s 			page 26


 999 00a5 27       		.uleb128 0x27
 1000 00a6 19       		.uleb128 0x19
 1001 00a7 49       		.uleb128 0x49
 1002 00a8 13       		.uleb128 0x13
 1003 00a9 11       		.uleb128 0x11
 1004 00aa 01       		.uleb128 0x1
 1005 00ab 12       		.uleb128 0x12
 1006 00ac 06       		.uleb128 0x6
 1007 00ad 40       		.uleb128 0x40
 1008 00ae 18       		.uleb128 0x18
 1009 00af 9742     		.uleb128 0x2117
 1010 00b1 19       		.uleb128 0x19
 1011 00b2 00       		.byte	0
 1012 00b3 00       		.byte	0
 1013 00b4 0E       		.uleb128 0xe
 1014 00b5 2E       		.uleb128 0x2e
 1015 00b6 01       		.byte	0x1
 1016 00b7 3F       		.uleb128 0x3f
 1017 00b8 19       		.uleb128 0x19
 1018 00b9 03       		.uleb128 0x3
 1019 00ba 0E       		.uleb128 0xe
 1020 00bb 3A       		.uleb128 0x3a
 1021 00bc 0B       		.uleb128 0xb
 1022 00bd 3B       		.uleb128 0x3b
 1023 00be 05       		.uleb128 0x5
 1024 00bf 27       		.uleb128 0x27
 1025 00c0 19       		.uleb128 0x19
 1026 00c1 11       		.uleb128 0x11
 1027 00c2 01       		.uleb128 0x1
 1028 00c3 12       		.uleb128 0x12
 1029 00c4 06       		.uleb128 0x6
 1030 00c5 40       		.uleb128 0x40
 1031 00c6 18       		.uleb128 0x18
 1032 00c7 9742     		.uleb128 0x2117
 1033 00c9 19       		.uleb128 0x19
 1034 00ca 01       		.uleb128 0x1
 1035 00cb 13       		.uleb128 0x13
 1036 00cc 00       		.byte	0
 1037 00cd 00       		.byte	0
 1038 00ce 0F       		.uleb128 0xf
 1039 00cf 05       		.uleb128 0x5
 1040 00d0 00       		.byte	0
 1041 00d1 03       		.uleb128 0x3
 1042 00d2 0E       		.uleb128 0xe
 1043 00d3 3A       		.uleb128 0x3a
 1044 00d4 0B       		.uleb128 0xb
 1045 00d5 3B       		.uleb128 0x3b
 1046 00d6 05       		.uleb128 0x5
 1047 00d7 49       		.uleb128 0x49
 1048 00d8 13       		.uleb128 0x13
 1049 00d9 02       		.uleb128 0x2
 1050 00da 17       		.uleb128 0x17
 1051 00db 00       		.byte	0
 1052 00dc 00       		.byte	0
 1053 00dd 10       		.uleb128 0x10
 1054 00de 34       		.uleb128 0x34
 1055 00df 00       		.byte	0
ARM GAS  C:\Users\sst5281\AppData\Local\Temp\ccrvTqxY.s 			page 27


 1056 00e0 03       		.uleb128 0x3
 1057 00e1 0E       		.uleb128 0xe
 1058 00e2 3A       		.uleb128 0x3a
 1059 00e3 0B       		.uleb128 0xb
 1060 00e4 3B       		.uleb128 0x3b
 1061 00e5 05       		.uleb128 0x5
 1062 00e6 49       		.uleb128 0x49
 1063 00e7 13       		.uleb128 0x13
 1064 00e8 02       		.uleb128 0x2
 1065 00e9 17       		.uleb128 0x17
 1066 00ea 00       		.byte	0
 1067 00eb 00       		.byte	0
 1068 00ec 11       		.uleb128 0x11
 1069 00ed 34       		.uleb128 0x34
 1070 00ee 00       		.byte	0
 1071 00ef 03       		.uleb128 0x3
 1072 00f0 0E       		.uleb128 0xe
 1073 00f1 3A       		.uleb128 0x3a
 1074 00f2 0B       		.uleb128 0xb
 1075 00f3 3B       		.uleb128 0x3b
 1076 00f4 05       		.uleb128 0x5
 1077 00f5 49       		.uleb128 0x49
 1078 00f6 13       		.uleb128 0x13
 1079 00f7 1C       		.uleb128 0x1c
 1080 00f8 0B       		.uleb128 0xb
 1081 00f9 00       		.byte	0
 1082 00fa 00       		.byte	0
 1083 00fb 12       		.uleb128 0x12
 1084 00fc 2E       		.uleb128 0x2e
 1085 00fd 01       		.byte	0x1
 1086 00fe 3F       		.uleb128 0x3f
 1087 00ff 19       		.uleb128 0x19
 1088 0100 03       		.uleb128 0x3
 1089 0101 0E       		.uleb128 0xe
 1090 0102 3A       		.uleb128 0x3a
 1091 0103 0B       		.uleb128 0xb
 1092 0104 3B       		.uleb128 0x3b
 1093 0105 05       		.uleb128 0x5
 1094 0106 27       		.uleb128 0x27
 1095 0107 19       		.uleb128 0x19
 1096 0108 49       		.uleb128 0x49
 1097 0109 13       		.uleb128 0x13
 1098 010a 11       		.uleb128 0x11
 1099 010b 01       		.uleb128 0x1
 1100 010c 12       		.uleb128 0x12
 1101 010d 06       		.uleb128 0x6
 1102 010e 40       		.uleb128 0x40
 1103 010f 18       		.uleb128 0x18
 1104 0110 9742     		.uleb128 0x2117
 1105 0112 19       		.uleb128 0x19
 1106 0113 01       		.uleb128 0x1
 1107 0114 13       		.uleb128 0x13
 1108 0115 00       		.byte	0
 1109 0116 00       		.byte	0
 1110 0117 13       		.uleb128 0x13
 1111 0118 2E       		.uleb128 0x2e
 1112 0119 00       		.byte	0
ARM GAS  C:\Users\sst5281\AppData\Local\Temp\ccrvTqxY.s 			page 28


 1113 011a 3F       		.uleb128 0x3f
 1114 011b 19       		.uleb128 0x19
 1115 011c 03       		.uleb128 0x3
 1116 011d 0E       		.uleb128 0xe
 1117 011e 3A       		.uleb128 0x3a
 1118 011f 0B       		.uleb128 0xb
 1119 0120 3B       		.uleb128 0x3b
 1120 0121 05       		.uleb128 0x5
 1121 0122 27       		.uleb128 0x27
 1122 0123 19       		.uleb128 0x19
 1123 0124 11       		.uleb128 0x11
 1124 0125 01       		.uleb128 0x1
 1125 0126 12       		.uleb128 0x12
 1126 0127 06       		.uleb128 0x6
 1127 0128 40       		.uleb128 0x40
 1128 0129 18       		.uleb128 0x18
 1129 012a 9742     		.uleb128 0x2117
 1130 012c 19       		.uleb128 0x19
 1131 012d 00       		.byte	0
 1132 012e 00       		.byte	0
 1133 012f 14       		.uleb128 0x14
 1134 0130 2E       		.uleb128 0x2e
 1135 0131 00       		.byte	0
 1136 0132 3F       		.uleb128 0x3f
 1137 0133 19       		.uleb128 0x19
 1138 0134 03       		.uleb128 0x3
 1139 0135 0E       		.uleb128 0xe
 1140 0136 3A       		.uleb128 0x3a
 1141 0137 0B       		.uleb128 0xb
 1142 0138 3B       		.uleb128 0x3b
 1143 0139 05       		.uleb128 0x5
 1144 013a 27       		.uleb128 0x27
 1145 013b 19       		.uleb128 0x19
 1146 013c 49       		.uleb128 0x49
 1147 013d 13       		.uleb128 0x13
 1148 013e 11       		.uleb128 0x11
 1149 013f 01       		.uleb128 0x1
 1150 0140 12       		.uleb128 0x12
 1151 0141 06       		.uleb128 0x6
 1152 0142 40       		.uleb128 0x40
 1153 0143 18       		.uleb128 0x18
 1154 0144 9742     		.uleb128 0x2117
 1155 0146 19       		.uleb128 0x19
 1156 0147 00       		.byte	0
 1157 0148 00       		.byte	0
 1158 0149 15       		.uleb128 0x15
 1159 014a 05       		.uleb128 0x5
 1160 014b 00       		.byte	0
 1161 014c 03       		.uleb128 0x3
 1162 014d 0E       		.uleb128 0xe
 1163 014e 3A       		.uleb128 0x3a
 1164 014f 0B       		.uleb128 0xb
 1165 0150 3B       		.uleb128 0x3b
 1166 0151 0B       		.uleb128 0xb
 1167 0152 49       		.uleb128 0x49
 1168 0153 13       		.uleb128 0x13
 1169 0154 02       		.uleb128 0x2
ARM GAS  C:\Users\sst5281\AppData\Local\Temp\ccrvTqxY.s 			page 29


 1170 0155 17       		.uleb128 0x17
 1171 0156 00       		.byte	0
 1172 0157 00       		.byte	0
 1173 0158 16       		.uleb128 0x16
 1174 0159 34       		.uleb128 0x34
 1175 015a 00       		.byte	0
 1176 015b 03       		.uleb128 0x3
 1177 015c 0E       		.uleb128 0xe
 1178 015d 3A       		.uleb128 0x3a
 1179 015e 0B       		.uleb128 0xb
 1180 015f 3B       		.uleb128 0x3b
 1181 0160 0B       		.uleb128 0xb
 1182 0161 49       		.uleb128 0x49
 1183 0162 13       		.uleb128 0x13
 1184 0163 3F       		.uleb128 0x3f
 1185 0164 19       		.uleb128 0x19
 1186 0165 02       		.uleb128 0x2
 1187 0166 18       		.uleb128 0x18
 1188 0167 00       		.byte	0
 1189 0168 00       		.byte	0
 1190 0169 17       		.uleb128 0x17
 1191 016a 01       		.uleb128 0x1
 1192 016b 01       		.byte	0x1
 1193 016c 49       		.uleb128 0x49
 1194 016d 13       		.uleb128 0x13
 1195 016e 01       		.uleb128 0x1
 1196 016f 13       		.uleb128 0x13
 1197 0170 00       		.byte	0
 1198 0171 00       		.byte	0
 1199 0172 18       		.uleb128 0x18
 1200 0173 21       		.uleb128 0x21
 1201 0174 00       		.byte	0
 1202 0175 49       		.uleb128 0x49
 1203 0176 13       		.uleb128 0x13
 1204 0177 2F       		.uleb128 0x2f
 1205 0178 0B       		.uleb128 0xb
 1206 0179 00       		.byte	0
 1207 017a 00       		.byte	0
 1208 017b 19       		.uleb128 0x19
 1209 017c 34       		.uleb128 0x34
 1210 017d 00       		.byte	0
 1211 017e 03       		.uleb128 0x3
 1212 017f 0E       		.uleb128 0xe
 1213 0180 3A       		.uleb128 0x3a
 1214 0181 0B       		.uleb128 0xb
 1215 0182 3B       		.uleb128 0x3b
 1216 0183 0B       		.uleb128 0xb
 1217 0184 49       		.uleb128 0x49
 1218 0185 13       		.uleb128 0x13
 1219 0186 3F       		.uleb128 0x3f
 1220 0187 19       		.uleb128 0x19
 1221 0188 3C       		.uleb128 0x3c
 1222 0189 19       		.uleb128 0x19
 1223 018a 00       		.byte	0
 1224 018b 00       		.byte	0
 1225 018c 1A       		.uleb128 0x1a
 1226 018d 2E       		.uleb128 0x2e
ARM GAS  C:\Users\sst5281\AppData\Local\Temp\ccrvTqxY.s 			page 30


 1227 018e 00       		.byte	0
 1228 018f 3F       		.uleb128 0x3f
 1229 0190 19       		.uleb128 0x19
 1230 0191 03       		.uleb128 0x3
 1231 0192 0E       		.uleb128 0xe
 1232 0193 3A       		.uleb128 0x3a
 1233 0194 0B       		.uleb128 0xb
 1234 0195 3B       		.uleb128 0x3b
 1235 0196 0B       		.uleb128 0xb
 1236 0197 27       		.uleb128 0x27
 1237 0198 19       		.uleb128 0x19
 1238 0199 49       		.uleb128 0x49
 1239 019a 13       		.uleb128 0x13
 1240 019b 3C       		.uleb128 0x3c
 1241 019c 19       		.uleb128 0x19
 1242 019d 00       		.byte	0
 1243 019e 00       		.byte	0
 1244 019f 1B       		.uleb128 0x1b
 1245 01a0 2E       		.uleb128 0x2e
 1246 01a1 01       		.byte	0x1
 1247 01a2 3F       		.uleb128 0x3f
 1248 01a3 19       		.uleb128 0x19
 1249 01a4 03       		.uleb128 0x3
 1250 01a5 0E       		.uleb128 0xe
 1251 01a6 3A       		.uleb128 0x3a
 1252 01a7 0B       		.uleb128 0xb
 1253 01a8 3B       		.uleb128 0x3b
 1254 01a9 0B       		.uleb128 0xb
 1255 01aa 27       		.uleb128 0x27
 1256 01ab 19       		.uleb128 0x19
 1257 01ac 3C       		.uleb128 0x3c
 1258 01ad 19       		.uleb128 0x19
 1259 01ae 01       		.uleb128 0x1
 1260 01af 13       		.uleb128 0x13
 1261 01b0 00       		.byte	0
 1262 01b1 00       		.byte	0
 1263 01b2 1C       		.uleb128 0x1c
 1264 01b3 05       		.uleb128 0x5
 1265 01b4 00       		.byte	0
 1266 01b5 49       		.uleb128 0x49
 1267 01b6 13       		.uleb128 0x13
 1268 01b7 00       		.byte	0
 1269 01b8 00       		.byte	0
 1270 01b9 1D       		.uleb128 0x1d
 1271 01ba 2E       		.uleb128 0x2e
 1272 01bb 01       		.byte	0x1
 1273 01bc 3F       		.uleb128 0x3f
 1274 01bd 19       		.uleb128 0x19
 1275 01be 03       		.uleb128 0x3
 1276 01bf 0E       		.uleb128 0xe
 1277 01c0 3A       		.uleb128 0x3a
 1278 01c1 0B       		.uleb128 0xb
 1279 01c2 3B       		.uleb128 0x3b
 1280 01c3 0B       		.uleb128 0xb
 1281 01c4 27       		.uleb128 0x27
 1282 01c5 19       		.uleb128 0x19
 1283 01c6 3C       		.uleb128 0x3c
ARM GAS  C:\Users\sst5281\AppData\Local\Temp\ccrvTqxY.s 			page 31


 1284 01c7 19       		.uleb128 0x19
 1285 01c8 00       		.byte	0
 1286 01c9 00       		.byte	0
 1287 01ca 00       		.byte	0
 1288              		.section	.debug_loc,"",%progbits
 1289              	.Ldebug_loc0:
 1290              	.LLST0:
 1291 0000 00000000 		.4byte	.LVL5
 1292 0004 07000000 		.4byte	.LVL7-1
 1293 0008 0100     		.2byte	0x1
 1294 000a 50       		.byte	0x50
 1295 000b 07000000 		.4byte	.LVL7-1
 1296 000f 24000000 		.4byte	.LFE8
 1297 0013 0400     		.2byte	0x4
 1298 0015 F3       		.byte	0xf3
 1299 0016 01       		.uleb128 0x1
 1300 0017 50       		.byte	0x50
 1301 0018 9F       		.byte	0x9f
 1302 0019 00000000 		.4byte	0
 1303 001d 00000000 		.4byte	0
 1304              	.LLST1:
 1305 0021 08000000 		.4byte	.LVL7
 1306 0025 19000000 		.4byte	.LVL8-1
 1307 0029 0100     		.2byte	0x1
 1308 002b 50       		.byte	0x50
 1309 002c 00000000 		.4byte	0
 1310 0030 00000000 		.4byte	0
 1311              	.LLST2:
 1312 0034 06000000 		.4byte	.LVL10
 1313 0038 08000000 		.4byte	.LVL11
 1314 003c 0500     		.2byte	0x5
 1315 003e 70       		.byte	0x70
 1316 003f 00       		.sleb128 0
 1317 0040 4E       		.byte	0x4e
 1318 0041 25       		.byte	0x25
 1319 0042 9F       		.byte	0x9f
 1320 0043 08000000 		.4byte	.LVL11
 1321 0047 10000000 		.4byte	.LFE9
 1322 004b 0100     		.2byte	0x1
 1323 004d 50       		.byte	0x50
 1324 004e 00000000 		.4byte	0
 1325 0052 00000000 		.4byte	0
 1326              	.LLST3:
 1327 0056 00000000 		.4byte	.LVL16
 1328 005a 07000000 		.4byte	.LVL17-1
 1329 005e 0100     		.2byte	0x1
 1330 0060 50       		.byte	0x50
 1331 0061 07000000 		.4byte	.LVL17-1
 1332 0065 18000000 		.4byte	.LVL21
 1333 0069 0100     		.2byte	0x1
 1334 006b 54       		.byte	0x54
 1335 006c 18000000 		.4byte	.LVL21
 1336 0070 1A000000 		.4byte	.LFE3
 1337 0074 0400     		.2byte	0x4
 1338 0076 F3       		.byte	0xf3
 1339 0077 01       		.uleb128 0x1
 1340 0078 50       		.byte	0x50
ARM GAS  C:\Users\sst5281\AppData\Local\Temp\ccrvTqxY.s 			page 32


 1341 0079 9F       		.byte	0x9f
 1342 007a 00000000 		.4byte	0
 1343 007e 00000000 		.4byte	0
 1344              		.section	.debug_aranges,"",%progbits
 1345 0000 7C000000 		.4byte	0x7c
 1346 0004 0200     		.2byte	0x2
 1347 0006 00000000 		.4byte	.Ldebug_info0
 1348 000a 04       		.byte	0x4
 1349 000b 00       		.byte	0
 1350 000c 0000     		.2byte	0
 1351 000e 0000     		.2byte	0
 1352 0010 00000000 		.4byte	.LFB5
 1353 0014 2C000000 		.4byte	.LFE5-.LFB5
 1354 0018 00000000 		.4byte	.LFB6
 1355 001c 0C000000 		.4byte	.LFE6-.LFB6
 1356 0020 00000000 		.4byte	.LFB7
 1357 0024 0C000000 		.4byte	.LFE7-.LFB7
 1358 0028 00000000 		.4byte	.LFB8
 1359 002c 24000000 		.4byte	.LFE8-.LFB8
 1360 0030 00000000 		.4byte	.LFB9
 1361 0034 10000000 		.4byte	.LFE9-.LFB9
 1362 0038 00000000 		.4byte	.LFB10
 1363 003c 0C000000 		.4byte	.LFE10-.LFB10
 1364 0040 00000000 		.4byte	.LFB11
 1365 0044 14000000 		.4byte	.LFE11-.LFB11
 1366 0048 00000000 		.4byte	.LFB12
 1367 004c 0C000000 		.4byte	.LFE12-.LFB12
 1368 0050 00000000 		.4byte	.LFB2
 1369 0054 1C000000 		.4byte	.LFE2-.LFB2
 1370 0058 00000000 		.4byte	.LFB3
 1371 005c 1A000000 		.4byte	.LFE3-.LFB3
 1372 0060 00000000 		.4byte	.LFB4
 1373 0064 14000000 		.4byte	.LFE4-.LFB4
 1374 0068 00000000 		.4byte	.LFB13
 1375 006c 0C000000 		.4byte	.LFE13-.LFB13
 1376 0070 00000000 		.4byte	.LFB14
 1377 0074 0C000000 		.4byte	.LFE14-.LFB14
 1378 0078 00000000 		.4byte	0
 1379 007c 00000000 		.4byte	0
 1380              		.section	.debug_ranges,"",%progbits
 1381              	.Ldebug_ranges0:
 1382 0000 00000000 		.4byte	.LFB5
 1383 0004 2C000000 		.4byte	.LFE5
 1384 0008 00000000 		.4byte	.LFB6
 1385 000c 0C000000 		.4byte	.LFE6
 1386 0010 00000000 		.4byte	.LFB7
 1387 0014 0C000000 		.4byte	.LFE7
 1388 0018 00000000 		.4byte	.LFB8
 1389 001c 24000000 		.4byte	.LFE8
 1390 0020 00000000 		.4byte	.LFB9
 1391 0024 10000000 		.4byte	.LFE9
 1392 0028 00000000 		.4byte	.LFB10
 1393 002c 0C000000 		.4byte	.LFE10
 1394 0030 00000000 		.4byte	.LFB11
 1395 0034 14000000 		.4byte	.LFE11
 1396 0038 00000000 		.4byte	.LFB12
 1397 003c 0C000000 		.4byte	.LFE12
ARM GAS  C:\Users\sst5281\AppData\Local\Temp\ccrvTqxY.s 			page 33


 1398 0040 00000000 		.4byte	.LFB2
 1399 0044 1C000000 		.4byte	.LFE2
 1400 0048 00000000 		.4byte	.LFB3
 1401 004c 1A000000 		.4byte	.LFE3
 1402 0050 00000000 		.4byte	.LFB4
 1403 0054 14000000 		.4byte	.LFE4
 1404 0058 00000000 		.4byte	.LFB13
 1405 005c 0C000000 		.4byte	.LFE13
 1406 0060 00000000 		.4byte	.LFB14
 1407 0064 0C000000 		.4byte	.LFE14
 1408 0068 00000000 		.4byte	0
 1409 006c 00000000 		.4byte	0
 1410              		.section	.debug_line,"",%progbits
 1411              	.Ldebug_line0:
 1412 0000 88010000 		.section	.debug_str,"MS",%progbits,1
 1412      02007F00 
 1412      00000201 
 1412      FB0E0D00 
 1412      01010101 
 1413              	.LASF33:
 1414 0000 6973725F 		.ascii	"isr_1_ClearPending\000"
 1414      315F436C 
 1414      65617250 
 1414      656E6469 
 1414      6E6700
 1415              	.LASF15:
 1416 0013 72656733 		.ascii	"reg32\000"
 1416      3200
 1417              	.LASF32:
 1418 0019 6973725F 		.ascii	"isr_1_SetPending\000"
 1418      315F5365 
 1418      7450656E 
 1418      64696E67 
 1418      00
 1419              	.LASF26:
 1420 002a 6973725F 		.ascii	"isr_1_GetState\000"
 1420      315F4765 
 1420      74537461 
 1420      746500
 1421              	.LASF35:
 1422 0039 43795261 		.ascii	"CyRamVectors\000"
 1422      6D566563 
 1422      746F7273 
 1422      00
 1423              	.LASF28:
 1424 0046 6973725F 		.ascii	"isr_1_Disable\000"
 1424      315F4469 
 1424      7361626C 
 1424      6500
 1425              	.LASF21:
 1426 0054 61646472 		.ascii	"address\000"
 1426      65737300 
 1427              	.LASF34:
 1428 005c 636F756E 		.ascii	"count\000"
 1428      7400
 1429              	.LASF29:
 1430 0062 6973725F 		.ascii	"isr_1_Start\000"
ARM GAS  C:\Users\sst5281\AppData\Local\Temp\ccrvTqxY.s 			page 34


 1430      315F5374 
 1430      61727400 
 1431              	.LASF3:
 1432 006e 73686F72 		.ascii	"short unsigned int\000"
 1432      7420756E 
 1432      7369676E 
 1432      65642069 
 1432      6E7400
 1433              	.LASF42:
 1434 0081 6973725F 		.ascii	"isr_1_GetPriority\000"
 1434      315F4765 
 1434      74507269 
 1434      6F726974 
 1434      7900
 1435              	.LASF41:
 1436 0093 433A5C54 		.ascii	"C:\\Temp\\FHV_MEM_2016WS_EmbeddedSystems\\Microcont"
 1436      656D705C 
 1436      4648565F 
 1436      4D454D5F 
 1436      32303136 
 1437 00c3 726F6C6C 		.ascii	"roller\\PSoC\\Lab02\\Lab02.cydsn\000"
 1437      65725C50 
 1437      536F435C 
 1437      4C616230 
 1437      325C4C61 
 1438              	.LASF12:
 1439 00e1 666C6F61 		.ascii	"float\000"
 1439      7400
 1440              	.LASF7:
 1441 00e7 6C6F6E67 		.ascii	"long long unsigned int\000"
 1441      206C6F6E 
 1441      6720756E 
 1441      7369676E 
 1441      65642069 
 1442              	.LASF1:
 1443 00fe 756E7369 		.ascii	"unsigned char\000"
 1443      676E6564 
 1443      20636861 
 1443      7200
 1444              	.LASF23:
 1445 010c 696E7465 		.ascii	"interruptState\000"
 1445      72727570 
 1445      74537461 
 1445      746500
 1446              	.LASF5:
 1447 011b 6C6F6E67 		.ascii	"long unsigned int\000"
 1447      20756E73 
 1447      69676E65 
 1447      6420696E 
 1447      7400
 1448              	.LASF9:
 1449 012d 75696E74 		.ascii	"uint8\000"
 1449      3800
 1450              	.LASF36:
 1451 0133 4C45445F 		.ascii	"LED_Blue_Read\000"
 1451      426C7565 
 1451      5F526561 
ARM GAS  C:\Users\sst5281\AppData\Local\Temp\ccrvTqxY.s 			page 35


 1451      6400
 1452              	.LASF22:
 1453 0141 7072696F 		.ascii	"priority\000"
 1453      72697479 
 1453      00
 1454              	.LASF13:
 1455 014a 646F7562 		.ascii	"double\000"
 1455      6C6500
 1456              	.LASF20:
 1457 0151 6973725F 		.ascii	"isr_1_SetPriority\000"
 1457      315F5365 
 1457      74507269 
 1457      6F726974 
 1457      7900
 1458              	.LASF10:
 1459 0163 75696E74 		.ascii	"uint16\000"
 1459      313600
 1460              	.LASF11:
 1461 016a 75696E74 		.ascii	"uint32\000"
 1461      333200
 1462              	.LASF38:
 1463 0171 4379456E 		.ascii	"CyEnterCriticalSection\000"
 1463      74657243 
 1463      72697469 
 1463      63616C53 
 1463      65637469 
 1464              	.LASF8:
 1465 0188 756E7369 		.ascii	"unsigned int\000"
 1465      676E6564 
 1465      20696E74 
 1465      00
 1466              	.LASF43:
 1467 0195 4C45445F 		.ascii	"LED_Blue_Write\000"
 1467      426C7565 
 1467      5F577269 
 1467      746500
 1468              	.LASF44:
 1469 01a4 43794578 		.ascii	"CyExitCriticalSection\000"
 1469      69744372 
 1469      69746963 
 1469      616C5365 
 1469      6374696F 
 1470              	.LASF16:
 1471 01ba 63796973 		.ascii	"cyisraddress\000"
 1471      72616464 
 1471      72657373 
 1471      00
 1472              	.LASF17:
 1473 01c7 73697A65 		.ascii	"sizetype\000"
 1473      74797065 
 1473      00
 1474              	.LASF40:
 1475 01d0 2E5C4765 		.ascii	".\\Generated_Source\\PSoC4\\isr_1.c\000"
 1475      6E657261 
 1475      7465645F 
 1475      536F7572 
 1475      63655C50 
ARM GAS  C:\Users\sst5281\AppData\Local\Temp\ccrvTqxY.s 			page 36


 1476              	.LASF6:
 1477 01f1 6C6F6E67 		.ascii	"long long int\000"
 1477      206C6F6E 
 1477      6720696E 
 1477      7400
 1478              	.LASF27:
 1479 01ff 6973725F 		.ascii	"isr_1_Enable\000"
 1479      315F456E 
 1479      61626C65 
 1479      00
 1480              	.LASF14:
 1481 020c 63686172 		.ascii	"char\000"
 1481      00
 1482              	.LASF39:
 1483 0211 474E5520 		.ascii	"GNU C 4.9.3 20150303 (release) [ARM/embedded-4_9-br"
 1483      4320342E 
 1483      392E3320 
 1483      32303135 
 1483      30333033 
 1484 0244 616E6368 		.ascii	"anch revision 221220] -mcpu=cortex-m0 -mthumb -g -O"
 1484      20726576 
 1484      6973696F 
 1484      6E203232 
 1484      31323230 
 1485 0277 67202D66 		.ascii	"g -ffunction-sections -ffat-lto-objects\000"
 1485      66756E63 
 1485      74696F6E 
 1485      2D736563 
 1485      74696F6E 
 1486              	.LASF2:
 1487 029f 73686F72 		.ascii	"short int\000"
 1487      7420696E 
 1487      7400
 1488              	.LASF25:
 1489 02a9 6973725F 		.ascii	"isr_1_GetVector\000"
 1489      315F4765 
 1489      74566563 
 1489      746F7200 
 1490              	.LASF18:
 1491 02b9 6973725F 		.ascii	"isr_1_Interrupt\000"
 1491      315F496E 
 1491      74657272 
 1491      75707400 
 1492              	.LASF24:
 1493 02c9 7072696F 		.ascii	"priorityOffset\000"
 1493      72697479 
 1493      4F666673 
 1493      657400
 1494              	.LASF4:
 1495 02d8 6C6F6E67 		.ascii	"long int\000"
 1495      20696E74 
 1495      00
 1496              	.LASF0:
 1497 02e1 7369676E 		.ascii	"signed char\000"
 1497      65642063 
 1497      68617200 
 1498              	.LASF30:
ARM GAS  C:\Users\sst5281\AppData\Local\Temp\ccrvTqxY.s 			page 37


 1499 02ed 6973725F 		.ascii	"isr_1_StartEx\000"
 1499      315F5374 
 1499      61727445 
 1499      7800
 1500              	.LASF31:
 1501 02fb 6973725F 		.ascii	"isr_1_Stop\000"
 1501      315F5374 
 1501      6F7000
 1502              	.LASF37:
 1503 0306 50696E5F 		.ascii	"Pin_1_ClearInterrupt\000"
 1503      315F436C 
 1503      65617249 
 1503      6E746572 
 1503      72757074 
 1504              	.LASF19:
 1505 031b 6973725F 		.ascii	"isr_1_SetVector\000"
 1505      315F5365 
 1505      74566563 
 1505      746F7200 
 1506              		.ident	"GCC: (GNU Tools for ARM Embedded Processors) 4.9.3 20150303 (release) [ARM/embedded-4_9-br
