Archive member included because of file (symbol)

.\CortexM0\ARM_GCC_493\Debug\Lab02.a(cyfitter_cfg.o)
                              .\CortexM0\ARM_GCC_493\Debug\Cm0Start.o (cyfitter_cfg)
.\CortexM0\ARM_GCC_493\Debug\Lab02.a(CyBootAsmGnu.o)
                              .\CortexM0\ARM_GCC_493\Debug\Lab02.a(cyfitter_cfg.o) (CyDelayCycles)
.\CortexM0\ARM_GCC_493\Debug\Lab02.a(CyLib.o)
                              .\CortexM0\ARM_GCC_493\Debug\Lab02.a(cyfitter_cfg.o) (CySysClkWriteImoFreq)
.\CortexM0\ARM_GCC_493\Debug\Lab02.a(CyLFClk.o)
                              .\CortexM0\ARM_GCC_493\Debug\Lab02.a(cyfitter_cfg.o) (CySysClkWcoStart)
.\CortexM0\ARM_GCC_493\Debug\Lab02.a(PWM_1.o)
                              .\CortexM0\ARM_GCC_493\Debug\main.o (PWM_1_Enable)
.\CortexM0\ARM_GCC_493\Debug\Lab02.a(isr_1.o)
                              .\CortexM0\ARM_GCC_493\Debug\main.o (isr_1_Enable)
.\CortexM0\ARM_GCC_493\Debug\Lab02.a(isr_2.o)
                              .\CortexM0\ARM_GCC_493\Debug\main.o (isr_2_Start)
.\CortexM0\ARM_GCC_493\Debug\Lab02.a(LED_Blue.o)
                              .\CortexM0\ARM_GCC_493\Debug\Lab02.a(isr_1.o) (LED_Blue_Write)
.\CortexM0\ARM_GCC_493\Debug\Lab02.a(Pin_1.o)
                              .\CortexM0\ARM_GCC_493\Debug\Lab02.a(isr_1.o) (Pin_1_ClearInterrupt)
c:/program files (x86)/cypress/psoc creator/3.3/psoc creator/import/gnu/arm/4.9.3/bin/../lib/gcc/arm-none-eabi/4.9.3/armv6-m\libgcc.a(_udivsi3.o)
                              .\CortexM0\ARM_GCC_493\Debug\Lab02.a(CyLib.o) (__aeabi_uidiv)
c:/program files (x86)/cypress/psoc creator/3.3/psoc creator/import/gnu/arm/4.9.3/bin/../lib/gcc/arm-none-eabi/4.9.3/armv6-m\libgcc.a(_divsi3.o)
                              .\CortexM0\ARM_GCC_493\Debug\Lab02.a(CyLFClk.o) (__aeabi_idiv)
c:/program files (x86)/cypress/psoc creator/3.3/psoc creator/import/gnu/arm/4.9.3/bin/../lib/gcc/arm-none-eabi/4.9.3/armv6-m\libgcc.a(_dvmd_tls.o)
                              c:/program files (x86)/cypress/psoc creator/3.3/psoc creator/import/gnu/arm/4.9.3/bin/../lib/gcc/arm-none-eabi/4.9.3/armv6-m\libgcc.a(_udivsi3.o) (__aeabi_idiv0)
c:/program files (x86)/cypress/psoc creator/3.3/psoc creator/import/gnu/arm/4.9.3/bin/../lib/gcc/arm-none-eabi/4.9.3/../../../../arm-none-eabi/lib/armv6-m\libg_nano.a(lib_a-errno.o)
                              .\CortexM0\ARM_GCC_493\Debug\Cm0Start.o (__errno)
c:/program files (x86)/cypress/psoc creator/3.3/psoc creator/import/gnu/arm/4.9.3/bin/../lib/gcc/arm-none-eabi/4.9.3/../../../../arm-none-eabi/lib/armv6-m\libg_nano.a(lib_a-exit.o)
                              c:/program files (x86)/cypress/psoc creator/3.3/psoc creator/import/gnu/arm/4.9.3/bin/../lib/gcc/arm-none-eabi/4.9.3/../../../../arm-none-eabi/lib/armv6-m/crt0.o (exit)
c:/program files (x86)/cypress/psoc creator/3.3/psoc creator/import/gnu/arm/4.9.3/bin/../lib/gcc/arm-none-eabi/4.9.3/../../../../arm-none-eabi/lib/armv6-m\libg_nano.a(lib_a-impure.o)
                              c:/program files (x86)/cypress/psoc creator/3.3/psoc creator/import/gnu/arm/4.9.3/bin/../lib/gcc/arm-none-eabi/4.9.3/../../../../arm-none-eabi/lib/armv6-m\libg_nano.a(lib_a-exit.o) (_global_impure_ptr)
c:/program files (x86)/cypress/psoc creator/3.3/psoc creator/import/gnu/arm/4.9.3/bin/../lib/gcc/arm-none-eabi/4.9.3/../../../../arm-none-eabi/lib/armv6-m\libg_nano.a(lib_a-init.o)
                              c:/program files (x86)/cypress/psoc creator/3.3/psoc creator/import/gnu/arm/4.9.3/bin/../lib/gcc/arm-none-eabi/4.9.3/../../../../arm-none-eabi/lib/armv6-m/crt0.o (__libc_init_array)
c:/program files (x86)/cypress/psoc creator/3.3/psoc creator/import/gnu/arm/4.9.3/bin/../lib/gcc/arm-none-eabi/4.9.3/../../../../arm-none-eabi/lib/armv6-m\libg_nano.a(lib_a-memset.o)
                              c:/program files (x86)/cypress/psoc creator/3.3/psoc creator/import/gnu/arm/4.9.3/bin/../lib/gcc/arm-none-eabi/4.9.3/../../../../arm-none-eabi/lib/armv6-m/crt0.o (memset)

Discarded input sections

 .text          0x00000000        0x0 c:/program files (x86)/cypress/psoc creator/3.3/psoc creator/import/gnu/arm/4.9.3/bin/../lib/gcc/arm-none-eabi/4.9.3/armv6-m/crti.o
 .data          0x00000000        0x0 c:/program files (x86)/cypress/psoc creator/3.3/psoc creator/import/gnu/arm/4.9.3/bin/../lib/gcc/arm-none-eabi/4.9.3/armv6-m/crti.o
 .bss           0x00000000        0x0 c:/program files (x86)/cypress/psoc creator/3.3/psoc creator/import/gnu/arm/4.9.3/bin/../lib/gcc/arm-none-eabi/4.9.3/armv6-m/crti.o
 .data          0x00000000        0x4 c:/program files (x86)/cypress/psoc creator/3.3/psoc creator/import/gnu/arm/4.9.3/bin/../lib/gcc/arm-none-eabi/4.9.3/armv6-m/crtbegin.o
 .text          0x00000000       0x78 c:/program files (x86)/cypress/psoc creator/3.3/psoc creator/import/gnu/arm/4.9.3/bin/../lib/gcc/arm-none-eabi/4.9.3/../../../../arm-none-eabi/lib/armv6-m/crt0.o
 .data          0x00000000        0x0 c:/program files (x86)/cypress/psoc creator/3.3/psoc creator/import/gnu/arm/4.9.3/bin/../lib/gcc/arm-none-eabi/4.9.3/../../../../arm-none-eabi/lib/armv6-m/crt0.o
 .bss           0x00000000        0x0 c:/program files (x86)/cypress/psoc creator/3.3/psoc creator/import/gnu/arm/4.9.3/bin/../lib/gcc/arm-none-eabi/4.9.3/../../../../arm-none-eabi/lib/armv6-m/crt0.o
 .ARM.extab     0x00000000        0x0 c:/program files (x86)/cypress/psoc creator/3.3/psoc creator/import/gnu/arm/4.9.3/bin/../lib/gcc/arm-none-eabi/4.9.3/../../../../arm-none-eabi/lib/armv6-m/crt0.o
 .ARM.exidx     0x00000000        0x8 c:/program files (x86)/cypress/psoc creator/3.3/psoc creator/import/gnu/arm/4.9.3/bin/../lib/gcc/arm-none-eabi/4.9.3/../../../../arm-none-eabi/lib/armv6-m/crt0.o
 .text          0x00000000        0x0 .\CortexM0\ARM_GCC_493\Debug\main.o
 .data          0x00000000        0x0 .\CortexM0\ARM_GCC_493\Debug\main.o
 .bss           0x00000000        0x0 .\CortexM0\ARM_GCC_493\Debug\main.o
 .text          0x00000000        0x0 .\CortexM0\ARM_GCC_493\Debug\cymetadata.o
 .data          0x00000000        0x0 .\CortexM0\ARM_GCC_493\Debug\cymetadata.o
 .bss           0x00000000        0x0 .\CortexM0\ARM_GCC_493\Debug\cymetadata.o
 .text          0x00000000        0x0 .\CortexM0\ARM_GCC_493\Debug\Cm0Start.o
 .data          0x00000000        0x4 .\CortexM0\ARM_GCC_493\Debug\Cm0Start.o
 .bss           0x00000000        0x0 .\CortexM0\ARM_GCC_493\Debug\Cm0Start.o
 .text._exit    0x00000000        0xc .\CortexM0\ARM_GCC_493\Debug\Cm0Start.o
 .text._sbrk    0x00000000       0x30 .\CortexM0\ARM_GCC_493\Debug\Cm0Start.o
 .text          0x00000000        0x0 .\CortexM0\ARM_GCC_493\Debug\Lab02.a(cyfitter_cfg.o)
 .data          0x00000000        0x0 .\CortexM0\ARM_GCC_493\Debug\Lab02.a(cyfitter_cfg.o)
 .bss           0x00000000        0x0 .\CortexM0\ARM_GCC_493\Debug\Lab02.a(cyfitter_cfg.o)
 .data          0x00000000        0x0 .\CortexM0\ARM_GCC_493\Debug\Lab02.a(CyBootAsmGnu.o)
 .bss           0x00000000        0x0 .\CortexM0\ARM_GCC_493\Debug\Lab02.a(CyBootAsmGnu.o)
 .text          0x00000000        0x0 .\CortexM0\ARM_GCC_493\Debug\Lab02.a(CyLib.o)
 .bss           0x00000000       0x18 .\CortexM0\ARM_GCC_493\Debug\Lab02.a(CyLib.o)
 .text.CySysClkImoStart
                0x00000000       0x14 .\CortexM0\ARM_GCC_493\Debug\Lab02.a(CyLib.o)
 .text.CySysClkImoStop
                0x00000000       0x10 .\CortexM0\ARM_GCC_493\Debug\Lab02.a(CyLib.o)
 .text.CySysClkWriteHfclkDirect
                0x00000000       0x20 .\CortexM0\ARM_GCC_493\Debug\Lab02.a(CyLib.o)
 .text.CySysClkGetSysclkSource
                0x00000000       0x1c .\CortexM0\ARM_GCC_493\Debug\Lab02.a(CyLib.o)
 .text.CySysClkWriteSysclkDiv
                0x00000000       0x28 .\CortexM0\ARM_GCC_493\Debug\Lab02.a(CyLib.o)
 .text.CySysClkEcoStop
                0x00000000       0x24 .\CortexM0\ARM_GCC_493\Debug\Lab02.a(CyLib.o)
 .text.CySysLvdDisable
                0x00000000       0x20 .\CortexM0\ARM_GCC_493\Debug\Lab02.a(CyLib.o)
 .text.CySysLvdGetInterruptSource
                0x00000000       0x10 .\CortexM0\ARM_GCC_493\Debug\Lab02.a(CyLib.o)
 .text.CySysLvdClearInterrupt
                0x00000000        0xc .\CortexM0\ARM_GCC_493\Debug\Lab02.a(CyLib.o)
 .text.CySysGetResetReason
                0x00000000       0x14 .\CortexM0\ARM_GCC_493\Debug\Lab02.a(CyLib.o)
 .text.CyDisableInts
                0x00000000       0x10 .\CortexM0\ARM_GCC_493\Debug\Lab02.a(CyLib.o)
 .text.CyEnableInts
                0x00000000        0xc .\CortexM0\ARM_GCC_493\Debug\Lab02.a(CyLib.o)
 .text.CyIntGetState
                0x00000000       0x18 .\CortexM0\ARM_GCC_493\Debug\Lab02.a(CyLib.o)
 .text.CyIntDisable
                0x00000000       0x14 .\CortexM0\ARM_GCC_493\Debug\Lab02.a(CyLib.o)
 .text.CyIntSetPending
                0x00000000       0x14 .\CortexM0\ARM_GCC_493\Debug\Lab02.a(CyLib.o)
 .text.CyIntClearPending
                0x00000000       0x14 .\CortexM0\ARM_GCC_493\Debug\Lab02.a(CyLib.o)
 .text.CySysClkWriteEcoDiv
                0x00000000       0x38 .\CortexM0\ARM_GCC_493\Debug\Lab02.a(CyLib.o)
 .text.CyIntSetSysVector
                0x00000000       0x20 .\CortexM0\ARM_GCC_493\Debug\Lab02.a(CyLib.o)
 .text.CyIntGetSysVector
                0x00000000       0x1c .\CortexM0\ARM_GCC_493\Debug\Lab02.a(CyLib.o)
 .text.CyIntGetVector
                0x00000000       0x20 .\CortexM0\ARM_GCC_493\Debug\Lab02.a(CyLib.o)
 .text.CyIntSetPriority
                0x00000000       0x4c .\CortexM0\ARM_GCC_493\Debug\Lab02.a(CyLib.o)
 .text.CyIntGetPriority
                0x00000000       0x2c .\CortexM0\ARM_GCC_493\Debug\Lab02.a(CyLib.o)
 .text.CySoftwareReset
                0x00000000       0x18 .\CortexM0\ARM_GCC_493\Debug\Lab02.a(CyLib.o)
 .text.CyDelay  0x00000000       0x30 .\CortexM0\ARM_GCC_493\Debug\Lab02.a(CyLib.o)
 .text.CySysLvdEnable
                0x00000000       0x44 .\CortexM0\ARM_GCC_493\Debug\Lab02.a(CyLib.o)
 .text.CyDelayFreq
                0x00000000       0x4c .\CortexM0\ARM_GCC_493\Debug\Lab02.a(CyLib.o)
 .text.CySysTickStop
                0x00000000       0x10 .\CortexM0\ARM_GCC_493\Debug\Lab02.a(CyLib.o)
 .text.CySysTickEnableInterrupt
                0x00000000       0x10 .\CortexM0\ARM_GCC_493\Debug\Lab02.a(CyLib.o)
 .text.CySysTickEnable
                0x00000000       0x18 .\CortexM0\ARM_GCC_493\Debug\Lab02.a(CyLib.o)
 .text.CySysTickDisableInterrupt
                0x00000000       0x10 .\CortexM0\ARM_GCC_493\Debug\Lab02.a(CyLib.o)
 .text.CySysTickSetReload
                0x00000000       0x10 .\CortexM0\ARM_GCC_493\Debug\Lab02.a(CyLib.o)
 .text.CySysTickGetReload
                0x00000000       0x10 .\CortexM0\ARM_GCC_493\Debug\Lab02.a(CyLib.o)
 .text.CySysTickGetValue
                0x00000000       0x10 .\CortexM0\ARM_GCC_493\Debug\Lab02.a(CyLib.o)
 .text.CySysTickSetClockSource
                0x00000000       0x20 .\CortexM0\ARM_GCC_493\Debug\Lab02.a(CyLib.o)
 .text.CySysTickGetCountFlag
                0x00000000       0x10 .\CortexM0\ARM_GCC_493\Debug\Lab02.a(CyLib.o)
 .text.CySysTickServiceCallbacks
                0x00000000       0x28 .\CortexM0\ARM_GCC_493\Debug\Lab02.a(CyLib.o)
 .text.CySysTickClear
                0x00000000        0xc .\CortexM0\ARM_GCC_493\Debug\Lab02.a(CyLib.o)
 .text.CySysTickInit
                0x00000000       0x4c .\CortexM0\ARM_GCC_493\Debug\Lab02.a(CyLib.o)
 .text.CySysTickStart
                0x00000000       0x20 .\CortexM0\ARM_GCC_493\Debug\Lab02.a(CyLib.o)
 .text.CySysTickSetCallback
                0x00000000       0x10 .\CortexM0\ARM_GCC_493\Debug\Lab02.a(CyLib.o)
 .text.CySysTickGetCallback
                0x00000000        0xc .\CortexM0\ARM_GCC_493\Debug\Lab02.a(CyLib.o)
 .text.CyGetUniqueId
                0x00000000       0x70 .\CortexM0\ARM_GCC_493\Debug\Lab02.a(CyLib.o)
 .text          0x00000000        0x0 .\CortexM0\ARM_GCC_493\Debug\Lab02.a(CyLFClk.o)
 .text.CySysClkIloEnabled
                0x00000000       0x14 .\CortexM0\ARM_GCC_493\Debug\Lab02.a(CyLFClk.o)
 .text.CySysClkGetLfclkSource
                0x00000000       0x10 .\CortexM0\ARM_GCC_493\Debug\Lab02.a(CyLFClk.o)
 .text.CySysClkIloStart
                0x00000000       0x14 .\CortexM0\ARM_GCC_493\Debug\Lab02.a(CyLFClk.o)
 .text.CySysClkIloStartMeasurement
                0x00000000       0x5c .\CortexM0\ARM_GCC_493\Debug\Lab02.a(CyLFClk.o)
 .text.CySysClkIloStopMeasurement
                0x00000000       0x14 .\CortexM0\ARM_GCC_493\Debug\Lab02.a(CyLFClk.o)
 .text.CySysClkIloCompensate
                0x00000000      0x108 .\CortexM0\ARM_GCC_493\Debug\Lab02.a(CyLFClk.o)
 .text.CySysClkIloUpdateTrimReg
                0x00000000       0xa4 .\CortexM0\ARM_GCC_493\Debug\Lab02.a(CyLFClk.o)
 .text.CySysClkIloTrim
                0x00000000       0xd8 .\CortexM0\ARM_GCC_493\Debug\Lab02.a(CyLFClk.o)
 .text.CySysClkIloRestoreFactoryTrim
                0x00000000       0x30 .\CortexM0\ARM_GCC_493\Debug\Lab02.a(CyLFClk.o)
 .text.CySysClkWcoEnabled
                0x00000000       0x14 .\CortexM0\ARM_GCC_493\Debug\Lab02.a(CyLFClk.o)
 .text.CySysClkWcoClockOutSelect
                0x00000000       0x2c .\CortexM0\ARM_GCC_493\Debug\Lab02.a(CyLFClk.o)
 .text.CySysWdtGetEnabledStatus
                0x00000000       0x24 .\CortexM0\ARM_GCC_493\Debug\Lab02.a(CyLFClk.o)
 .text.CySysWdtSetMode
                0x00000000       0x38 .\CortexM0\ARM_GCC_493\Debug\Lab02.a(CyLFClk.o)
 .text.CySysClkLfclkPosedgeRestore
                0x00000000       0x2c .\CortexM0\ARM_GCC_493\Debug\Lab02.a(CyLFClk.o)
 .text.CySysWdtGetMode
                0x00000000       0x14 .\CortexM0\ARM_GCC_493\Debug\Lab02.a(CyLFClk.o)
 .text.CySysWdtSetClearOnMatch
                0x00000000       0x38 .\CortexM0\ARM_GCC_493\Debug\Lab02.a(CyLFClk.o)
 .text.CySysWdtGetClearOnMatch
                0x00000000       0x24 .\CortexM0\ARM_GCC_493\Debug\Lab02.a(CyLFClk.o)
 .text.CySysWdtEnable
                0x00000000       0x3c .\CortexM0\ARM_GCC_493\Debug\Lab02.a(CyLFClk.o)
 .text.CySysWdtDisable
                0x00000000       0x44 .\CortexM0\ARM_GCC_493\Debug\Lab02.a(CyLFClk.o)
 .text.CySysWdtSetCascade
                0x00000000       0x34 .\CortexM0\ARM_GCC_493\Debug\Lab02.a(CyLFClk.o)
 .text.CySysWdtGetCascade
                0x00000000       0x14 .\CortexM0\ARM_GCC_493\Debug\Lab02.a(CyLFClk.o)
 .text.CySysWdtSetMatch
                0x00000000       0x58 .\CortexM0\ARM_GCC_493\Debug\Lab02.a(CyLFClk.o)
 .text.CySysWdtSetToggleBit
                0x00000000       0x2c .\CortexM0\ARM_GCC_493\Debug\Lab02.a(CyLFClk.o)
 .text.CySysWdtGetToggleBit
                0x00000000       0x10 .\CortexM0\ARM_GCC_493\Debug\Lab02.a(CyLFClk.o)
 .text.CySysWdtGetMatch
                0x00000000       0x20 .\CortexM0\ARM_GCC_493\Debug\Lab02.a(CyLFClk.o)
 .text.CySysWdtGetCount
                0x00000000       0x3c .\CortexM0\ARM_GCC_493\Debug\Lab02.a(CyLFClk.o)
 .text.CySysClkLfclkPosedgeCatch
                0x00000000       0x74 .\CortexM0\ARM_GCC_493\Debug\Lab02.a(CyLFClk.o)
 .text.CySysClkIloStop
                0x00000000       0x4c .\CortexM0\ARM_GCC_493\Debug\Lab02.a(CyLFClk.o)
 .text.CySysClkSetLfclkSource
                0x00000000       0x38 .\CortexM0\ARM_GCC_493\Debug\Lab02.a(CyLFClk.o)
 .text.CySysClkWcoStop
                0x00000000       0x48 .\CortexM0\ARM_GCC_493\Debug\Lab02.a(CyLFClk.o)
 .text.CySysWdtGetInterruptSource
                0x00000000       0x14 .\CortexM0\ARM_GCC_493\Debug\Lab02.a(CyLFClk.o)
 .text.CySysWdtResetCounters
                0x00000000       0x20 .\CortexM0\ARM_GCC_493\Debug\Lab02.a(CyLFClk.o)
 .text.CySysWdtSetInterruptCallback
                0x00000000       0x20 .\CortexM0\ARM_GCC_493\Debug\Lab02.a(CyLFClk.o)
 .text.CySysWdtGetInterruptCallback
                0x00000000       0x20 .\CortexM0\ARM_GCC_493\Debug\Lab02.a(CyLFClk.o)
 .text.CySysWdtEnableCounterIsr
                0x00000000       0x34 .\CortexM0\ARM_GCC_493\Debug\Lab02.a(CyLFClk.o)
 .text.CySysWdtDisableCounterIsr
                0x00000000       0x28 .\CortexM0\ARM_GCC_493\Debug\Lab02.a(CyLFClk.o)
 .text.CySysWatchdogFeed
                0x00000000       0x60 .\CortexM0\ARM_GCC_493\Debug\Lab02.a(CyLFClk.o)
 .text.CySysTimerDelayUntilMatch
                0x00000000       0x6c .\CortexM0\ARM_GCC_493\Debug\Lab02.a(CyLFClk.o)
 .text.CySysTimerDelay
                0x00000000       0x3c .\CortexM0\ARM_GCC_493\Debug\Lab02.a(CyLFClk.o)
 .rodata        0x00000000        0xc .\CortexM0\ARM_GCC_493\Debug\Lab02.a(CyLFClk.o)
 .text          0x00000000        0x0 .\CortexM0\ARM_GCC_493\Debug\Lab02.a(PWM_1.o)
 .data          0x00000000        0x0 .\CortexM0\ARM_GCC_493\Debug\Lab02.a(PWM_1.o)
 .text.PWM_1_Stop
                0x00000000       0x1c .\CortexM0\ARM_GCC_493\Debug\Lab02.a(PWM_1.o)
 .text.PWM_1_SetMode
                0x00000000       0x28 .\CortexM0\ARM_GCC_493\Debug\Lab02.a(PWM_1.o)
 .text.PWM_1_SetQDMode
                0x00000000       0x28 .\CortexM0\ARM_GCC_493\Debug\Lab02.a(PWM_1.o)
 .text.PWM_1_SetPrescaler
                0x00000000       0x28 .\CortexM0\ARM_GCC_493\Debug\Lab02.a(PWM_1.o)
 .text.PWM_1_SetOneShot
                0x00000000       0x2c .\CortexM0\ARM_GCC_493\Debug\Lab02.a(PWM_1.o)
 .text.PWM_1_SetPWMMode
                0x00000000       0x10 .\CortexM0\ARM_GCC_493\Debug\Lab02.a(PWM_1.o)
 .text.PWM_1_SetPWMSyncKill
                0x00000000       0x28 .\CortexM0\ARM_GCC_493\Debug\Lab02.a(PWM_1.o)
 .text.PWM_1_SetPWMStopOnKill
                0x00000000       0x28 .\CortexM0\ARM_GCC_493\Debug\Lab02.a(PWM_1.o)
 .text.PWM_1_SetPWMDeadTime
                0x00000000       0x2c .\CortexM0\ARM_GCC_493\Debug\Lab02.a(PWM_1.o)
 .text.PWM_1_SetPWMInvert
                0x00000000       0x28 .\CortexM0\ARM_GCC_493\Debug\Lab02.a(PWM_1.o)
 .text.PWM_1_ReadCounter
                0x00000000       0x10 .\CortexM0\ARM_GCC_493\Debug\Lab02.a(PWM_1.o)
 .text.PWM_1_SetCounterMode
                0x00000000       0x28 .\CortexM0\ARM_GCC_493\Debug\Lab02.a(PWM_1.o)
 .text.PWM_1_ReadPeriod
                0x00000000       0x10 .\CortexM0\ARM_GCC_493\Debug\Lab02.a(PWM_1.o)
 .text.PWM_1_SetCompareSwap
                0x00000000       0x24 .\CortexM0\ARM_GCC_493\Debug\Lab02.a(PWM_1.o)
 .text.PWM_1_WritePeriodBuf
                0x00000000       0x10 .\CortexM0\ARM_GCC_493\Debug\Lab02.a(PWM_1.o)
 .text.PWM_1_ReadPeriodBuf
                0x00000000       0x10 .\CortexM0\ARM_GCC_493\Debug\Lab02.a(PWM_1.o)
 .text.PWM_1_SetPeriodSwap
                0x00000000       0x28 .\CortexM0\ARM_GCC_493\Debug\Lab02.a(PWM_1.o)
 .text.PWM_1_WriteCompareBuf
                0x00000000       0x10 .\CortexM0\ARM_GCC_493\Debug\Lab02.a(PWM_1.o)
 .text.PWM_1_ReadCompareBuf
                0x00000000       0x10 .\CortexM0\ARM_GCC_493\Debug\Lab02.a(PWM_1.o)
 .text.PWM_1_ReadCapture
                0x00000000       0x10 .\CortexM0\ARM_GCC_493\Debug\Lab02.a(PWM_1.o)
 .text.PWM_1_ReadCaptureBuf
                0x00000000       0x10 .\CortexM0\ARM_GCC_493\Debug\Lab02.a(PWM_1.o)
 .text.PWM_1_SetCaptureMode
                0x00000000       0x24 .\CortexM0\ARM_GCC_493\Debug\Lab02.a(PWM_1.o)
 .text.PWM_1_SetReloadMode
                0x00000000       0x24 .\CortexM0\ARM_GCC_493\Debug\Lab02.a(PWM_1.o)
 .text.PWM_1_SetStartMode
                0x00000000       0x28 .\CortexM0\ARM_GCC_493\Debug\Lab02.a(PWM_1.o)
 .text.PWM_1_SetStopMode
                0x00000000       0x24 .\CortexM0\ARM_GCC_493\Debug\Lab02.a(PWM_1.o)
 .text.PWM_1_SetCountMode
                0x00000000       0x24 .\CortexM0\ARM_GCC_493\Debug\Lab02.a(PWM_1.o)
 .text.PWM_1_ReadStatus
                0x00000000       0x14 .\CortexM0\ARM_GCC_493\Debug\Lab02.a(PWM_1.o)
 .text.PWM_1_GetInterruptSourceMasked
                0x00000000        0xc .\CortexM0\ARM_GCC_493\Debug\Lab02.a(PWM_1.o)
 .text.PWM_1_GetInterruptSource
                0x00000000        0xc .\CortexM0\ARM_GCC_493\Debug\Lab02.a(PWM_1.o)
 .text.PWM_1_SetInterrupt
                0x00000000        0xc .\CortexM0\ARM_GCC_493\Debug\Lab02.a(PWM_1.o)
 .text          0x00000000        0x0 .\CortexM0\ARM_GCC_493\Debug\Lab02.a(isr_1.o)
 .data          0x00000000        0x0 .\CortexM0\ARM_GCC_493\Debug\Lab02.a(isr_1.o)
 .text.isr_1_GetVector
                0x00000000        0xc .\CortexM0\ARM_GCC_493\Debug\Lab02.a(isr_1.o)
 .text.isr_1_GetPriority
                0x00000000       0x10 .\CortexM0\ARM_GCC_493\Debug\Lab02.a(isr_1.o)
 .text.isr_1_GetState
                0x00000000       0x14 .\CortexM0\ARM_GCC_493\Debug\Lab02.a(isr_1.o)
 .text.isr_1_StartEx
                0x00000000       0x1c .\CortexM0\ARM_GCC_493\Debug\Lab02.a(isr_1.o)
 .text.isr_1_Stop
                0x00000000       0x14 .\CortexM0\ARM_GCC_493\Debug\Lab02.a(isr_1.o)
 .text.isr_1_SetPending
                0x00000000        0xc .\CortexM0\ARM_GCC_493\Debug\Lab02.a(isr_1.o)
 .text.isr_1_ClearPending
                0x00000000        0xc .\CortexM0\ARM_GCC_493\Debug\Lab02.a(isr_1.o)
 .text          0x00000000        0x0 .\CortexM0\ARM_GCC_493\Debug\Lab02.a(isr_2.o)
 .data          0x00000000        0x0 .\CortexM0\ARM_GCC_493\Debug\Lab02.a(isr_2.o)
 .text.isr_2_GetVector
                0x00000000        0xc .\CortexM0\ARM_GCC_493\Debug\Lab02.a(isr_2.o)
 .text.isr_2_GetPriority
                0x00000000       0x10 .\CortexM0\ARM_GCC_493\Debug\Lab02.a(isr_2.o)
 .text.isr_2_GetState
                0x00000000       0x14 .\CortexM0\ARM_GCC_493\Debug\Lab02.a(isr_2.o)
 .text.isr_2_StartEx
                0x00000000       0x1c .\CortexM0\ARM_GCC_493\Debug\Lab02.a(isr_2.o)
 .text.isr_2_Stop
                0x00000000       0x14 .\CortexM0\ARM_GCC_493\Debug\Lab02.a(isr_2.o)
 .text.isr_2_SetPending
                0x00000000       0x10 .\CortexM0\ARM_GCC_493\Debug\Lab02.a(isr_2.o)
 .text.isr_2_ClearPending
                0x00000000       0x10 .\CortexM0\ARM_GCC_493\Debug\Lab02.a(isr_2.o)
 .text          0x00000000        0x0 .\CortexM0\ARM_GCC_493\Debug\Lab02.a(LED_Blue.o)
 .data          0x00000000        0x0 .\CortexM0\ARM_GCC_493\Debug\Lab02.a(LED_Blue.o)
 .bss           0x00000000        0x0 .\CortexM0\ARM_GCC_493\Debug\Lab02.a(LED_Blue.o)
 .text.LED_Blue_SetDriveMode
                0x00000000       0x18 .\CortexM0\ARM_GCC_493\Debug\Lab02.a(LED_Blue.o)
 .text.LED_Blue_ReadDataReg
                0x00000000       0x10 .\CortexM0\ARM_GCC_493\Debug\Lab02.a(LED_Blue.o)
 .text.LED_Blue_SetInterruptMode
                0x00000000       0x14 .\CortexM0\ARM_GCC_493\Debug\Lab02.a(LED_Blue.o)
 .text.LED_Blue_ClearInterrupt
                0x00000000       0x14 .\CortexM0\ARM_GCC_493\Debug\Lab02.a(LED_Blue.o)
 .text          0x00000000        0x0 .\CortexM0\ARM_GCC_493\Debug\Lab02.a(Pin_1.o)
 .data          0x00000000        0x0 .\CortexM0\ARM_GCC_493\Debug\Lab02.a(Pin_1.o)
 .bss           0x00000000        0x0 .\CortexM0\ARM_GCC_493\Debug\Lab02.a(Pin_1.o)
 .text.Pin_1_SetDriveMode
                0x00000000       0x18 .\CortexM0\ARM_GCC_493\Debug\Lab02.a(Pin_1.o)
 .text.Pin_1_Write
                0x00000000       0x18 .\CortexM0\ARM_GCC_493\Debug\Lab02.a(Pin_1.o)
 .text.Pin_1_Read
                0x00000000       0x10 .\CortexM0\ARM_GCC_493\Debug\Lab02.a(Pin_1.o)
 .text.Pin_1_ReadDataReg
                0x00000000       0x10 .\CortexM0\ARM_GCC_493\Debug\Lab02.a(Pin_1.o)
 .text.Pin_1_SetInterruptMode
                0x00000000       0x14 .\CortexM0\ARM_GCC_493\Debug\Lab02.a(Pin_1.o)
 .text          0x00000000      0x120 c:/program files (x86)/cypress/psoc creator/3.3/psoc creator/import/gnu/arm/4.9.3/bin/../lib/gcc/arm-none-eabi/4.9.3/armv6-m\libgcc.a(_udivsi3.o)
 .data          0x00000000        0x0 c:/program files (x86)/cypress/psoc creator/3.3/psoc creator/import/gnu/arm/4.9.3/bin/../lib/gcc/arm-none-eabi/4.9.3/armv6-m\libgcc.a(_udivsi3.o)
 .bss           0x00000000        0x0 c:/program files (x86)/cypress/psoc creator/3.3/psoc creator/import/gnu/arm/4.9.3/bin/../lib/gcc/arm-none-eabi/4.9.3/armv6-m\libgcc.a(_udivsi3.o)
 .text          0x00000000      0x1e0 c:/program files (x86)/cypress/psoc creator/3.3/psoc creator/import/gnu/arm/4.9.3/bin/../lib/gcc/arm-none-eabi/4.9.3/armv6-m\libgcc.a(_divsi3.o)
 .data          0x00000000        0x0 c:/program files (x86)/cypress/psoc creator/3.3/psoc creator/import/gnu/arm/4.9.3/bin/../lib/gcc/arm-none-eabi/4.9.3/armv6-m\libgcc.a(_divsi3.o)
 .bss           0x00000000        0x0 c:/program files (x86)/cypress/psoc creator/3.3/psoc creator/import/gnu/arm/4.9.3/bin/../lib/gcc/arm-none-eabi/4.9.3/armv6-m\libgcc.a(_divsi3.o)
 .text          0x00000000        0x4 c:/program files (x86)/cypress/psoc creator/3.3/psoc creator/import/gnu/arm/4.9.3/bin/../lib/gcc/arm-none-eabi/4.9.3/armv6-m\libgcc.a(_dvmd_tls.o)
 .data          0x00000000        0x0 c:/program files (x86)/cypress/psoc creator/3.3/psoc creator/import/gnu/arm/4.9.3/bin/../lib/gcc/arm-none-eabi/4.9.3/armv6-m\libgcc.a(_dvmd_tls.o)
 .bss           0x00000000        0x0 c:/program files (x86)/cypress/psoc creator/3.3/psoc creator/import/gnu/arm/4.9.3/bin/../lib/gcc/arm-none-eabi/4.9.3/armv6-m\libgcc.a(_dvmd_tls.o)
 .text          0x00000000        0x0 c:/program files (x86)/cypress/psoc creator/3.3/psoc creator/import/gnu/arm/4.9.3/bin/../lib/gcc/arm-none-eabi/4.9.3/../../../../arm-none-eabi/lib/armv6-m\libg_nano.a(lib_a-errno.o)
 .data          0x00000000        0x0 c:/program files (x86)/cypress/psoc creator/3.3/psoc creator/import/gnu/arm/4.9.3/bin/../lib/gcc/arm-none-eabi/4.9.3/../../../../arm-none-eabi/lib/armv6-m\libg_nano.a(lib_a-errno.o)
 .bss           0x00000000        0x0 c:/program files (x86)/cypress/psoc creator/3.3/psoc creator/import/gnu/arm/4.9.3/bin/../lib/gcc/arm-none-eabi/4.9.3/../../../../arm-none-eabi/lib/armv6-m\libg_nano.a(lib_a-errno.o)
 .text.__errno  0x00000000        0xc c:/program files (x86)/cypress/psoc creator/3.3/psoc creator/import/gnu/arm/4.9.3/bin/../lib/gcc/arm-none-eabi/4.9.3/../../../../arm-none-eabi/lib/armv6-m\libg_nano.a(lib_a-errno.o)
 .text          0x00000000        0x0 c:/program files (x86)/cypress/psoc creator/3.3/psoc creator/import/gnu/arm/4.9.3/bin/../lib/gcc/arm-none-eabi/4.9.3/../../../../arm-none-eabi/lib/armv6-m\libg_nano.a(lib_a-exit.o)
 .data          0x00000000        0x0 c:/program files (x86)/cypress/psoc creator/3.3/psoc creator/import/gnu/arm/4.9.3/bin/../lib/gcc/arm-none-eabi/4.9.3/../../../../arm-none-eabi/lib/armv6-m\libg_nano.a(lib_a-exit.o)
 .bss           0x00000000        0x0 c:/program files (x86)/cypress/psoc creator/3.3/psoc creator/import/gnu/arm/4.9.3/bin/../lib/gcc/arm-none-eabi/4.9.3/../../../../arm-none-eabi/lib/armv6-m\libg_nano.a(lib_a-exit.o)
 .text.exit     0x00000000       0x2c c:/program files (x86)/cypress/psoc creator/3.3/psoc creator/import/gnu/arm/4.9.3/bin/../lib/gcc/arm-none-eabi/4.9.3/../../../../arm-none-eabi/lib/armv6-m\libg_nano.a(lib_a-exit.o)
 .text          0x00000000        0x0 c:/program files (x86)/cypress/psoc creator/3.3/psoc creator/import/gnu/arm/4.9.3/bin/../lib/gcc/arm-none-eabi/4.9.3/../../../../arm-none-eabi/lib/armv6-m\libg_nano.a(lib_a-impure.o)
 .data          0x00000000        0x0 c:/program files (x86)/cypress/psoc creator/3.3/psoc creator/import/gnu/arm/4.9.3/bin/../lib/gcc/arm-none-eabi/4.9.3/../../../../arm-none-eabi/lib/armv6-m\libg_nano.a(lib_a-impure.o)
 .bss           0x00000000        0x0 c:/program files (x86)/cypress/psoc creator/3.3/psoc creator/import/gnu/arm/4.9.3/bin/../lib/gcc/arm-none-eabi/4.9.3/../../../../arm-none-eabi/lib/armv6-m\libg_nano.a(lib_a-impure.o)
 .data.impure_data
                0x00000000       0x60 c:/program files (x86)/cypress/psoc creator/3.3/psoc creator/import/gnu/arm/4.9.3/bin/../lib/gcc/arm-none-eabi/4.9.3/../../../../arm-none-eabi/lib/armv6-m\libg_nano.a(lib_a-impure.o)
 .data._impure_ptr
                0x00000000        0x4 c:/program files (x86)/cypress/psoc creator/3.3/psoc creator/import/gnu/arm/4.9.3/bin/../lib/gcc/arm-none-eabi/4.9.3/../../../../arm-none-eabi/lib/armv6-m\libg_nano.a(lib_a-impure.o)
 .rodata.str1.1
                0x00000000        0x2 c:/program files (x86)/cypress/psoc creator/3.3/psoc creator/import/gnu/arm/4.9.3/bin/../lib/gcc/arm-none-eabi/4.9.3/../../../../arm-none-eabi/lib/armv6-m\libg_nano.a(lib_a-impure.o)
 .rodata._global_impure_ptr
                0x00000000        0x4 c:/program files (x86)/cypress/psoc creator/3.3/psoc creator/import/gnu/arm/4.9.3/bin/../lib/gcc/arm-none-eabi/4.9.3/../../../../arm-none-eabi/lib/armv6-m\libg_nano.a(lib_a-impure.o)
 .text          0x00000000        0x0 c:/program files (x86)/cypress/psoc creator/3.3/psoc creator/import/gnu/arm/4.9.3/bin/../lib/gcc/arm-none-eabi/4.9.3/../../../../arm-none-eabi/lib/armv6-m\libg_nano.a(lib_a-init.o)
 .data          0x00000000        0x0 c:/program files (x86)/cypress/psoc creator/3.3/psoc creator/import/gnu/arm/4.9.3/bin/../lib/gcc/arm-none-eabi/4.9.3/../../../../arm-none-eabi/lib/armv6-m\libg_nano.a(lib_a-init.o)
 .bss           0x00000000        0x0 c:/program files (x86)/cypress/psoc creator/3.3/psoc creator/import/gnu/arm/4.9.3/bin/../lib/gcc/arm-none-eabi/4.9.3/../../../../arm-none-eabi/lib/armv6-m\libg_nano.a(lib_a-init.o)
 .text          0x00000000        0x0 c:/program files (x86)/cypress/psoc creator/3.3/psoc creator/import/gnu/arm/4.9.3/bin/../lib/gcc/arm-none-eabi/4.9.3/../../../../arm-none-eabi/lib/armv6-m\libg_nano.a(lib_a-memset.o)
 .data          0x00000000        0x0 c:/program files (x86)/cypress/psoc creator/3.3/psoc creator/import/gnu/arm/4.9.3/bin/../lib/gcc/arm-none-eabi/4.9.3/../../../../arm-none-eabi/lib/armv6-m\libg_nano.a(lib_a-memset.o)
 .bss           0x00000000        0x0 c:/program files (x86)/cypress/psoc creator/3.3/psoc creator/import/gnu/arm/4.9.3/bin/../lib/gcc/arm-none-eabi/4.9.3/../../../../arm-none-eabi/lib/armv6-m\libg_nano.a(lib_a-memset.o)
 .text          0x00000000        0x0 c:/program files (x86)/cypress/psoc creator/3.3/psoc creator/import/gnu/arm/4.9.3/bin/../lib/gcc/arm-none-eabi/4.9.3/armv6-m/crtend.o
 .data          0x00000000        0x0 c:/program files (x86)/cypress/psoc creator/3.3/psoc creator/import/gnu/arm/4.9.3/bin/../lib/gcc/arm-none-eabi/4.9.3/armv6-m/crtend.o
 .bss           0x00000000        0x0 c:/program files (x86)/cypress/psoc creator/3.3/psoc creator/import/gnu/arm/4.9.3/bin/../lib/gcc/arm-none-eabi/4.9.3/armv6-m/crtend.o
 .text          0x00000000        0x0 c:/program files (x86)/cypress/psoc creator/3.3/psoc creator/import/gnu/arm/4.9.3/bin/../lib/gcc/arm-none-eabi/4.9.3/armv6-m/crtn.o
 .data          0x00000000        0x0 c:/program files (x86)/cypress/psoc creator/3.3/psoc creator/import/gnu/arm/4.9.3/bin/../lib/gcc/arm-none-eabi/4.9.3/armv6-m/crtn.o
 .bss           0x00000000        0x0 c:/program files (x86)/cypress/psoc creator/3.3/psoc creator/import/gnu/arm/4.9.3/bin/../lib/gcc/arm-none-eabi/4.9.3/armv6-m/crtn.o

Memory Configuration

Name             Origin             Length             Attributes
rom              0x00000000         0x00020000         xr
ram              0x20000000         0x00004000         xrw
*default*        0x00000000         0xffffffff

Linker script and memory map

LOAD c:/program files (x86)/cypress/psoc creator/3.3/psoc creator/import/gnu/arm/4.9.3/bin/../lib/gcc/arm-none-eabi/4.9.3/armv6-m/crti.o
LOAD c:/program files (x86)/cypress/psoc creator/3.3/psoc creator/import/gnu/arm/4.9.3/bin/../lib/gcc/arm-none-eabi/4.9.3/armv6-m/crtbegin.o
LOAD c:/program files (x86)/cypress/psoc creator/3.3/psoc creator/import/gnu/arm/4.9.3/bin/../lib/gcc/arm-none-eabi/4.9.3/../../../../arm-none-eabi/lib/armv6-m/crt0.o
START GROUP
LOAD .\CortexM0\ARM_GCC_493\Debug\main.o
LOAD .\CortexM0\ARM_GCC_493\Debug\cymetadata.o
LOAD .\CortexM0\ARM_GCC_493\Debug\Cm0Start.o
LOAD .\CortexM0\ARM_GCC_493\Debug\Lab02.a
LOAD C:\Program Files (x86)\Cypress\PSoC Creator\3.3\PSoC Creator\psoc\content\cycomponentlibrary\CyComponentLibrary.cylib\CortexM0\ARM_GCC_493\Debug\CyComponentLibrary.a
END GROUP
START GROUP
LOAD c:/program files (x86)/cypress/psoc creator/3.3/psoc creator/import/gnu/arm/4.9.3/bin/../lib/gcc/arm-none-eabi/4.9.3/armv6-m\libgcc.a
LOAD c:/program files (x86)/cypress/psoc creator/3.3/psoc creator/import/gnu/arm/4.9.3/bin/../lib/gcc/arm-none-eabi/4.9.3/../../../../arm-none-eabi/lib/armv6-m\libg_nano.a
LOAD c:/program files (x86)/cypress/psoc creator/3.3/psoc creator/import/gnu/arm/4.9.3/bin/../lib/gcc/arm-none-eabi/4.9.3/../../../../arm-none-eabi/lib/armv6-m\libc_nano.a
END GROUP
START GROUP
LOAD c:/program files (x86)/cypress/psoc creator/3.3/psoc creator/import/gnu/arm/4.9.3/bin/../lib/gcc/arm-none-eabi/4.9.3/armv6-m\libgcc.a
LOAD c:/program files (x86)/cypress/psoc creator/3.3/psoc creator/import/gnu/arm/4.9.3/bin/../lib/gcc/arm-none-eabi/4.9.3/../../../../arm-none-eabi/lib/armv6-m\libc_nano.a
END GROUP
LOAD c:/program files (x86)/cypress/psoc creator/3.3/psoc creator/import/gnu/arm/4.9.3/bin/../lib/gcc/arm-none-eabi/4.9.3/armv6-m/crtend.o
LOAD c:/program files (x86)/cypress/psoc creator/3.3/psoc creator/import/gnu/arm/4.9.3/bin/../lib/gcc/arm-none-eabi/4.9.3/armv6-m/crtn.o
START GROUP
LOAD c:/program files (x86)/cypress/psoc creator/3.3/psoc creator/import/gnu/arm/4.9.3/bin/../lib/gcc/arm-none-eabi/4.9.3/armv6-m\libgcc.a
LOAD c:/program files (x86)/cypress/psoc creator/3.3/psoc creator/import/gnu/arm/4.9.3/bin/../lib/gcc/arm-none-eabi/4.9.3/../../../../arm-none-eabi/lib/armv6-m\libc.a
LOAD c:/program files (x86)/cypress/psoc creator/3.3/psoc creator/import/gnu/arm/4.9.3/bin/../lib/gcc/arm-none-eabi/4.9.3/../../../../arm-none-eabi/lib/armv6-m\libnosys.a
END GROUP
                0x00000000                CY_APPL_ORIGIN = 0x0
                0x00000080                CY_FLASH_ROW_SIZE = 0x80
                0x00000001                CY_APPL_NUM = 0x1
                0x00000001                CY_APPL_MAX = 0x1
                0x00000040                CY_METADATA_SIZE = 0x40
                0x00000000                CY_APPL_LOADABLE = 0x0
                0x00000000                CY_CHECKSUM_EXCLUDE_SIZE = ALIGN (0x0, CY_FLASH_ROW_SIZE)
                0x00000000                CY_APP_FOR_STACK_AND_COPIER = 0x0
                0x20000138                PROVIDE (__cy_heap_start, _end)
                0x00000001                PROVIDE (__cy_region_num, ((__cy_regions_end - __cy_regions) / 0x10))
                0x20004000                PROVIDE (__cy_stack, (ORIGIN (ram) + 0x4000))
                0x20003800                PROVIDE (__cy_heap_end, (__cy_stack - 0x800))

.cybootloader   0x00000000        0x0
 *(.cybootloader)
                0x00000000                appl1_start = CY_APPL_ORIGIN?CY_APPL_ORIGIN:ALIGN (CY_FLASH_ROW_SIZE)
                0x0000ff80                appl2_start = (appl1_start + ALIGN ((((0x20000 - appl1_start) - (0x2 * CY_FLASH_ROW_SIZE)) / 0x2), CY_FLASH_ROW_SIZE))
                0x00000000                appl_start = (CY_APPL_NUM == 0x1)?appl1_start:appl2_start
                0x00000001                cy_project_type_bootloader = (appl_start == 0x0)?0x1:0x0
                0x00000000                cy_project_type_app_for_stack_and_copier = (CY_APP_FOR_STACK_AND_COPIER == 0x1)?0x1:0x0

.text           0x00000000      0x980
 CREATE_OBJECT_SYMBOLS
                0x00000000                PROVIDE (__cy_interrupt_vector, RomVectors)
 *(.romvectors)
 .romvectors    0x00000000       0x10 .\CortexM0\ARM_GCC_493\Debug\Cm0Start.o
                0x00000000                RomVectors
                0x00000001                ASSERT ((. != __cy_interrupt_vector), No interrupt vector)
                0x00000001                ASSERT (CY_APPL_ORIGIN?(SIZEOF (.cybootloader) <= CY_APPL_ORIGIN):0x1, Wrong image location)
                0x00000010                PROVIDE (__cy_reset, Reset)
 *(.text.Reset)
 .text.Reset    0x00000010        0x8 .\CortexM0\ARM_GCC_493\Debug\Cm0Start.o
                0x00000010                Reset
                0x00000001                ASSERT ((. != __cy_reset), No reset code)
 *(.psocinit)
 .psocinit      0x00000018      0x1d8 .\CortexM0\ARM_GCC_493\Debug\Lab02.a(cyfitter_cfg.o)
                0x000000e8                cyfitter_cfg
                0x000001f0                . = MAX (., 0x100)
 *(.text .text.* .gnu.linkonce.t.*)
 .text          0x000001f0       0x60 c:/program files (x86)/cypress/psoc creator/3.3/psoc creator/import/gnu/arm/4.9.3/bin/../lib/gcc/arm-none-eabi/4.9.3/armv6-m/crtbegin.o
 .text.main     0x00000250       0x1c .\CortexM0\ARM_GCC_493\Debug\main.o
                0x00000250                main
 .text.IntDefaultHandler
                0x0000026c        0x4 .\CortexM0\ARM_GCC_493\Debug\Cm0Start.o
                0x0000026c                IntDefaultHandler
 .text.Start_c  0x00000270       0x48 .\CortexM0\ARM_GCC_493\Debug\Cm0Start.o
                0x00000270                Start_c
 .text.initialize_psoc
                0x000002b8       0x54 .\CortexM0\ARM_GCC_493\Debug\Cm0Start.o
                0x000002b8                initialize_psoc
 .text.cfg_write_bytes32
                0x0000030c       0x34 .\CortexM0\ARM_GCC_493\Debug\Lab02.a(cyfitter_cfg.o)
 .text.AnalogSetDefault
                0x00000340       0x20 .\CortexM0\ARM_GCC_493\Debug\Lab02.a(cyfitter_cfg.o)
 .text.CYMEMZERO
                0x00000360        0xc .\CortexM0\ARM_GCC_493\Debug\Lab02.a(cyfitter_cfg.o)
 *fill*         0x0000036c        0x4 
 .text          0x00000370       0x20 .\CortexM0\ARM_GCC_493\Debug\Lab02.a(CyBootAsmGnu.o)
                0x00000370                CyDelayCycles
                0x00000382                CyEnterCriticalSection
                0x0000038a                CyExitCriticalSection
 .text.CySysClkWriteImoFreq
                0x00000390       0x64 .\CortexM0\ARM_GCC_493\Debug\Lab02.a(CyLib.o)
                0x00000390                CySysClkWriteImoFreq
 .text.CySysClkEcoReadStatus
                0x000003f4       0x10 .\CortexM0\ARM_GCC_493\Debug\Lab02.a(CyLib.o)
                0x000003f4                CySysClkEcoReadStatus
 .text.CyIntEnable
                0x00000404       0x14 .\CortexM0\ARM_GCC_493\Debug\Lab02.a(CyLib.o)
                0x00000404                CyIntEnable
 .text.CyHalt   0x00000418        0x4 .\CortexM0\ARM_GCC_493\Debug\Lab02.a(CyLib.o)
                0x00000418                CyHalt
 .text.CyIntSetVector
                0x0000041c       0x24 .\CortexM0\ARM_GCC_493\Debug\Lab02.a(CyLib.o)
                0x0000041c                CyIntSetVector
 .text.CyDelayUs
                0x00000440       0x14 .\CortexM0\ARM_GCC_493\Debug\Lab02.a(CyLib.o)
                0x00000440                CyDelayUs
 .text.CySysClkEcoStart
                0x00000454       0x54 .\CortexM0\ARM_GCC_493\Debug\Lab02.a(CyLib.o)
                0x00000454                CySysClkEcoStart
 .text.CySysWdtLocked
                0x000004a8       0x14 .\CortexM0\ARM_GCC_493\Debug\Lab02.a(CyLFClk.o)
 .text.CySysClkWcoStart
                0x000004bc       0x40 .\CortexM0\ARM_GCC_493\Debug\Lab02.a(CyLFClk.o)
                0x000004bc                CySysClkWcoStart
 .text.CySysClkWcoSetPowerMode
                0x000004fc       0x80 .\CortexM0\ARM_GCC_493\Debug\Lab02.a(CyLFClk.o)
                0x000004fc                CySysClkWcoSetPowerMode
 .text.CySysWdtLock
                0x0000057c       0x1c .\CortexM0\ARM_GCC_493\Debug\Lab02.a(CyLFClk.o)
                0x0000057c                CySysWdtLock
 .text.CySysWdtUnlock
                0x00000598       0x30 .\CortexM0\ARM_GCC_493\Debug\Lab02.a(CyLFClk.o)
                0x00000598                CySysWdtUnlock
 .text.CySysWdtClearInterrupt
                0x000005c8       0x4c .\CortexM0\ARM_GCC_493\Debug\Lab02.a(CyLFClk.o)
                0x000005c8                CySysWdtClearInterrupt
 .text.CySysWdtIsr
                0x00000614       0xa4 .\CortexM0\ARM_GCC_493\Debug\Lab02.a(CyLFClk.o)
                0x00000614                CySysWdtIsr
 .text.PWM_1_WriteCounter
                0x000006b8       0x10 .\CortexM0\ARM_GCC_493\Debug\Lab02.a(PWM_1.o)
                0x000006b8                PWM_1_WriteCounter
 .text.PWM_1_WritePeriod
                0x000006c8       0x10 .\CortexM0\ARM_GCC_493\Debug\Lab02.a(PWM_1.o)
                0x000006c8                PWM_1_WritePeriod
 .text.PWM_1_WriteCompare
                0x000006d8       0x10 .\CortexM0\ARM_GCC_493\Debug\Lab02.a(PWM_1.o)
                0x000006d8                PWM_1_WriteCompare
 .text.PWM_1_ReadCompare
                0x000006e8       0x10 .\CortexM0\ARM_GCC_493\Debug\Lab02.a(PWM_1.o)
                0x000006e8                PWM_1_ReadCompare
 .text.PWM_1_TriggerCommand
                0x000006f8       0x1c .\CortexM0\ARM_GCC_493\Debug\Lab02.a(PWM_1.o)
                0x000006f8                PWM_1_TriggerCommand
 .text.PWM_1_Enable
                0x00000714       0x24 .\CortexM0\ARM_GCC_493\Debug\Lab02.a(PWM_1.o)
                0x00000714                PWM_1_Enable
 .text.PWM_1_SetInterruptMode
                0x00000738        0xc .\CortexM0\ARM_GCC_493\Debug\Lab02.a(PWM_1.o)
                0x00000738                PWM_1_SetInterruptMode
 .text.PWM_1_Init
                0x00000744       0x44 .\CortexM0\ARM_GCC_493\Debug\Lab02.a(PWM_1.o)
                0x00000744                PWM_1_Init
 .text.PWM_1_Start
                0x00000788       0x20 .\CortexM0\ARM_GCC_493\Debug\Lab02.a(PWM_1.o)
                0x00000788                PWM_1_Start
 .text.PWM_1_ClearInterrupt
                0x000007a8        0xc .\CortexM0\ARM_GCC_493\Debug\Lab02.a(PWM_1.o)
                0x000007a8                PWM_1_ClearInterrupt
 .text.isr_1_Interrupt
                0x000007b4       0x2c .\CortexM0\ARM_GCC_493\Debug\Lab02.a(isr_1.o)
                0x000007b4                isr_1_Interrupt
 .text.isr_1_SetVector
                0x000007e0        0xc .\CortexM0\ARM_GCC_493\Debug\Lab02.a(isr_1.o)
                0x000007e0                isr_1_SetVector
 .text.isr_1_SetPriority
                0x000007ec       0x24 .\CortexM0\ARM_GCC_493\Debug\Lab02.a(isr_1.o)
                0x000007ec                isr_1_SetPriority
 .text.isr_1_Enable
                0x00000810        0xc .\CortexM0\ARM_GCC_493\Debug\Lab02.a(isr_1.o)
                0x00000810                isr_1_Enable
 .text.isr_1_Disable
                0x0000081c        0xc .\CortexM0\ARM_GCC_493\Debug\Lab02.a(isr_1.o)
                0x0000081c                isr_1_Disable
 .text.isr_1_Start
                0x00000828       0x1c .\CortexM0\ARM_GCC_493\Debug\Lab02.a(isr_1.o)
                0x00000828                isr_1_Start
 .text.isr_2_Interrupt
                0x00000844       0x38 .\CortexM0\ARM_GCC_493\Debug\Lab02.a(isr_2.o)
                0x00000844                isr_2_Interrupt
 .text.isr_2_SetVector
                0x0000087c        0xc .\CortexM0\ARM_GCC_493\Debug\Lab02.a(isr_2.o)
                0x0000087c                isr_2_SetVector
 .text.isr_2_SetPriority
                0x00000888       0x24 .\CortexM0\ARM_GCC_493\Debug\Lab02.a(isr_2.o)
                0x00000888                isr_2_SetPriority
 .text.isr_2_Enable
                0x000008ac       0x10 .\CortexM0\ARM_GCC_493\Debug\Lab02.a(isr_2.o)
                0x000008ac                isr_2_Enable
 .text.isr_2_Disable
                0x000008bc       0x10 .\CortexM0\ARM_GCC_493\Debug\Lab02.a(isr_2.o)
                0x000008bc                isr_2_Disable
 .text.isr_2_Start
                0x000008cc       0x1c .\CortexM0\ARM_GCC_493\Debug\Lab02.a(isr_2.o)
                0x000008cc                isr_2_Start
 .text.LED_Blue_Write
                0x000008e8       0x18 .\CortexM0\ARM_GCC_493\Debug\Lab02.a(LED_Blue.o)
                0x000008e8                LED_Blue_Write
 .text.LED_Blue_Read
                0x00000900       0x10 .\CortexM0\ARM_GCC_493\Debug\Lab02.a(LED_Blue.o)
                0x00000900                LED_Blue_Read
 .text.Pin_1_ClearInterrupt
                0x00000910       0x14 .\CortexM0\ARM_GCC_493\Debug\Lab02.a(Pin_1.o)
                0x00000910                Pin_1_ClearInterrupt
 .text.__libc_init_array
                0x00000924       0x4c c:/program files (x86)/cypress/psoc creator/3.3/psoc creator/import/gnu/arm/4.9.3/bin/../lib/gcc/arm-none-eabi/4.9.3/../../../../arm-none-eabi/lib/armv6-m\libg_nano.a(lib_a-init.o)
                0x00000924                __libc_init_array
 .text.memset   0x00000970       0x10 c:/program files (x86)/cypress/psoc creator/3.3/psoc creator/import/gnu/arm/4.9.3/bin/../lib/gcc/arm-none-eabi/4.9.3/../../../../arm-none-eabi/lib/armv6-m\libg_nano.a(lib_a-memset.o)
                0x00000970                memset
 *(.plt)
 *(.gnu.warning)
 *(.glue_7t)
 .glue_7t       0x00000000        0x0 linker stubs
 *(.glue_7)
 .glue_7        0x00000000        0x0 linker stubs
 *(.vfp11_veneer)
 .vfp11_veneer  0x00000000        0x0 linker stubs
 *(.bootloader)
 *(.ARM.extab* .gnu.linkonce.armextab.*)
 *(.gcc_except_table)

.v4_bx          0x00000980        0x0
 .v4_bx         0x00000000        0x0 linker stubs

.iplt           0x00000980        0x0
 .iplt          0x00000000        0x0 c:/program files (x86)/cypress/psoc creator/3.3/psoc creator/import/gnu/arm/4.9.3/bin/../lib/gcc/arm-none-eabi/4.9.3/armv6-m/crtbegin.o

.eh_frame_hdr
 *(.eh_frame_hdr)

.eh_frame       0x00000980        0x4
 *(.eh_frame)
 .eh_frame      0x00000980        0x0 c:/program files (x86)/cypress/psoc creator/3.3/psoc creator/import/gnu/arm/4.9.3/bin/../lib/gcc/arm-none-eabi/4.9.3/armv6-m/crtbegin.o
 .eh_frame      0x00000980        0x4 c:/program files (x86)/cypress/psoc creator/3.3/psoc creator/import/gnu/arm/4.9.3/bin/../lib/gcc/arm-none-eabi/4.9.3/armv6-m/crtend.o
                0x00000984                PROVIDE (__exidx_start, .)

.ARM.exidx
 *(.ARM.exidx* .gnu.linkonce.armexidx.*)
                0x00000984                __exidx_end = .

.rodata         0x00000984       0xac
 *(.rodata .rodata.* .gnu.linkonce.r.*)
 .rodata        0x00000984       0x48 .\CortexM0\ARM_GCC_493\Debug\Lab02.a(cyfitter_cfg.o)
 .rodata        0x000009cc       0x30 .\CortexM0\ARM_GCC_493\Debug\Lab02.a(CyLib.o)
                0x000009cc                cyImoFreqMhz2Reg
                0x000009fc                . = ALIGN (0x4)
 *(.init)
 .init          0x000009fc        0x4 c:/program files (x86)/cypress/psoc creator/3.3/psoc creator/import/gnu/arm/4.9.3/bin/../lib/gcc/arm-none-eabi/4.9.3/armv6-m/crti.o
                0x000009fc                _init
 .init          0x00000a00        0x8 c:/program files (x86)/cypress/psoc creator/3.3/psoc creator/import/gnu/arm/4.9.3/bin/../lib/gcc/arm-none-eabi/4.9.3/armv6-m/crtn.o
                0x00000a08                . = ALIGN (0x4)
                0x00000a08                __preinit_array_start = .
 *(.preinit_array)
                0x00000a08                __preinit_array_end = .
                0x00000a08                . = ALIGN (0x4)
                0x00000a08                __init_array_start = .
 *(SORT(.init_array.*))
 *(.init_array)
 .init_array    0x00000a08        0x4 c:/program files (x86)/cypress/psoc creator/3.3/psoc creator/import/gnu/arm/4.9.3/bin/../lib/gcc/arm-none-eabi/4.9.3/armv6-m/crtbegin.o
 .init_array    0x00000a0c        0x4 .\CortexM0\ARM_GCC_493\Debug\Cm0Start.o
                0x00000a10                __init_array_end = .
                0x00000a10                . = ALIGN (0x4)
 *(.fini)
 .fini          0x00000a10        0x4 c:/program files (x86)/cypress/psoc creator/3.3/psoc creator/import/gnu/arm/4.9.3/bin/../lib/gcc/arm-none-eabi/4.9.3/armv6-m/crti.o
                0x00000a10                _fini
 .fini          0x00000a14        0x8 c:/program files (x86)/cypress/psoc creator/3.3/psoc creator/import/gnu/arm/4.9.3/bin/../lib/gcc/arm-none-eabi/4.9.3/armv6-m/crtn.o
                0x00000a1c                . = ALIGN (0x4)
                0x00000a1c                __fini_array_start = .
 *(.fini_array)
 .fini_array    0x00000a1c        0x4 c:/program files (x86)/cypress/psoc creator/3.3/psoc creator/import/gnu/arm/4.9.3/bin/../lib/gcc/arm-none-eabi/4.9.3/armv6-m/crtbegin.o
 *(SORT(.fini_array.*))
                0x00000a20                __fini_array_end = .
                0x00000a20                . = ALIGN (0x4)
 *crtbegin.o(.ctors)
 *(EXCLUDE_FILE(*crtend.o) .ctors)
 *(SORT(.ctors.*))
 *crtend.o(.ctors)
                0x00000a20                . = ALIGN (0x4)
 *crtbegin.o(.dtors)
 *(EXCLUDE_FILE(*crtend.o) .dtors)
 *(SORT(.dtors.*))
 *crtend.o(.dtors)
                0x00000a20                . = ALIGN (0x4)
                0x00000a20                __cy_regions = .
                0x00000a20        0x4 LONG 0xa30 __cy_region_init_ram
                0x00000a24        0x4 LONG 0x200000c8 __cy_region_start_data
                0x00000a28        0x4 LONG 0x20 __cy_region_init_size_ram
                0x00000a2c        0x4 LONG 0x50 __cy_region_zero_size_ram
                0x00000a30                __cy_regions_end = .
                0x00000a30                . = ALIGN (0x8)
                0x00000a30                _etext = .

.cy_checksum_exclude
                0x00000a30        0x0
 *(.cy_checksum_exclude)

.ramvectors     0x20000000       0xc0
                0x20000000                __cy_region_start_ram = .
 *(.ramvectors)
 .ramvectors    0x20000000       0xc0 .\CortexM0\ARM_GCC_493\Debug\Cm0Start.o
                0x20000000                CyRamVectors

.noinit         0x200000c0        0x4
 *(.noinit)
 .noinit        0x200000c0        0x4 .\CortexM0\ARM_GCC_493\Debug\Cm0Start.o

.data           0x200000c8       0x20 load address 0x00000a30
                0x200000c8                __cy_region_start_data = .
 *(.jcr)
 .jcr           0x200000c8        0x0 c:/program files (x86)/cypress/psoc creator/3.3/psoc creator/import/gnu/arm/4.9.3/bin/../lib/gcc/arm-none-eabi/4.9.3/armv6-m/crtbegin.o
 .jcr           0x200000c8        0x4 c:/program files (x86)/cypress/psoc creator/3.3/psoc creator/import/gnu/arm/4.9.3/bin/../lib/gcc/arm-none-eabi/4.9.3/armv6-m/crtend.o
 *(.got.plt)
 *(.got)
 *(.shdata)
 *(.data .data.* .gnu.linkonce.d.*)
 .data          0x200000cc       0x10 .\CortexM0\ARM_GCC_493\Debug\Lab02.a(CyLib.o)
                0x200000cc                cydelay32kMs
                0x200000d0                cydelayFreqKhz
                0x200000d4                cydelayFreqMhz
                0x200000d8                cydelayFreqHz
 .data          0x200000dc        0x8 .\CortexM0\ARM_GCC_493\Debug\Lab02.a(CyLFClk.o)
                0x200000e8                . = ALIGN (0x8)
 *fill*         0x200000e4        0x4 
 *(.ram)
                0x200000e8                _edata = .

.igot.plt       0x200000e8        0x0 load address 0x00000a50
 .igot.plt      0x00000000        0x0 c:/program files (x86)/cypress/psoc creator/3.3/psoc creator/import/gnu/arm/4.9.3/bin/../lib/gcc/arm-none-eabi/4.9.3/armv6-m/crtbegin.o

.bss            0x200000e8       0x50 load address 0x00000a50
                0x200000e8                PROVIDE (__bss_start__, .)
 *(.shbss)
 *(.bss .bss.* .gnu.linkonce.b.*)
 .bss           0x200000e8       0x1c c:/program files (x86)/cypress/psoc creator/3.3/psoc creator/import/gnu/arm/4.9.3/bin/../lib/gcc/arm-none-eabi/4.9.3/armv6-m/crtbegin.o
 .bss           0x20000104       0x28 .\CortexM0\ARM_GCC_493\Debug\Lab02.a(CyLFClk.o)
 .bss           0x2000012c        0x1 .\CortexM0\ARM_GCC_493\Debug\Lab02.a(PWM_1.o)
                0x2000012c                PWM_1_initVar
 *fill*         0x2000012d        0x1 
 .bss           0x2000012e        0x2 .\CortexM0\ARM_GCC_493\Debug\Lab02.a(isr_1.o)
                0x2000012e                count
 .bss           0x20000130        0x8 .\CortexM0\ARM_GCC_493\Debug\Lab02.a(isr_2.o)
                0x20000130                tempCompare
                0x20000134                count_isr2
 *(COMMON)
                0x20000138                . = ALIGN (0x8)
 *(.ram.b)
                0x20000138                _end = .
                0x20000138                __end = .
                0x20000138                PROVIDE (end, .)
                0x20000138                PROVIDE (__bss_end__, .)
                0x00000a30                __cy_region_init_ram = LOADADDR (.data)
                0x00000020                __cy_region_init_size_ram = (_edata - ADDR (.data))
                0x00000050                __cy_region_zero_size_ram = (_end - _edata)

.heap           0x20000138       0x80 load address 0x00000a50
                0x20000138                . = _end
                0x200001b8                . = (. + 0x80)
 *fill*         0x20000138       0x80 
                0x200001b8                __cy_heap_limit = .

.stack          0x20003800      0x800
                0x20003800                __cy_stack_limit = .
                0x20004000                . = (. + 0x800)
 *fill*         0x20003800      0x800 
                0x00000001                ASSERT ((__cy_stack_limit >= __cy_heap_limit), region RAM overflowed with stack)
                0x00000000                cy_checksum_exclude_size = (CY_APPL_LOADABLE == 0x1)?SIZEOF (.cy_checksum_exclude):0x0
                0x00000001                ASSERT ((cy_checksum_exclude_size <= CY_CHECKSUM_EXCLUDE_SIZE), CY_BOOT: Section .cy_checksum_exclude size exceedes specified limit.)
                0x0001ffc0                cyloadermeta_start = (cy_project_type_bootloader || cy_project_type_app_for_stack_and_copier)?(0x20000 - CY_METADATA_SIZE):0xf0000000

.cyloadermeta
 *(.cyloadermeta)
                0x0001ffc0                cyloadablemeta_start = cy_project_type_app_for_stack_and_copier?((0x20000 - CY_FLASH_ROW_SIZE) - CY_METADATA_SIZE):((0x20000 - (CY_FLASH_ROW_SIZE * (CY_APPL_NUM - 0x1))) - CY_METADATA_SIZE)

.cyloadablemeta
 *(.cyloadablemeta)

.cyflashprotect
                0x90400000       0x80
 *(.cyflashprotect)
 .cyflashprotect
                0x90400000       0x80 .\CortexM0\ARM_GCC_493\Debug\cymetadata.o
                0x90400000                cy_meta_flashprotect

.cymeta         0x90500000        0xc
 *(.cymeta)
 .cymeta        0x90500000        0xc .\CortexM0\ARM_GCC_493\Debug\cymetadata.o
                0x90500000                cy_metadata

.cychipprotect  0x90600000        0x4
 *(.cychipprotect)
 .cychipprotect
                0x90600000        0x4 .\CortexM0\ARM_GCC_493\Debug\cymetadata.o
                0x90600000                cy_meta_chipprotect

.rel.dyn        0x00000a50        0x0 load address 0x90600004
 .rel.iplt      0x00000000        0x0 c:/program files (x86)/cypress/psoc creator/3.3/psoc creator/import/gnu/arm/4.9.3/bin/../lib/gcc/arm-none-eabi/4.9.3/armv6-m/crtbegin.o

.stab
 *(.stab)

.stabstr
 *(.stabstr)

.debug
 *(.debug)

.line
 *(.line)

.debug_srcinfo
 *(.debug_srcinfo)

.debug_sfnames
 *(.debug_sfnames)

.debug_aranges  0x00000000      0x6f0
 *(.debug_aranges)
 .debug_aranges
                0x00000000       0x20 .\CortexM0\ARM_GCC_493\Debug\main.o
 .debug_aranges
                0x00000020       0x18 .\CortexM0\ARM_GCC_493\Debug\cymetadata.o
 .debug_aranges
                0x00000038       0x48 .\CortexM0\ARM_GCC_493\Debug\Cm0Start.o
 .debug_aranges
                0x00000080       0x40 .\CortexM0\ARM_GCC_493\Debug\Lab02.a(cyfitter_cfg.o)
 .debug_aranges
                0x000000c0       0x20 .\CortexM0\ARM_GCC_493\Debug\Lab02.a(CyBootAsmGnu.o)
 .debug_aranges
                0x000000e0      0x1a0 .\CortexM0\ARM_GCC_493\Debug\Lab02.a(CyLib.o)
 .debug_aranges
                0x00000280      0x188 .\CortexM0\ARM_GCC_493\Debug\Lab02.a(CyLFClk.o)
 .debug_aranges
                0x00000408      0x158 .\CortexM0\ARM_GCC_493\Debug\Lab02.a(PWM_1.o)
 .debug_aranges
                0x00000560       0x80 .\CortexM0\ARM_GCC_493\Debug\Lab02.a(isr_1.o)
 .debug_aranges
                0x000005e0       0x80 .\CortexM0\ARM_GCC_493\Debug\Lab02.a(isr_2.o)
 .debug_aranges
                0x00000660       0x48 .\CortexM0\ARM_GCC_493\Debug\Lab02.a(LED_Blue.o)
 .debug_aranges
                0x000006a8       0x48 .\CortexM0\ARM_GCC_493\Debug\Lab02.a(Pin_1.o)

.debug_pubnames
 *(.debug_pubnames)

.debug_info     0x00000000     0x39ed
 *(.debug_info .gnu.linkonce.wi.*)
 .debug_info    0x00000000       0xf4 .\CortexM0\ARM_GCC_493\Debug\main.o
 .debug_info    0x000000f4       0xfe .\CortexM0\ARM_GCC_493\Debug\cymetadata.o
 .debug_info    0x000001f2      0x38c .\CortexM0\ARM_GCC_493\Debug\Cm0Start.o
 .debug_info    0x0000057e      0x494 .\CortexM0\ARM_GCC_493\Debug\Lab02.a(cyfitter_cfg.o)
 .debug_info    0x00000a12       0x9e .\CortexM0\ARM_GCC_493\Debug\Lab02.a(CyBootAsmGnu.o)
 .debug_info    0x00000ab0      0xb8f .\CortexM0\ARM_GCC_493\Debug\Lab02.a(CyLib.o)
 .debug_info    0x0000163f     0x106f .\CortexM0\ARM_GCC_493\Debug\Lab02.a(CyLFClk.o)
 .debug_info    0x000026ae      0x904 .\CortexM0\ARM_GCC_493\Debug\Lab02.a(PWM_1.o)
 .debug_info    0x00002fb2      0x385 .\CortexM0\ARM_GCC_493\Debug\Lab02.a(isr_1.o)
 .debug_info    0x00003337      0x37c .\CortexM0\ARM_GCC_493\Debug\Lab02.a(isr_2.o)
 .debug_info    0x000036b3      0x19d .\CortexM0\ARM_GCC_493\Debug\Lab02.a(LED_Blue.o)
 .debug_info    0x00003850      0x19d .\CortexM0\ARM_GCC_493\Debug\Lab02.a(Pin_1.o)

.debug_abbrev   0x00000000      0xfd3
 *(.debug_abbrev)
 .debug_abbrev  0x00000000       0x71 .\CortexM0\ARM_GCC_493\Debug\main.o
 .debug_abbrev  0x00000071       0x5d .\CortexM0\ARM_GCC_493\Debug\cymetadata.o
 .debug_abbrev  0x000000ce      0x1fe .\CortexM0\ARM_GCC_493\Debug\Cm0Start.o
 .debug_abbrev  0x000002cc      0x1fc .\CortexM0\ARM_GCC_493\Debug\Lab02.a(cyfitter_cfg.o)
 .debug_abbrev  0x000004c8       0x14 .\CortexM0\ARM_GCC_493\Debug\Lab02.a(CyBootAsmGnu.o)
 .debug_abbrev  0x000004dc      0x20d .\CortexM0\ARM_GCC_493\Debug\Lab02.a(CyLib.o)
 .debug_abbrev  0x000006e9      0x273 .\CortexM0\ARM_GCC_493\Debug\Lab02.a(CyLFClk.o)
 .debug_abbrev  0x0000095c      0x133 .\CortexM0\ARM_GCC_493\Debug\Lab02.a(PWM_1.o)
 .debug_abbrev  0x00000a8f      0x1cb .\CortexM0\ARM_GCC_493\Debug\Lab02.a(isr_1.o)
 .debug_abbrev  0x00000c5a      0x1e9 .\CortexM0\ARM_GCC_493\Debug\Lab02.a(isr_2.o)
 .debug_abbrev  0x00000e43       0xc8 .\CortexM0\ARM_GCC_493\Debug\Lab02.a(LED_Blue.o)
 .debug_abbrev  0x00000f0b       0xc8 .\CortexM0\ARM_GCC_493\Debug\Lab02.a(Pin_1.o)

.debug_line     0x00000000     0x179c
 *(.debug_line)
 .debug_line    0x00000000       0x7b .\CortexM0\ARM_GCC_493\Debug\main.o
 .debug_line    0x0000007b       0x53 .\CortexM0\ARM_GCC_493\Debug\cymetadata.o
 .debug_line    0x000000ce      0x249 .\CortexM0\ARM_GCC_493\Debug\Cm0Start.o
 .debug_line    0x00000317      0x191 .\CortexM0\ARM_GCC_493\Debug\Lab02.a(cyfitter_cfg.o)
 .debug_line    0x000004a8       0x6a .\CortexM0\ARM_GCC_493\Debug\Lab02.a(CyBootAsmGnu.o)
 .debug_line    0x00000512      0x49f .\CortexM0\ARM_GCC_493\Debug\Lab02.a(CyLib.o)
 .debug_line    0x000009b1      0x5de .\CortexM0\ARM_GCC_493\Debug\Lab02.a(CyLFClk.o)
 .debug_line    0x00000f8f      0x380 .\CortexM0\ARM_GCC_493\Debug\Lab02.a(PWM_1.o)
 .debug_line    0x0000130f      0x18c .\CortexM0\ARM_GCC_493\Debug\Lab02.a(isr_1.o)
 .debug_line    0x0000149b      0x180 .\CortexM0\ARM_GCC_493\Debug\Lab02.a(isr_2.o)
 .debug_line    0x0000161b       0xc2 .\CortexM0\ARM_GCC_493\Debug\Lab02.a(LED_Blue.o)
 .debug_line    0x000016dd       0xbf .\CortexM0\ARM_GCC_493\Debug\Lab02.a(Pin_1.o)

.debug_frame    0x00000000     0x11c0
 *(.debug_frame)
 .debug_frame   0x00000000       0x2c .\CortexM0\ARM_GCC_493\Debug\main.o
 .debug_frame   0x0000002c       0xb0 .\CortexM0\ARM_GCC_493\Debug\Cm0Start.o
 .debug_frame   0x000000dc       0x9c .\CortexM0\ARM_GCC_493\Debug\Lab02.a(cyfitter_cfg.o)
 .debug_frame   0x00000178      0x424 .\CortexM0\ARM_GCC_493\Debug\Lab02.a(CyLib.o)
 .debug_frame   0x0000059c      0x4a8 .\CortexM0\ARM_GCC_493\Debug\Lab02.a(CyLFClk.o)
 .debug_frame   0x00000a44      0x390 .\CortexM0\ARM_GCC_493\Debug\Lab02.a(PWM_1.o)
 .debug_frame   0x00000dd4      0x11c .\CortexM0\ARM_GCC_493\Debug\Lab02.a(isr_1.o)
 .debug_frame   0x00000ef0      0x11c .\CortexM0\ARM_GCC_493\Debug\Lab02.a(isr_2.o)
 .debug_frame   0x0000100c       0x70 .\CortexM0\ARM_GCC_493\Debug\Lab02.a(LED_Blue.o)
 .debug_frame   0x0000107c       0x70 .\CortexM0\ARM_GCC_493\Debug\Lab02.a(Pin_1.o)
 .debug_frame   0x000010ec       0x20 c:/program files (x86)/cypress/psoc creator/3.3/psoc creator/import/gnu/arm/4.9.3/bin/../lib/gcc/arm-none-eabi/4.9.3/armv6-m\libgcc.a(_udivsi3.o)
 .debug_frame   0x0000110c       0x20 c:/program files (x86)/cypress/psoc creator/3.3/psoc creator/import/gnu/arm/4.9.3/bin/../lib/gcc/arm-none-eabi/4.9.3/armv6-m\libgcc.a(_divsi3.o)
 .debug_frame   0x0000112c       0x20 c:/program files (x86)/cypress/psoc creator/3.3/psoc creator/import/gnu/arm/4.9.3/bin/../lib/gcc/arm-none-eabi/4.9.3/../../../../arm-none-eabi/lib/armv6-m\libg_nano.a(lib_a-errno.o)
 .debug_frame   0x0000114c       0x28 c:/program files (x86)/cypress/psoc creator/3.3/psoc creator/import/gnu/arm/4.9.3/bin/../lib/gcc/arm-none-eabi/4.9.3/../../../../arm-none-eabi/lib/armv6-m\libg_nano.a(lib_a-exit.o)
 .debug_frame   0x00001174       0x2c c:/program files (x86)/cypress/psoc creator/3.3/psoc creator/import/gnu/arm/4.9.3/bin/../lib/gcc/arm-none-eabi/4.9.3/../../../../arm-none-eabi/lib/armv6-m\libg_nano.a(lib_a-init.o)
 .debug_frame   0x000011a0       0x20 c:/program files (x86)/cypress/psoc creator/3.3/psoc creator/import/gnu/arm/4.9.3/bin/../lib/gcc/arm-none-eabi/4.9.3/../../../../arm-none-eabi/lib/armv6-m\libg_nano.a(lib_a-memset.o)

.debug_str      0x00000000     0x176d
 *(.debug_str)
 .debug_str     0x00000000      0x18e .\CortexM0\ARM_GCC_493\Debug\main.o
                                0x1c7 (size before relaxing)
 .debug_str     0x0000018e       0x61 .\CortexM0\ARM_GCC_493\Debug\cymetadata.o
                                0x1dc (size before relaxing)
 .debug_str     0x000001ef      0x163 .\CortexM0\ARM_GCC_493\Debug\Cm0Start.o
                                0x303 (size before relaxing)
 .debug_str     0x00000352      0x168 .\CortexM0\ARM_GCC_493\Debug\Lab02.a(cyfitter_cfg.o)
                                0x340 (size before relaxing)
 .debug_str     0x000004ba      0x4cc .\CortexM0\ARM_GCC_493\Debug\Lab02.a(CyLib.o)
                                0x6f6 (size before relaxing)
 .debug_str     0x00000986      0x6fc .\CortexM0\ARM_GCC_493\Debug\Lab02.a(CyLFClk.o)
                                0x93a (size before relaxing)
 .debug_str     0x00001082      0x3cf .\CortexM0\ARM_GCC_493\Debug\Lab02.a(PWM_1.o)
                                0x5b3 (size before relaxing)
 .debug_str     0x00001451      0x110 .\CortexM0\ARM_GCC_493\Debug\Lab02.a(isr_1.o)
                                0x32b (size before relaxing)
 .debug_str     0x00001561       0xf3 .\CortexM0\ARM_GCC_493\Debug\Lab02.a(isr_2.o)
                                0x33d (size before relaxing)
 .debug_str     0x00001654       0xa5 .\CortexM0\ARM_GCC_493\Debug\Lab02.a(LED_Blue.o)
                                0x259 (size before relaxing)
 .debug_str     0x000016f9       0x74 .\CortexM0\ARM_GCC_493\Debug\Lab02.a(Pin_1.o)
                                0x244 (size before relaxing)

.debug_loc      0x00000000     0x1ce8
 *(.debug_loc)
 .debug_loc     0x00000000      0x14f .\CortexM0\ARM_GCC_493\Debug\Cm0Start.o
 .debug_loc     0x0000014f      0x118 .\CortexM0\ARM_GCC_493\Debug\Lab02.a(cyfitter_cfg.o)
 .debug_loc     0x00000267      0x53e .\CortexM0\ARM_GCC_493\Debug\Lab02.a(CyLib.o)
 .debug_loc     0x000007a5      0xdb4 .\CortexM0\ARM_GCC_493\Debug\Lab02.a(CyLFClk.o)
 .debug_loc     0x00001559      0x547 .\CortexM0\ARM_GCC_493\Debug\Lab02.a(PWM_1.o)
 .debug_loc     0x00001aa0       0x82 .\CortexM0\ARM_GCC_493\Debug\Lab02.a(isr_1.o)
 .debug_loc     0x00001b22       0x82 .\CortexM0\ARM_GCC_493\Debug\Lab02.a(isr_2.o)
 .debug_loc     0x00001ba4       0xa2 .\CortexM0\ARM_GCC_493\Debug\Lab02.a(LED_Blue.o)
 .debug_loc     0x00001c46       0xa2 .\CortexM0\ARM_GCC_493\Debug\Lab02.a(Pin_1.o)

.debug_macinfo
 *(.debug_macinfo)

.debug_ranges   0x00000000      0x618
 *(.debug_ranges)
 .debug_ranges  0x00000000       0x10 .\CortexM0\ARM_GCC_493\Debug\main.o
 .debug_ranges  0x00000010       0x38 .\CortexM0\ARM_GCC_493\Debug\Cm0Start.o
 .debug_ranges  0x00000048       0x30 .\CortexM0\ARM_GCC_493\Debug\Lab02.a(cyfitter_cfg.o)
 .debug_ranges  0x00000078      0x190 .\CortexM0\ARM_GCC_493\Debug\Lab02.a(CyLib.o)
 .debug_ranges  0x00000208      0x178 .\CortexM0\ARM_GCC_493\Debug\Lab02.a(CyLFClk.o)
 .debug_ranges  0x00000380      0x148 .\CortexM0\ARM_GCC_493\Debug\Lab02.a(PWM_1.o)
 .debug_ranges  0x000004c8       0x70 .\CortexM0\ARM_GCC_493\Debug\Lab02.a(isr_1.o)
 .debug_ranges  0x00000538       0x70 .\CortexM0\ARM_GCC_493\Debug\Lab02.a(isr_2.o)
 .debug_ranges  0x000005a8       0x38 .\CortexM0\ARM_GCC_493\Debug\Lab02.a(LED_Blue.o)
 .debug_ranges  0x000005e0       0x38 .\CortexM0\ARM_GCC_493\Debug\Lab02.a(Pin_1.o)

.comment        0x00000000       0x70
 .comment       0x00000000       0x70 .\CortexM0\ARM_GCC_493\Debug\main.o
                                 0x71 (size before relaxing)
 .comment       0x00000000       0x71 .\CortexM0\ARM_GCC_493\Debug\cymetadata.o
 .comment       0x00000000       0x71 .\CortexM0\ARM_GCC_493\Debug\Cm0Start.o
 .comment       0x00000000       0x71 .\CortexM0\ARM_GCC_493\Debug\Lab02.a(cyfitter_cfg.o)
 .comment       0x00000000       0x71 .\CortexM0\ARM_GCC_493\Debug\Lab02.a(CyLib.o)
 .comment       0x00000000       0x71 .\CortexM0\ARM_GCC_493\Debug\Lab02.a(CyLFClk.o)
 .comment       0x00000000       0x71 .\CortexM0\ARM_GCC_493\Debug\Lab02.a(PWM_1.o)
 .comment       0x00000000       0x71 .\CortexM0\ARM_GCC_493\Debug\Lab02.a(isr_1.o)
 .comment       0x00000000       0x71 .\CortexM0\ARM_GCC_493\Debug\Lab02.a(isr_2.o)
 .comment       0x00000000       0x71 .\CortexM0\ARM_GCC_493\Debug\Lab02.a(LED_Blue.o)
 .comment       0x00000000       0x71 .\CortexM0\ARM_GCC_493\Debug\Lab02.a(Pin_1.o)

.debug_weaknames
 *(.debug_weaknames)

.debug_funcnames
 *(.debug_funcnames)

.debug_typenames
 *(.debug_typenames)

.debug_varnames
 *(.debug_varnames)

.note.gnu.arm.ident
 *(.note.gnu.arm.ident)

.ARM.attributes
                0x00000000       0x28
 *(.ARM.attributes)
 .ARM.attributes
                0x00000000       0x1e c:/program files (x86)/cypress/psoc creator/3.3/psoc creator/import/gnu/arm/4.9.3/bin/../lib/gcc/arm-none-eabi/4.9.3/armv6-m/crti.o
 .ARM.attributes
                0x0000001e       0x2c c:/program files (x86)/cypress/psoc creator/3.3/psoc creator/import/gnu/arm/4.9.3/bin/../lib/gcc/arm-none-eabi/4.9.3/armv6-m/crtbegin.o
 .ARM.attributes
                0x0000004a       0x1b c:/program files (x86)/cypress/psoc creator/3.3/psoc creator/import/gnu/arm/4.9.3/bin/../lib/gcc/arm-none-eabi/4.9.3/../../../../arm-none-eabi/lib/armv6-m/crt0.o
 .ARM.attributes
                0x00000065       0x31 .\CortexM0\ARM_GCC_493\Debug\main.o
 .ARM.attributes
                0x00000096       0x31 .\CortexM0\ARM_GCC_493\Debug\cymetadata.o
 .ARM.attributes
                0x000000c7       0x31 .\CortexM0\ARM_GCC_493\Debug\Cm0Start.o
 .ARM.attributes
                0x000000f8       0x31 .\CortexM0\ARM_GCC_493\Debug\Lab02.a(cyfitter_cfg.o)
 .ARM.attributes
                0x00000129       0x21 .\CortexM0\ARM_GCC_493\Debug\Lab02.a(CyBootAsmGnu.o)
 .ARM.attributes
                0x0000014a       0x31 .\CortexM0\ARM_GCC_493\Debug\Lab02.a(CyLib.o)
 .ARM.attributes
                0x0000017b       0x31 .\CortexM0\ARM_GCC_493\Debug\Lab02.a(CyLFClk.o)
 .ARM.attributes
                0x000001ac       0x31 .\CortexM0\ARM_GCC_493\Debug\Lab02.a(PWM_1.o)
 .ARM.attributes
                0x000001dd       0x31 .\CortexM0\ARM_GCC_493\Debug\Lab02.a(isr_1.o)
 .ARM.attributes
                0x0000020e       0x31 .\CortexM0\ARM_GCC_493\Debug\Lab02.a(isr_2.o)
 .ARM.attributes
                0x0000023f       0x31 .\CortexM0\ARM_GCC_493\Debug\Lab02.a(LED_Blue.o)
 .ARM.attributes
                0x00000270       0x31 .\CortexM0\ARM_GCC_493\Debug\Lab02.a(Pin_1.o)
 .ARM.attributes
                0x000002a1       0x1e c:/program files (x86)/cypress/psoc creator/3.3/psoc creator/import/gnu/arm/4.9.3/bin/../lib/gcc/arm-none-eabi/4.9.3/armv6-m\libgcc.a(_udivsi3.o)
 .ARM.attributes
                0x000002bf       0x1e c:/program files (x86)/cypress/psoc creator/3.3/psoc creator/import/gnu/arm/4.9.3/bin/../lib/gcc/arm-none-eabi/4.9.3/armv6-m\libgcc.a(_divsi3.o)
 .ARM.attributes
                0x000002dd       0x1e c:/program files (x86)/cypress/psoc creator/3.3/psoc creator/import/gnu/arm/4.9.3/bin/../lib/gcc/arm-none-eabi/4.9.3/armv6-m\libgcc.a(_dvmd_tls.o)
 .ARM.attributes
                0x000002fb       0x2c c:/program files (x86)/cypress/psoc creator/3.3/psoc creator/import/gnu/arm/4.9.3/bin/../lib/gcc/arm-none-eabi/4.9.3/../../../../arm-none-eabi/lib/armv6-m\libg_nano.a(lib_a-errno.o)
 .ARM.attributes
                0x00000327       0x2c c:/program files (x86)/cypress/psoc creator/3.3/psoc creator/import/gnu/arm/4.9.3/bin/../lib/gcc/arm-none-eabi/4.9.3/../../../../arm-none-eabi/lib/armv6-m\libg_nano.a(lib_a-exit.o)
 .ARM.attributes
                0x00000353       0x2c c:/program files (x86)/cypress/psoc creator/3.3/psoc creator/import/gnu/arm/4.9.3/bin/../lib/gcc/arm-none-eabi/4.9.3/../../../../arm-none-eabi/lib/armv6-m\libg_nano.a(lib_a-impure.o)
 .ARM.attributes
                0x0000037f       0x2c c:/program files (x86)/cypress/psoc creator/3.3/psoc creator/import/gnu/arm/4.9.3/bin/../lib/gcc/arm-none-eabi/4.9.3/../../../../arm-none-eabi/lib/armv6-m\libg_nano.a(lib_a-init.o)
 .ARM.attributes
                0x000003ab       0x2c c:/program files (x86)/cypress/psoc creator/3.3/psoc creator/import/gnu/arm/4.9.3/bin/../lib/gcc/arm-none-eabi/4.9.3/../../../../arm-none-eabi/lib/armv6-m\libg_nano.a(lib_a-memset.o)
 .ARM.attributes
                0x000003d7       0x2c c:/program files (x86)/cypress/psoc creator/3.3/psoc creator/import/gnu/arm/4.9.3/bin/../lib/gcc/arm-none-eabi/4.9.3/armv6-m/crtend.o
 .ARM.attributes
                0x00000403       0x1e c:/program files (x86)/cypress/psoc creator/3.3/psoc creator/import/gnu/arm/4.9.3/bin/../lib/gcc/arm-none-eabi/4.9.3/armv6-m/crtn.o

/DISCARD/
 *(.note.GNU-stack)
OUTPUT(.\CortexM0\ARM_GCC_493\Debug\Lab02.elf elf32-littlearm)
