ARM GAS  C:\Users\sst5281\AppData\Local\Temp\ccDWA6ny.s 			page 1


   1              		.cpu cortex-m0
   2              		.fpu softvfp
   3              		.eabi_attribute 20, 1
   4              		.eabi_attribute 21, 1
   5              		.eabi_attribute 23, 3
   6              		.eabi_attribute 24, 1
   7              		.eabi_attribute 25, 1
   8              		.eabi_attribute 26, 1
   9              		.eabi_attribute 30, 1
  10              		.eabi_attribute 34, 0
  11              		.eabi_attribute 18, 4
  12              		.code	16
  13              		.file	"isr_1.c"
  14              		.text
  15              	.Ltext0:
  16              		.cfi_sections	.debug_frame
  17              		.section	.text.isr_1_Interrupt,"ax",%progbits
  18              		.align	2
  19              		.global	isr_1_Interrupt
  20              		.code	16
  21              		.thumb_func
  22              		.type	isr_1_Interrupt, %function
  23              	isr_1_Interrupt:
  24              	.LFB5:
  25              		.file 1 ".\\Generated_Source\\PSoC4\\isr_1.c"
   1:.\Generated_Source\PSoC4/isr_1.c **** /*******************************************************************************
   2:.\Generated_Source\PSoC4/isr_1.c **** * File Name: isr_1.c  
   3:.\Generated_Source\PSoC4/isr_1.c **** * Version 1.70
   4:.\Generated_Source\PSoC4/isr_1.c **** *
   5:.\Generated_Source\PSoC4/isr_1.c **** *  Description:
   6:.\Generated_Source\PSoC4/isr_1.c **** *   API for controlling the state of an interrupt.
   7:.\Generated_Source\PSoC4/isr_1.c **** *
   8:.\Generated_Source\PSoC4/isr_1.c **** *
   9:.\Generated_Source\PSoC4/isr_1.c **** *  Note:
  10:.\Generated_Source\PSoC4/isr_1.c **** *
  11:.\Generated_Source\PSoC4/isr_1.c **** ********************************************************************************
  12:.\Generated_Source\PSoC4/isr_1.c **** * Copyright 2008-2015, Cypress Semiconductor Corporation.  All rights reserved.
  13:.\Generated_Source\PSoC4/isr_1.c **** * You may use this file only in accordance with the license, terms, conditions, 
  14:.\Generated_Source\PSoC4/isr_1.c **** * disclaimers, and limitations in the end user license agreement accompanying 
  15:.\Generated_Source\PSoC4/isr_1.c **** * the software package with which this file was provided.
  16:.\Generated_Source\PSoC4/isr_1.c **** *******************************************************************************/
  17:.\Generated_Source\PSoC4/isr_1.c **** 
  18:.\Generated_Source\PSoC4/isr_1.c **** 
  19:.\Generated_Source\PSoC4/isr_1.c **** #include <cydevice_trm.h>
  20:.\Generated_Source\PSoC4/isr_1.c **** #include <CyLib.h>
  21:.\Generated_Source\PSoC4/isr_1.c **** #include <isr_1.h>
  22:.\Generated_Source\PSoC4/isr_1.c **** #include "cyapicallbacks.h"
  23:.\Generated_Source\PSoC4/isr_1.c **** 
  24:.\Generated_Source\PSoC4/isr_1.c **** #if !defined(isr_1__REMOVED) /* Check for removal by optimization */
  25:.\Generated_Source\PSoC4/isr_1.c **** 
  26:.\Generated_Source\PSoC4/isr_1.c **** /*******************************************************************************
  27:.\Generated_Source\PSoC4/isr_1.c **** *  Place your includes, defines and code here 
  28:.\Generated_Source\PSoC4/isr_1.c **** ********************************************************************************/
  29:.\Generated_Source\PSoC4/isr_1.c **** /* `#START isr_1_intc` */
  30:.\Generated_Source\PSoC4/isr_1.c **** #include <LED_Red.h>
  31:.\Generated_Source\PSoC4/isr_1.c **** #include <Timer_1.h>
  32:.\Generated_Source\PSoC4/isr_1.c **** uint16 count = 0;
ARM GAS  C:\Users\sst5281\AppData\Local\Temp\ccDWA6ny.s 			page 2


  33:.\Generated_Source\PSoC4/isr_1.c **** /* `#END` */
  34:.\Generated_Source\PSoC4/isr_1.c **** 
  35:.\Generated_Source\PSoC4/isr_1.c **** extern cyisraddress CyRamVectors[CYINT_IRQ_BASE + CY_NUM_INTERRUPTS];
  36:.\Generated_Source\PSoC4/isr_1.c **** 
  37:.\Generated_Source\PSoC4/isr_1.c **** /* Declared in startup, used to set unused interrupts to. */
  38:.\Generated_Source\PSoC4/isr_1.c **** CY_ISR_PROTO(IntDefaultHandler);
  39:.\Generated_Source\PSoC4/isr_1.c **** 
  40:.\Generated_Source\PSoC4/isr_1.c **** 
  41:.\Generated_Source\PSoC4/isr_1.c **** /*******************************************************************************
  42:.\Generated_Source\PSoC4/isr_1.c **** * Function Name: isr_1_Start
  43:.\Generated_Source\PSoC4/isr_1.c **** ********************************************************************************
  44:.\Generated_Source\PSoC4/isr_1.c **** *
  45:.\Generated_Source\PSoC4/isr_1.c **** * Summary:
  46:.\Generated_Source\PSoC4/isr_1.c **** *  Set up the interrupt and enable it. This function disables the interrupt, 
  47:.\Generated_Source\PSoC4/isr_1.c **** *  sets the default interrupt vector, sets the priority from the value in the
  48:.\Generated_Source\PSoC4/isr_1.c **** *  Design Wide Resources Interrupt Editor, then enables the interrupt to the 
  49:.\Generated_Source\PSoC4/isr_1.c **** *  interrupt controller.
  50:.\Generated_Source\PSoC4/isr_1.c **** *
  51:.\Generated_Source\PSoC4/isr_1.c **** * Parameters:  
  52:.\Generated_Source\PSoC4/isr_1.c **** *   None
  53:.\Generated_Source\PSoC4/isr_1.c **** *
  54:.\Generated_Source\PSoC4/isr_1.c **** * Return:
  55:.\Generated_Source\PSoC4/isr_1.c **** *   None
  56:.\Generated_Source\PSoC4/isr_1.c **** *
  57:.\Generated_Source\PSoC4/isr_1.c **** *******************************************************************************/
  58:.\Generated_Source\PSoC4/isr_1.c **** void isr_1_Start(void)
  59:.\Generated_Source\PSoC4/isr_1.c **** {
  60:.\Generated_Source\PSoC4/isr_1.c ****     /* For all we know the interrupt is active. */
  61:.\Generated_Source\PSoC4/isr_1.c ****     isr_1_Disable();
  62:.\Generated_Source\PSoC4/isr_1.c **** 
  63:.\Generated_Source\PSoC4/isr_1.c ****     /* Set the ISR to point to the isr_1 Interrupt. */
  64:.\Generated_Source\PSoC4/isr_1.c ****     isr_1_SetVector(&isr_1_Interrupt);
  65:.\Generated_Source\PSoC4/isr_1.c **** 
  66:.\Generated_Source\PSoC4/isr_1.c ****     /* Set the priority. */
  67:.\Generated_Source\PSoC4/isr_1.c ****     isr_1_SetPriority((uint8)isr_1_INTC_PRIOR_NUMBER);
  68:.\Generated_Source\PSoC4/isr_1.c **** 
  69:.\Generated_Source\PSoC4/isr_1.c ****     /* Enable it. */
  70:.\Generated_Source\PSoC4/isr_1.c ****     isr_1_Enable();
  71:.\Generated_Source\PSoC4/isr_1.c **** }
  72:.\Generated_Source\PSoC4/isr_1.c **** 
  73:.\Generated_Source\PSoC4/isr_1.c **** 
  74:.\Generated_Source\PSoC4/isr_1.c **** /*******************************************************************************
  75:.\Generated_Source\PSoC4/isr_1.c **** * Function Name: isr_1_StartEx
  76:.\Generated_Source\PSoC4/isr_1.c **** ********************************************************************************
  77:.\Generated_Source\PSoC4/isr_1.c **** *
  78:.\Generated_Source\PSoC4/isr_1.c **** * Summary:
  79:.\Generated_Source\PSoC4/isr_1.c **** *  Sets up the interrupt and enables it. This function disables the interrupt,
  80:.\Generated_Source\PSoC4/isr_1.c **** *  sets the interrupt vector based on the address passed in, sets the priority 
  81:.\Generated_Source\PSoC4/isr_1.c **** *  from the value in the Design Wide Resources Interrupt Editor, then enables 
  82:.\Generated_Source\PSoC4/isr_1.c **** *  the interrupt to the interrupt controller.
  83:.\Generated_Source\PSoC4/isr_1.c **** *  
  84:.\Generated_Source\PSoC4/isr_1.c **** *  When defining ISR functions, the CY_ISR and CY_ISR_PROTO macros should be 
  85:.\Generated_Source\PSoC4/isr_1.c **** *  used to provide consistent definition across compilers:
  86:.\Generated_Source\PSoC4/isr_1.c **** *  
  87:.\Generated_Source\PSoC4/isr_1.c **** *  Function definition example:
  88:.\Generated_Source\PSoC4/isr_1.c **** *   CY_ISR(MyISR)
  89:.\Generated_Source\PSoC4/isr_1.c **** *   {
ARM GAS  C:\Users\sst5281\AppData\Local\Temp\ccDWA6ny.s 			page 3


  90:.\Generated_Source\PSoC4/isr_1.c **** *   }
  91:.\Generated_Source\PSoC4/isr_1.c **** *   Function prototype example:
  92:.\Generated_Source\PSoC4/isr_1.c **** *   CY_ISR_PROTO(MyISR);
  93:.\Generated_Source\PSoC4/isr_1.c **** *
  94:.\Generated_Source\PSoC4/isr_1.c **** * Parameters:  
  95:.\Generated_Source\PSoC4/isr_1.c **** *   address: Address of the ISR to set in the interrupt vector table.
  96:.\Generated_Source\PSoC4/isr_1.c **** *
  97:.\Generated_Source\PSoC4/isr_1.c **** * Return:
  98:.\Generated_Source\PSoC4/isr_1.c **** *   None
  99:.\Generated_Source\PSoC4/isr_1.c **** *
 100:.\Generated_Source\PSoC4/isr_1.c **** *******************************************************************************/
 101:.\Generated_Source\PSoC4/isr_1.c **** void isr_1_StartEx(cyisraddress address)
 102:.\Generated_Source\PSoC4/isr_1.c **** {
 103:.\Generated_Source\PSoC4/isr_1.c ****     /* For all we know the interrupt is active. */
 104:.\Generated_Source\PSoC4/isr_1.c ****     isr_1_Disable();
 105:.\Generated_Source\PSoC4/isr_1.c **** 
 106:.\Generated_Source\PSoC4/isr_1.c ****     /* Set the ISR to point to the isr_1 Interrupt. */
 107:.\Generated_Source\PSoC4/isr_1.c ****     isr_1_SetVector(address);
 108:.\Generated_Source\PSoC4/isr_1.c **** 
 109:.\Generated_Source\PSoC4/isr_1.c ****     /* Set the priority. */
 110:.\Generated_Source\PSoC4/isr_1.c ****     isr_1_SetPriority((uint8)isr_1_INTC_PRIOR_NUMBER);
 111:.\Generated_Source\PSoC4/isr_1.c **** 
 112:.\Generated_Source\PSoC4/isr_1.c ****     /* Enable it. */
 113:.\Generated_Source\PSoC4/isr_1.c ****     isr_1_Enable();
 114:.\Generated_Source\PSoC4/isr_1.c **** }
 115:.\Generated_Source\PSoC4/isr_1.c **** 
 116:.\Generated_Source\PSoC4/isr_1.c **** 
 117:.\Generated_Source\PSoC4/isr_1.c **** /*******************************************************************************
 118:.\Generated_Source\PSoC4/isr_1.c **** * Function Name: isr_1_Stop
 119:.\Generated_Source\PSoC4/isr_1.c **** ********************************************************************************
 120:.\Generated_Source\PSoC4/isr_1.c **** *
 121:.\Generated_Source\PSoC4/isr_1.c **** * Summary:
 122:.\Generated_Source\PSoC4/isr_1.c **** *   Disables and removes the interrupt.
 123:.\Generated_Source\PSoC4/isr_1.c **** *
 124:.\Generated_Source\PSoC4/isr_1.c **** * Parameters:  
 125:.\Generated_Source\PSoC4/isr_1.c **** *   None
 126:.\Generated_Source\PSoC4/isr_1.c **** *
 127:.\Generated_Source\PSoC4/isr_1.c **** * Return:
 128:.\Generated_Source\PSoC4/isr_1.c **** *   None
 129:.\Generated_Source\PSoC4/isr_1.c **** *
 130:.\Generated_Source\PSoC4/isr_1.c **** *******************************************************************************/
 131:.\Generated_Source\PSoC4/isr_1.c **** void isr_1_Stop(void)
 132:.\Generated_Source\PSoC4/isr_1.c **** {
 133:.\Generated_Source\PSoC4/isr_1.c ****     /* Disable this interrupt. */
 134:.\Generated_Source\PSoC4/isr_1.c ****     isr_1_Disable();
 135:.\Generated_Source\PSoC4/isr_1.c **** 
 136:.\Generated_Source\PSoC4/isr_1.c ****     /* Set the ISR to point to the passive one. */
 137:.\Generated_Source\PSoC4/isr_1.c ****     isr_1_SetVector(&IntDefaultHandler);
 138:.\Generated_Source\PSoC4/isr_1.c **** }
 139:.\Generated_Source\PSoC4/isr_1.c **** 
 140:.\Generated_Source\PSoC4/isr_1.c **** 
 141:.\Generated_Source\PSoC4/isr_1.c **** /*******************************************************************************
 142:.\Generated_Source\PSoC4/isr_1.c **** * Function Name: isr_1_Interrupt
 143:.\Generated_Source\PSoC4/isr_1.c **** ********************************************************************************
 144:.\Generated_Source\PSoC4/isr_1.c **** *
 145:.\Generated_Source\PSoC4/isr_1.c **** * Summary:
 146:.\Generated_Source\PSoC4/isr_1.c **** *   The default Interrupt Service Routine for isr_1.
ARM GAS  C:\Users\sst5281\AppData\Local\Temp\ccDWA6ny.s 			page 4


 147:.\Generated_Source\PSoC4/isr_1.c **** *
 148:.\Generated_Source\PSoC4/isr_1.c **** *   Add custom code between the START and END comments to keep the next version
 149:.\Generated_Source\PSoC4/isr_1.c **** *   of this file from over-writing your code.
 150:.\Generated_Source\PSoC4/isr_1.c **** *
 151:.\Generated_Source\PSoC4/isr_1.c **** *   Note You may use either the default ISR by using this API, or you may define
 152:.\Generated_Source\PSoC4/isr_1.c **** *   your own separate ISR through ISR_StartEx().
 153:.\Generated_Source\PSoC4/isr_1.c **** *
 154:.\Generated_Source\PSoC4/isr_1.c **** * Parameters:  
 155:.\Generated_Source\PSoC4/isr_1.c **** *   None
 156:.\Generated_Source\PSoC4/isr_1.c **** *
 157:.\Generated_Source\PSoC4/isr_1.c **** * Return:
 158:.\Generated_Source\PSoC4/isr_1.c **** *   None
 159:.\Generated_Source\PSoC4/isr_1.c **** *
 160:.\Generated_Source\PSoC4/isr_1.c **** *******************************************************************************/
 161:.\Generated_Source\PSoC4/isr_1.c **** CY_ISR(isr_1_Interrupt)
 162:.\Generated_Source\PSoC4/isr_1.c **** {
  26              		.loc 1 162 0
  27              		.cfi_startproc
  28 0000 08B5     		push	{r3, lr}
  29              		.cfi_def_cfa_offset 8
  30              		.cfi_offset 3, -8
  31              		.cfi_offset 14, -4
 163:.\Generated_Source\PSoC4/isr_1.c ****     #ifdef isr_1_INTERRUPT_INTERRUPT_CALLBACK
 164:.\Generated_Source\PSoC4/isr_1.c ****         isr_1_Interrupt_InterruptCallback();
 165:.\Generated_Source\PSoC4/isr_1.c ****     #endif /* isr_1_INTERRUPT_INTERRUPT_CALLBACK */ 
 166:.\Generated_Source\PSoC4/isr_1.c **** 
 167:.\Generated_Source\PSoC4/isr_1.c ****     /*  Place your Interrupt code here. */
 168:.\Generated_Source\PSoC4/isr_1.c ****     /* `#START isr_1_Interrupt` */
 169:.\Generated_Source\PSoC4/isr_1.c ****     uint32 actual = LED_Red_Read();
  32              		.loc 1 169 0
  33 0002 FFF7FEFF 		bl	LED_Red_Read
  34              	.LVL0:
 170:.\Generated_Source\PSoC4/isr_1.c ****     if(actual==0) 
  35              		.loc 1 170 0
  36 0006 0028     		cmp	r0, #0
  37 0008 03D1     		bne	.L2
 171:.\Generated_Source\PSoC4/isr_1.c ****     {
 172:.\Generated_Source\PSoC4/isr_1.c ****         LED_Red_Write(1);
  38              		.loc 1 172 0
  39 000a 0130     		add	r0, r0, #1
  40              	.LVL1:
  41 000c FFF7FEFF 		bl	LED_Red_Write
  42              	.LVL2:
  43 0010 02E0     		b	.L3
  44              	.LVL3:
  45              	.L2:
 173:.\Generated_Source\PSoC4/isr_1.c ****     }
 174:.\Generated_Source\PSoC4/isr_1.c ****     else {
 175:.\Generated_Source\PSoC4/isr_1.c ****         LED_Red_Write(0);
  46              		.loc 1 175 0
  47 0012 0020     		mov	r0, #0
  48              	.LVL4:
  49 0014 FFF7FEFF 		bl	LED_Red_Write
  50              	.LVL5:
  51              	.L3:
 176:.\Generated_Source\PSoC4/isr_1.c ****     }
 177:.\Generated_Source\PSoC4/isr_1.c ****     count++;
ARM GAS  C:\Users\sst5281\AppData\Local\Temp\ccDWA6ny.s 			page 5


  52              		.loc 1 177 0
  53 0018 034A     		ldr	r2, .L4
  54 001a 1388     		ldrh	r3, [r2]
  55 001c 0133     		add	r3, r3, #1
  56 001e 1380     		strh	r3, [r2]
 178:.\Generated_Source\PSoC4/isr_1.c ****     Timer_1_ClearInterrupt(Timer_1_INTR_MASK_TC);
  57              		.loc 1 178 0
  58 0020 0120     		mov	r0, #1
  59 0022 FFF7FEFF 		bl	Timer_1_ClearInterrupt
  60              	.LVL6:
 179:.\Generated_Source\PSoC4/isr_1.c ****     /* `#END` */
 180:.\Generated_Source\PSoC4/isr_1.c **** }
  61              		.loc 1 180 0
  62              		@ sp needed
  63 0026 08BD     		pop	{r3, pc}
  64              	.L5:
  65              		.align	2
  66              	.L4:
  67 0028 00000000 		.word	.LANCHOR0
  68              		.cfi_endproc
  69              	.LFE5:
  70              		.size	isr_1_Interrupt, .-isr_1_Interrupt
  71              		.section	.text.isr_1_SetVector,"ax",%progbits
  72              		.align	2
  73              		.global	isr_1_SetVector
  74              		.code	16
  75              		.thumb_func
  76              		.type	isr_1_SetVector, %function
  77              	isr_1_SetVector:
  78              	.LFB6:
 181:.\Generated_Source\PSoC4/isr_1.c **** 
 182:.\Generated_Source\PSoC4/isr_1.c **** 
 183:.\Generated_Source\PSoC4/isr_1.c **** /*******************************************************************************
 184:.\Generated_Source\PSoC4/isr_1.c **** * Function Name: isr_1_SetVector
 185:.\Generated_Source\PSoC4/isr_1.c **** ********************************************************************************
 186:.\Generated_Source\PSoC4/isr_1.c **** *
 187:.\Generated_Source\PSoC4/isr_1.c **** * Summary:
 188:.\Generated_Source\PSoC4/isr_1.c **** *   Change the ISR vector for the Interrupt. Note calling isr_1_Start
 189:.\Generated_Source\PSoC4/isr_1.c **** *   will override any effect this method would have had. To set the vector 
 190:.\Generated_Source\PSoC4/isr_1.c **** *   before the component has been started use isr_1_StartEx instead.
 191:.\Generated_Source\PSoC4/isr_1.c **** * 
 192:.\Generated_Source\PSoC4/isr_1.c **** *   When defining ISR functions, the CY_ISR and CY_ISR_PROTO macros should be 
 193:.\Generated_Source\PSoC4/isr_1.c **** *   used to provide consistent definition across compilers:
 194:.\Generated_Source\PSoC4/isr_1.c **** *
 195:.\Generated_Source\PSoC4/isr_1.c **** *   Function definition example:
 196:.\Generated_Source\PSoC4/isr_1.c **** *   CY_ISR(MyISR)
 197:.\Generated_Source\PSoC4/isr_1.c **** *   {
 198:.\Generated_Source\PSoC4/isr_1.c **** *   }
 199:.\Generated_Source\PSoC4/isr_1.c **** *
 200:.\Generated_Source\PSoC4/isr_1.c **** *   Function prototype example:
 201:.\Generated_Source\PSoC4/isr_1.c **** *     CY_ISR_PROTO(MyISR);
 202:.\Generated_Source\PSoC4/isr_1.c **** *
 203:.\Generated_Source\PSoC4/isr_1.c **** * Parameters:
 204:.\Generated_Source\PSoC4/isr_1.c **** *   address: Address of the ISR to set in the interrupt vector table.
 205:.\Generated_Source\PSoC4/isr_1.c **** *
 206:.\Generated_Source\PSoC4/isr_1.c **** * Return:
 207:.\Generated_Source\PSoC4/isr_1.c **** *   None
ARM GAS  C:\Users\sst5281\AppData\Local\Temp\ccDWA6ny.s 			page 6


 208:.\Generated_Source\PSoC4/isr_1.c **** *
 209:.\Generated_Source\PSoC4/isr_1.c **** *******************************************************************************/
 210:.\Generated_Source\PSoC4/isr_1.c **** void isr_1_SetVector(cyisraddress address)
 211:.\Generated_Source\PSoC4/isr_1.c **** {
  79              		.loc 1 211 0
  80              		.cfi_startproc
  81              	.LVL7:
 212:.\Generated_Source\PSoC4/isr_1.c ****     CyRamVectors[CYINT_IRQ_BASE + isr_1__INTC_NUMBER] = address;
  82              		.loc 1 212 0
  83 0000 8423     		mov	r3, #132
  84 0002 014A     		ldr	r2, .L7
  85 0004 D050     		str	r0, [r2, r3]
 213:.\Generated_Source\PSoC4/isr_1.c **** }
  86              		.loc 1 213 0
  87              		@ sp needed
  88 0006 7047     		bx	lr
  89              	.L8:
  90              		.align	2
  91              	.L7:
  92 0008 00000000 		.word	CyRamVectors
  93              		.cfi_endproc
  94              	.LFE6:
  95              		.size	isr_1_SetVector, .-isr_1_SetVector
  96              		.section	.text.isr_1_GetVector,"ax",%progbits
  97              		.align	2
  98              		.global	isr_1_GetVector
  99              		.code	16
 100              		.thumb_func
 101              		.type	isr_1_GetVector, %function
 102              	isr_1_GetVector:
 103              	.LFB7:
 214:.\Generated_Source\PSoC4/isr_1.c **** 
 215:.\Generated_Source\PSoC4/isr_1.c **** 
 216:.\Generated_Source\PSoC4/isr_1.c **** /*******************************************************************************
 217:.\Generated_Source\PSoC4/isr_1.c **** * Function Name: isr_1_GetVector
 218:.\Generated_Source\PSoC4/isr_1.c **** ********************************************************************************
 219:.\Generated_Source\PSoC4/isr_1.c **** *
 220:.\Generated_Source\PSoC4/isr_1.c **** * Summary:
 221:.\Generated_Source\PSoC4/isr_1.c **** *   Gets the "address" of the current ISR vector for the Interrupt.
 222:.\Generated_Source\PSoC4/isr_1.c **** *
 223:.\Generated_Source\PSoC4/isr_1.c **** * Parameters:
 224:.\Generated_Source\PSoC4/isr_1.c **** *   None
 225:.\Generated_Source\PSoC4/isr_1.c **** *
 226:.\Generated_Source\PSoC4/isr_1.c **** * Return:
 227:.\Generated_Source\PSoC4/isr_1.c **** *   Address of the ISR in the interrupt vector table.
 228:.\Generated_Source\PSoC4/isr_1.c **** *
 229:.\Generated_Source\PSoC4/isr_1.c **** *******************************************************************************/
 230:.\Generated_Source\PSoC4/isr_1.c **** cyisraddress isr_1_GetVector(void)
 231:.\Generated_Source\PSoC4/isr_1.c **** {
 104              		.loc 1 231 0
 105              		.cfi_startproc
 232:.\Generated_Source\PSoC4/isr_1.c ****     return CyRamVectors[CYINT_IRQ_BASE + isr_1__INTC_NUMBER];
 106              		.loc 1 232 0
 107 0000 8423     		mov	r3, #132
 108 0002 014A     		ldr	r2, .L10
 109 0004 D058     		ldr	r0, [r2, r3]
 233:.\Generated_Source\PSoC4/isr_1.c **** }
ARM GAS  C:\Users\sst5281\AppData\Local\Temp\ccDWA6ny.s 			page 7


 110              		.loc 1 233 0
 111              		@ sp needed
 112 0006 7047     		bx	lr
 113              	.L11:
 114              		.align	2
 115              	.L10:
 116 0008 00000000 		.word	CyRamVectors
 117              		.cfi_endproc
 118              	.LFE7:
 119              		.size	isr_1_GetVector, .-isr_1_GetVector
 120              		.section	.text.isr_1_SetPriority,"ax",%progbits
 121              		.align	2
 122              		.global	isr_1_SetPriority
 123              		.code	16
 124              		.thumb_func
 125              		.type	isr_1_SetPriority, %function
 126              	isr_1_SetPriority:
 127              	.LFB8:
 234:.\Generated_Source\PSoC4/isr_1.c **** 
 235:.\Generated_Source\PSoC4/isr_1.c **** 
 236:.\Generated_Source\PSoC4/isr_1.c **** /*******************************************************************************
 237:.\Generated_Source\PSoC4/isr_1.c **** * Function Name: isr_1_SetPriority
 238:.\Generated_Source\PSoC4/isr_1.c **** ********************************************************************************
 239:.\Generated_Source\PSoC4/isr_1.c **** *
 240:.\Generated_Source\PSoC4/isr_1.c **** * Summary:
 241:.\Generated_Source\PSoC4/isr_1.c **** *   Sets the Priority of the Interrupt. 
 242:.\Generated_Source\PSoC4/isr_1.c **** *
 243:.\Generated_Source\PSoC4/isr_1.c **** *   Note calling isr_1_Start or isr_1_StartEx will 
 244:.\Generated_Source\PSoC4/isr_1.c **** *   override any effect this API would have had. This API should only be called
 245:.\Generated_Source\PSoC4/isr_1.c **** *   after isr_1_Start or isr_1_StartEx has been called. 
 246:.\Generated_Source\PSoC4/isr_1.c **** *   To set the initial priority for the component, use the Design-Wide Resources
 247:.\Generated_Source\PSoC4/isr_1.c **** *   Interrupt Editor.
 248:.\Generated_Source\PSoC4/isr_1.c **** *
 249:.\Generated_Source\PSoC4/isr_1.c **** *   Note This API has no effect on Non-maskable interrupt NMI).
 250:.\Generated_Source\PSoC4/isr_1.c **** *
 251:.\Generated_Source\PSoC4/isr_1.c **** * Parameters:
 252:.\Generated_Source\PSoC4/isr_1.c **** *   priority: Priority of the interrupt, 0 being the highest priority
 253:.\Generated_Source\PSoC4/isr_1.c **** *             PSoC 3 and PSoC 5LP: Priority is from 0 to 7.
 254:.\Generated_Source\PSoC4/isr_1.c **** *             PSoC 4: Priority is from 0 to 3.
 255:.\Generated_Source\PSoC4/isr_1.c **** *
 256:.\Generated_Source\PSoC4/isr_1.c **** * Return:
 257:.\Generated_Source\PSoC4/isr_1.c **** *   None
 258:.\Generated_Source\PSoC4/isr_1.c **** *
 259:.\Generated_Source\PSoC4/isr_1.c **** *******************************************************************************/
 260:.\Generated_Source\PSoC4/isr_1.c **** void isr_1_SetPriority(uint8 priority)
 261:.\Generated_Source\PSoC4/isr_1.c **** {
 128              		.loc 1 261 0
 129              		.cfi_startproc
 130              	.LVL8:
 131 0000 10B5     		push	{r4, lr}
 132              		.cfi_def_cfa_offset 8
 133              		.cfi_offset 4, -8
 134              		.cfi_offset 14, -4
 135 0002 041C     		mov	r4, r0
 136              	.LVL9:
 262:.\Generated_Source\PSoC4/isr_1.c **** 	uint8 interruptState;
 263:.\Generated_Source\PSoC4/isr_1.c ****     uint32 priorityOffset = ((isr_1__INTC_NUMBER % 4u) * 8u) + 6u;
ARM GAS  C:\Users\sst5281\AppData\Local\Temp\ccDWA6ny.s 			page 8


 264:.\Generated_Source\PSoC4/isr_1.c ****     
 265:.\Generated_Source\PSoC4/isr_1.c **** 	interruptState = CyEnterCriticalSection();
 137              		.loc 1 265 0
 138 0004 FFF7FEFF 		bl	CyEnterCriticalSection
 139              	.LVL10:
 266:.\Generated_Source\PSoC4/isr_1.c ****     *isr_1_INTC_PRIOR = (*isr_1_INTC_PRIOR & (uint32)(~isr_1__INTC_PRIOR_MASK)) |
 140              		.loc 1 266 0
 141 0008 044A     		ldr	r2, .L13
 142 000a 1168     		ldr	r1, [r2]
 143 000c 044B     		ldr	r3, .L13+4
 144 000e 0B40     		and	r3, r1
 267:.\Generated_Source\PSoC4/isr_1.c ****                                     ((uint32)priority << priorityOffset);
 145              		.loc 1 267 0
 146 0010 A403     		lsl	r4, r4, #14
 266:.\Generated_Source\PSoC4/isr_1.c ****     *isr_1_INTC_PRIOR = (*isr_1_INTC_PRIOR & (uint32)(~isr_1__INTC_PRIOR_MASK)) |
 147              		.loc 1 266 0
 148 0012 1C43     		orr	r4, r3
 149 0014 1460     		str	r4, [r2]
 268:.\Generated_Source\PSoC4/isr_1.c **** 	CyExitCriticalSection(interruptState);
 150              		.loc 1 268 0
 151 0016 FFF7FEFF 		bl	CyExitCriticalSection
 152              	.LVL11:
 269:.\Generated_Source\PSoC4/isr_1.c **** }
 153              		.loc 1 269 0
 154              		@ sp needed
 155 001a 10BD     		pop	{r4, pc}
 156              	.L14:
 157              		.align	2
 158              	.L13:
 159 001c 10E400E0 		.word	-536812528
 160 0020 FF3FFFFF 		.word	-49153
 161              		.cfi_endproc
 162              	.LFE8:
 163              		.size	isr_1_SetPriority, .-isr_1_SetPriority
 164              		.section	.text.isr_1_GetPriority,"ax",%progbits
 165              		.align	2
 166              		.global	isr_1_GetPriority
 167              		.code	16
 168              		.thumb_func
 169              		.type	isr_1_GetPriority, %function
 170              	isr_1_GetPriority:
 171              	.LFB9:
 270:.\Generated_Source\PSoC4/isr_1.c **** 
 271:.\Generated_Source\PSoC4/isr_1.c **** 
 272:.\Generated_Source\PSoC4/isr_1.c **** /*******************************************************************************
 273:.\Generated_Source\PSoC4/isr_1.c **** * Function Name: isr_1_GetPriority
 274:.\Generated_Source\PSoC4/isr_1.c **** ********************************************************************************
 275:.\Generated_Source\PSoC4/isr_1.c **** *
 276:.\Generated_Source\PSoC4/isr_1.c **** * Summary:
 277:.\Generated_Source\PSoC4/isr_1.c **** *   Gets the Priority of the Interrupt.
 278:.\Generated_Source\PSoC4/isr_1.c **** *
 279:.\Generated_Source\PSoC4/isr_1.c **** * Parameters:
 280:.\Generated_Source\PSoC4/isr_1.c **** *   None
 281:.\Generated_Source\PSoC4/isr_1.c **** *
 282:.\Generated_Source\PSoC4/isr_1.c **** * Return:
 283:.\Generated_Source\PSoC4/isr_1.c **** *   Priority of the interrupt, 0 being the highest priority
 284:.\Generated_Source\PSoC4/isr_1.c **** *    PSoC 3 and PSoC 5LP: Priority is from 0 to 7.
ARM GAS  C:\Users\sst5281\AppData\Local\Temp\ccDWA6ny.s 			page 9


 285:.\Generated_Source\PSoC4/isr_1.c **** *    PSoC 4: Priority is from 0 to 3.
 286:.\Generated_Source\PSoC4/isr_1.c **** *
 287:.\Generated_Source\PSoC4/isr_1.c **** *******************************************************************************/
 288:.\Generated_Source\PSoC4/isr_1.c **** uint8 isr_1_GetPriority(void)
 289:.\Generated_Source\PSoC4/isr_1.c **** {
 172              		.loc 1 289 0
 173              		.cfi_startproc
 174              	.LVL12:
 290:.\Generated_Source\PSoC4/isr_1.c ****     uint32 priority;
 291:.\Generated_Source\PSoC4/isr_1.c **** 	uint32 priorityOffset = ((isr_1__INTC_NUMBER % 4u) * 8u) + 6u;
 292:.\Generated_Source\PSoC4/isr_1.c **** 
 293:.\Generated_Source\PSoC4/isr_1.c ****     priority = (*isr_1_INTC_PRIOR & isr_1__INTC_PRIOR_MASK) >> priorityOffset;
 175              		.loc 1 293 0
 176 0000 024B     		ldr	r3, .L16
 177 0002 1868     		ldr	r0, [r3]
 178 0004 0004     		lsl	r0, r0, #16
 179              	.LVL13:
 294:.\Generated_Source\PSoC4/isr_1.c **** 
 295:.\Generated_Source\PSoC4/isr_1.c ****     return (uint8)priority;
 180              		.loc 1 295 0
 181 0006 800F     		lsr	r0, r0, #30
 182              	.LVL14:
 296:.\Generated_Source\PSoC4/isr_1.c **** }
 183              		.loc 1 296 0
 184              		@ sp needed
 185 0008 7047     		bx	lr
 186              	.L17:
 187 000a C046     		.align	2
 188              	.L16:
 189 000c 10E400E0 		.word	-536812528
 190              		.cfi_endproc
 191              	.LFE9:
 192              		.size	isr_1_GetPriority, .-isr_1_GetPriority
 193              		.section	.text.isr_1_Enable,"ax",%progbits
 194              		.align	2
 195              		.global	isr_1_Enable
 196              		.code	16
 197              		.thumb_func
 198              		.type	isr_1_Enable, %function
 199              	isr_1_Enable:
 200              	.LFB10:
 297:.\Generated_Source\PSoC4/isr_1.c **** 
 298:.\Generated_Source\PSoC4/isr_1.c **** 
 299:.\Generated_Source\PSoC4/isr_1.c **** /*******************************************************************************
 300:.\Generated_Source\PSoC4/isr_1.c **** * Function Name: isr_1_Enable
 301:.\Generated_Source\PSoC4/isr_1.c **** ********************************************************************************
 302:.\Generated_Source\PSoC4/isr_1.c **** *
 303:.\Generated_Source\PSoC4/isr_1.c **** * Summary:
 304:.\Generated_Source\PSoC4/isr_1.c **** *   Enables the interrupt to the interrupt controller. Do not call this function
 305:.\Generated_Source\PSoC4/isr_1.c **** *   unless ISR_Start() has been called or the functionality of the ISR_Start() 
 306:.\Generated_Source\PSoC4/isr_1.c **** *   function, which sets the vector and the priority, has been called.
 307:.\Generated_Source\PSoC4/isr_1.c **** *
 308:.\Generated_Source\PSoC4/isr_1.c **** * Parameters:
 309:.\Generated_Source\PSoC4/isr_1.c **** *   None
 310:.\Generated_Source\PSoC4/isr_1.c **** *
 311:.\Generated_Source\PSoC4/isr_1.c **** * Return:
 312:.\Generated_Source\PSoC4/isr_1.c **** *   None
ARM GAS  C:\Users\sst5281\AppData\Local\Temp\ccDWA6ny.s 			page 10


 313:.\Generated_Source\PSoC4/isr_1.c **** *
 314:.\Generated_Source\PSoC4/isr_1.c **** *******************************************************************************/
 315:.\Generated_Source\PSoC4/isr_1.c **** void isr_1_Enable(void)
 316:.\Generated_Source\PSoC4/isr_1.c **** {
 201              		.loc 1 316 0
 202              		.cfi_startproc
 317:.\Generated_Source\PSoC4/isr_1.c ****     /* Enable the general interrupt. */
 318:.\Generated_Source\PSoC4/isr_1.c ****     *isr_1_INTC_SET_EN = isr_1__INTC_MASK;
 203              		.loc 1 318 0
 204 0000 8022     		mov	r2, #128
 205 0002 9202     		lsl	r2, r2, #10
 206 0004 014B     		ldr	r3, .L19
 207 0006 1A60     		str	r2, [r3]
 319:.\Generated_Source\PSoC4/isr_1.c **** }
 208              		.loc 1 319 0
 209              		@ sp needed
 210 0008 7047     		bx	lr
 211              	.L20:
 212 000a C046     		.align	2
 213              	.L19:
 214 000c 00E100E0 		.word	-536813312
 215              		.cfi_endproc
 216              	.LFE10:
 217              		.size	isr_1_Enable, .-isr_1_Enable
 218              		.section	.text.isr_1_GetState,"ax",%progbits
 219              		.align	2
 220              		.global	isr_1_GetState
 221              		.code	16
 222              		.thumb_func
 223              		.type	isr_1_GetState, %function
 224              	isr_1_GetState:
 225              	.LFB11:
 320:.\Generated_Source\PSoC4/isr_1.c **** 
 321:.\Generated_Source\PSoC4/isr_1.c **** 
 322:.\Generated_Source\PSoC4/isr_1.c **** /*******************************************************************************
 323:.\Generated_Source\PSoC4/isr_1.c **** * Function Name: isr_1_GetState
 324:.\Generated_Source\PSoC4/isr_1.c **** ********************************************************************************
 325:.\Generated_Source\PSoC4/isr_1.c **** *
 326:.\Generated_Source\PSoC4/isr_1.c **** * Summary:
 327:.\Generated_Source\PSoC4/isr_1.c **** *   Gets the state (enabled, disabled) of the Interrupt.
 328:.\Generated_Source\PSoC4/isr_1.c **** *
 329:.\Generated_Source\PSoC4/isr_1.c **** * Parameters:
 330:.\Generated_Source\PSoC4/isr_1.c **** *   None
 331:.\Generated_Source\PSoC4/isr_1.c **** *
 332:.\Generated_Source\PSoC4/isr_1.c **** * Return:
 333:.\Generated_Source\PSoC4/isr_1.c **** *   1 if enabled, 0 if disabled.
 334:.\Generated_Source\PSoC4/isr_1.c **** *
 335:.\Generated_Source\PSoC4/isr_1.c **** *******************************************************************************/
 336:.\Generated_Source\PSoC4/isr_1.c **** uint8 isr_1_GetState(void)
 337:.\Generated_Source\PSoC4/isr_1.c **** {
 226              		.loc 1 337 0
 227              		.cfi_startproc
 338:.\Generated_Source\PSoC4/isr_1.c ****     /* Get the state of the general interrupt. */
 339:.\Generated_Source\PSoC4/isr_1.c ****     return ((*isr_1_INTC_SET_EN & (uint32)isr_1__INTC_MASK) != 0u) ? 1u:0u;
 228              		.loc 1 339 0
 229 0000 034B     		ldr	r3, .L24
 230 0002 1B68     		ldr	r3, [r3]
ARM GAS  C:\Users\sst5281\AppData\Local\Temp\ccDWA6ny.s 			page 11


 231 0004 9B03     		lsl	r3, r3, #14
 232 0006 01D5     		bpl	.L23
 233 0008 0120     		mov	r0, #1
 234 000a 00E0     		b	.L22
 235              	.L23:
 236 000c 0020     		mov	r0, #0
 237              	.L22:
 340:.\Generated_Source\PSoC4/isr_1.c **** }
 238              		.loc 1 340 0 discriminator 4
 239              		@ sp needed
 240 000e 7047     		bx	lr
 241              	.L25:
 242              		.align	2
 243              	.L24:
 244 0010 00E100E0 		.word	-536813312
 245              		.cfi_endproc
 246              	.LFE11:
 247              		.size	isr_1_GetState, .-isr_1_GetState
 248              		.section	.text.isr_1_Disable,"ax",%progbits
 249              		.align	2
 250              		.global	isr_1_Disable
 251              		.code	16
 252              		.thumb_func
 253              		.type	isr_1_Disable, %function
 254              	isr_1_Disable:
 255              	.LFB12:
 341:.\Generated_Source\PSoC4/isr_1.c **** 
 342:.\Generated_Source\PSoC4/isr_1.c **** 
 343:.\Generated_Source\PSoC4/isr_1.c **** /*******************************************************************************
 344:.\Generated_Source\PSoC4/isr_1.c **** * Function Name: isr_1_Disable
 345:.\Generated_Source\PSoC4/isr_1.c **** ********************************************************************************
 346:.\Generated_Source\PSoC4/isr_1.c **** *
 347:.\Generated_Source\PSoC4/isr_1.c **** * Summary:
 348:.\Generated_Source\PSoC4/isr_1.c **** *   Disables the Interrupt in the interrupt controller.
 349:.\Generated_Source\PSoC4/isr_1.c **** *
 350:.\Generated_Source\PSoC4/isr_1.c **** * Parameters:
 351:.\Generated_Source\PSoC4/isr_1.c **** *   None
 352:.\Generated_Source\PSoC4/isr_1.c **** *
 353:.\Generated_Source\PSoC4/isr_1.c **** * Return:
 354:.\Generated_Source\PSoC4/isr_1.c **** *   None
 355:.\Generated_Source\PSoC4/isr_1.c **** *
 356:.\Generated_Source\PSoC4/isr_1.c **** *******************************************************************************/
 357:.\Generated_Source\PSoC4/isr_1.c **** void isr_1_Disable(void)
 358:.\Generated_Source\PSoC4/isr_1.c **** {
 256              		.loc 1 358 0
 257              		.cfi_startproc
 359:.\Generated_Source\PSoC4/isr_1.c ****     /* Disable the general interrupt. */
 360:.\Generated_Source\PSoC4/isr_1.c ****     *isr_1_INTC_CLR_EN = isr_1__INTC_MASK;
 258              		.loc 1 360 0
 259 0000 8022     		mov	r2, #128
 260 0002 9202     		lsl	r2, r2, #10
 261 0004 014B     		ldr	r3, .L27
 262 0006 1A60     		str	r2, [r3]
 361:.\Generated_Source\PSoC4/isr_1.c **** }
 263              		.loc 1 361 0
 264              		@ sp needed
 265 0008 7047     		bx	lr
ARM GAS  C:\Users\sst5281\AppData\Local\Temp\ccDWA6ny.s 			page 12


 266              	.L28:
 267 000a C046     		.align	2
 268              	.L27:
 269 000c 80E100E0 		.word	-536813184
 270              		.cfi_endproc
 271              	.LFE12:
 272              		.size	isr_1_Disable, .-isr_1_Disable
 273              		.section	.text.isr_1_Start,"ax",%progbits
 274              		.align	2
 275              		.global	isr_1_Start
 276              		.code	16
 277              		.thumb_func
 278              		.type	isr_1_Start, %function
 279              	isr_1_Start:
 280              	.LFB2:
  59:.\Generated_Source\PSoC4/isr_1.c ****     /* For all we know the interrupt is active. */
 281              		.loc 1 59 0
 282              		.cfi_startproc
 283 0000 08B5     		push	{r3, lr}
 284              		.cfi_def_cfa_offset 8
 285              		.cfi_offset 3, -8
 286              		.cfi_offset 14, -4
  61:.\Generated_Source\PSoC4/isr_1.c **** 
 287              		.loc 1 61 0
 288 0002 FFF7FEFF 		bl	isr_1_Disable
 289              	.LVL15:
  64:.\Generated_Source\PSoC4/isr_1.c **** 
 290              		.loc 1 64 0
 291 0006 0448     		ldr	r0, .L30
 292 0008 FFF7FEFF 		bl	isr_1_SetVector
 293              	.LVL16:
  67:.\Generated_Source\PSoC4/isr_1.c **** 
 294              		.loc 1 67 0
 295 000c 0320     		mov	r0, #3
 296 000e FFF7FEFF 		bl	isr_1_SetPriority
 297              	.LVL17:
  70:.\Generated_Source\PSoC4/isr_1.c **** }
 298              		.loc 1 70 0
 299 0012 FFF7FEFF 		bl	isr_1_Enable
 300              	.LVL18:
  71:.\Generated_Source\PSoC4/isr_1.c **** 
 301              		.loc 1 71 0
 302              		@ sp needed
 303 0016 08BD     		pop	{r3, pc}
 304              	.L31:
 305              		.align	2
 306              	.L30:
 307 0018 00000000 		.word	isr_1_Interrupt
 308              		.cfi_endproc
 309              	.LFE2:
 310              		.size	isr_1_Start, .-isr_1_Start
 311              		.section	.text.isr_1_StartEx,"ax",%progbits
 312              		.align	2
 313              		.global	isr_1_StartEx
 314              		.code	16
 315              		.thumb_func
 316              		.type	isr_1_StartEx, %function
ARM GAS  C:\Users\sst5281\AppData\Local\Temp\ccDWA6ny.s 			page 13


 317              	isr_1_StartEx:
 318              	.LFB3:
 102:.\Generated_Source\PSoC4/isr_1.c ****     /* For all we know the interrupt is active. */
 319              		.loc 1 102 0
 320              		.cfi_startproc
 321              	.LVL19:
 322 0000 10B5     		push	{r4, lr}
 323              		.cfi_def_cfa_offset 8
 324              		.cfi_offset 4, -8
 325              		.cfi_offset 14, -4
 326 0002 041C     		mov	r4, r0
 104:.\Generated_Source\PSoC4/isr_1.c **** 
 327              		.loc 1 104 0
 328 0004 FFF7FEFF 		bl	isr_1_Disable
 329              	.LVL20:
 107:.\Generated_Source\PSoC4/isr_1.c **** 
 330              		.loc 1 107 0
 331 0008 201C     		mov	r0, r4
 332 000a FFF7FEFF 		bl	isr_1_SetVector
 333              	.LVL21:
 110:.\Generated_Source\PSoC4/isr_1.c **** 
 334              		.loc 1 110 0
 335 000e 0320     		mov	r0, #3
 336 0010 FFF7FEFF 		bl	isr_1_SetPriority
 337              	.LVL22:
 113:.\Generated_Source\PSoC4/isr_1.c **** }
 338              		.loc 1 113 0
 339 0014 FFF7FEFF 		bl	isr_1_Enable
 340              	.LVL23:
 114:.\Generated_Source\PSoC4/isr_1.c **** 
 341              		.loc 1 114 0
 342              		@ sp needed
 343              	.LVL24:
 344 0018 10BD     		pop	{r4, pc}
 345              		.cfi_endproc
 346              	.LFE3:
 347              		.size	isr_1_StartEx, .-isr_1_StartEx
 348 001a C046     		.section	.text.isr_1_Stop,"ax",%progbits
 349              		.align	2
 350              		.global	isr_1_Stop
 351              		.code	16
 352              		.thumb_func
 353              		.type	isr_1_Stop, %function
 354              	isr_1_Stop:
 355              	.LFB4:
 132:.\Generated_Source\PSoC4/isr_1.c ****     /* Disable this interrupt. */
 356              		.loc 1 132 0
 357              		.cfi_startproc
 358 0000 08B5     		push	{r3, lr}
 359              		.cfi_def_cfa_offset 8
 360              		.cfi_offset 3, -8
 361              		.cfi_offset 14, -4
 134:.\Generated_Source\PSoC4/isr_1.c **** 
 362              		.loc 1 134 0
 363 0002 FFF7FEFF 		bl	isr_1_Disable
 364              	.LVL25:
 137:.\Generated_Source\PSoC4/isr_1.c **** }
ARM GAS  C:\Users\sst5281\AppData\Local\Temp\ccDWA6ny.s 			page 14


 365              		.loc 1 137 0
 366 0006 0248     		ldr	r0, .L34
 367 0008 FFF7FEFF 		bl	isr_1_SetVector
 368              	.LVL26:
 138:.\Generated_Source\PSoC4/isr_1.c **** 
 369              		.loc 1 138 0
 370              		@ sp needed
 371 000c 08BD     		pop	{r3, pc}
 372              	.L35:
 373 000e C046     		.align	2
 374              	.L34:
 375 0010 00000000 		.word	IntDefaultHandler
 376              		.cfi_endproc
 377              	.LFE4:
 378              		.size	isr_1_Stop, .-isr_1_Stop
 379              		.section	.text.isr_1_SetPending,"ax",%progbits
 380              		.align	2
 381              		.global	isr_1_SetPending
 382              		.code	16
 383              		.thumb_func
 384              		.type	isr_1_SetPending, %function
 385              	isr_1_SetPending:
 386              	.LFB13:
 362:.\Generated_Source\PSoC4/isr_1.c **** 
 363:.\Generated_Source\PSoC4/isr_1.c **** 
 364:.\Generated_Source\PSoC4/isr_1.c **** /*******************************************************************************
 365:.\Generated_Source\PSoC4/isr_1.c **** * Function Name: isr_1_SetPending
 366:.\Generated_Source\PSoC4/isr_1.c **** ********************************************************************************
 367:.\Generated_Source\PSoC4/isr_1.c **** *
 368:.\Generated_Source\PSoC4/isr_1.c **** * Summary:
 369:.\Generated_Source\PSoC4/isr_1.c **** *   Causes the Interrupt to enter the pending state, a software method of
 370:.\Generated_Source\PSoC4/isr_1.c **** *   generating the interrupt.
 371:.\Generated_Source\PSoC4/isr_1.c **** *
 372:.\Generated_Source\PSoC4/isr_1.c **** * Parameters:
 373:.\Generated_Source\PSoC4/isr_1.c **** *   None
 374:.\Generated_Source\PSoC4/isr_1.c **** *
 375:.\Generated_Source\PSoC4/isr_1.c **** * Return:
 376:.\Generated_Source\PSoC4/isr_1.c **** *   None
 377:.\Generated_Source\PSoC4/isr_1.c **** *
 378:.\Generated_Source\PSoC4/isr_1.c **** * Side Effects:
 379:.\Generated_Source\PSoC4/isr_1.c **** *   If interrupts are enabled and the interrupt is set up properly, the ISR is
 380:.\Generated_Source\PSoC4/isr_1.c **** *   entered (depending on the priority of this interrupt and other pending 
 381:.\Generated_Source\PSoC4/isr_1.c **** *   interrupts).
 382:.\Generated_Source\PSoC4/isr_1.c **** *
 383:.\Generated_Source\PSoC4/isr_1.c **** *******************************************************************************/
 384:.\Generated_Source\PSoC4/isr_1.c **** void isr_1_SetPending(void)
 385:.\Generated_Source\PSoC4/isr_1.c **** {
 387              		.loc 1 385 0
 388              		.cfi_startproc
 386:.\Generated_Source\PSoC4/isr_1.c ****     *isr_1_INTC_SET_PD = isr_1__INTC_MASK;
 389              		.loc 1 386 0
 390 0000 8022     		mov	r2, #128
 391 0002 9202     		lsl	r2, r2, #10
 392 0004 014B     		ldr	r3, .L37
 393 0006 1A60     		str	r2, [r3]
 387:.\Generated_Source\PSoC4/isr_1.c **** }
 394              		.loc 1 387 0
ARM GAS  C:\Users\sst5281\AppData\Local\Temp\ccDWA6ny.s 			page 15


 395              		@ sp needed
 396 0008 7047     		bx	lr
 397              	.L38:
 398 000a C046     		.align	2
 399              	.L37:
 400 000c 00E200E0 		.word	-536813056
 401              		.cfi_endproc
 402              	.LFE13:
 403              		.size	isr_1_SetPending, .-isr_1_SetPending
 404              		.section	.text.isr_1_ClearPending,"ax",%progbits
 405              		.align	2
 406              		.global	isr_1_ClearPending
 407              		.code	16
 408              		.thumb_func
 409              		.type	isr_1_ClearPending, %function
 410              	isr_1_ClearPending:
 411              	.LFB14:
 388:.\Generated_Source\PSoC4/isr_1.c **** 
 389:.\Generated_Source\PSoC4/isr_1.c **** 
 390:.\Generated_Source\PSoC4/isr_1.c **** /*******************************************************************************
 391:.\Generated_Source\PSoC4/isr_1.c **** * Function Name: isr_1_ClearPending
 392:.\Generated_Source\PSoC4/isr_1.c **** ********************************************************************************
 393:.\Generated_Source\PSoC4/isr_1.c **** *
 394:.\Generated_Source\PSoC4/isr_1.c **** * Summary:
 395:.\Generated_Source\PSoC4/isr_1.c **** *   Clears a pending interrupt in the interrupt controller.
 396:.\Generated_Source\PSoC4/isr_1.c **** *
 397:.\Generated_Source\PSoC4/isr_1.c **** *   Note Some interrupt sources are clear-on-read and require the block 
 398:.\Generated_Source\PSoC4/isr_1.c **** *   interrupt/status register to be read/cleared with the appropriate block API 
 399:.\Generated_Source\PSoC4/isr_1.c **** *   (GPIO, UART, and so on). Otherwise the ISR will continue to remain in 
 400:.\Generated_Source\PSoC4/isr_1.c **** *   pending state even though the interrupt itself is cleared using this API.
 401:.\Generated_Source\PSoC4/isr_1.c **** *
 402:.\Generated_Source\PSoC4/isr_1.c **** * Parameters:
 403:.\Generated_Source\PSoC4/isr_1.c **** *   None
 404:.\Generated_Source\PSoC4/isr_1.c **** *
 405:.\Generated_Source\PSoC4/isr_1.c **** * Return:
 406:.\Generated_Source\PSoC4/isr_1.c **** *   None
 407:.\Generated_Source\PSoC4/isr_1.c **** *
 408:.\Generated_Source\PSoC4/isr_1.c **** *******************************************************************************/
 409:.\Generated_Source\PSoC4/isr_1.c **** void isr_1_ClearPending(void)
 410:.\Generated_Source\PSoC4/isr_1.c **** {
 412              		.loc 1 410 0
 413              		.cfi_startproc
 411:.\Generated_Source\PSoC4/isr_1.c ****     *isr_1_INTC_CLR_PD = isr_1__INTC_MASK;
 414              		.loc 1 411 0
 415 0000 8022     		mov	r2, #128
 416 0002 9202     		lsl	r2, r2, #10
 417 0004 014B     		ldr	r3, .L40
 418 0006 1A60     		str	r2, [r3]
 412:.\Generated_Source\PSoC4/isr_1.c **** }
 419              		.loc 1 412 0
 420              		@ sp needed
 421 0008 7047     		bx	lr
 422              	.L41:
 423 000a C046     		.align	2
 424              	.L40:
 425 000c 80E200E0 		.word	-536812928
 426              		.cfi_endproc
ARM GAS  C:\Users\sst5281\AppData\Local\Temp\ccDWA6ny.s 			page 16


 427              	.LFE14:
 428              		.size	isr_1_ClearPending, .-isr_1_ClearPending
 429              		.global	count
 430              		.bss
 431              		.align	1
 432              		.set	.LANCHOR0,. + 0
 433              		.type	count, %object
 434              		.size	count, 2
 435              	count:
 436 0000 0000     		.space	2
 437              		.text
 438              	.Letext0:
 439              		.file 2 "Generated_Source\\PSoC4/cytypes.h"
 440              		.file 3 "Generated_Source\\PSoC4/LED_Red.h"
 441              		.file 4 "Generated_Source\\PSoC4/Timer_1.h"
 442              		.file 5 "Generated_Source\\PSoC4/CyLib.h"
 443              		.section	.debug_info,"",%progbits
 444              	.Ldebug_info0:
 445 0000 93030000 		.4byte	0x393
 446 0004 0400     		.2byte	0x4
 447 0006 00000000 		.4byte	.Ldebug_abbrev0
 448 000a 04       		.byte	0x4
 449 000b 01       		.uleb128 0x1
 450 000c 28020000 		.4byte	.LASF41
 451 0010 01       		.byte	0x1
 452 0011 E7010000 		.4byte	.LASF42
 453 0015 5C010000 		.4byte	.LASF43
 454 0019 00000000 		.4byte	.Ldebug_ranges0+0
 455 001d 00000000 		.4byte	0
 456 0021 00000000 		.4byte	.Ldebug_line0
 457 0025 02       		.uleb128 0x2
 458 0026 01       		.byte	0x1
 459 0027 06       		.byte	0x6
 460 0028 06030000 		.4byte	.LASF0
 461 002c 02       		.uleb128 0x2
 462 002d 01       		.byte	0x1
 463 002e 08       		.byte	0x8
 464 002f 03010000 		.4byte	.LASF1
 465 0033 02       		.uleb128 0x2
 466 0034 02       		.byte	0x2
 467 0035 05       		.byte	0x5
 468 0036 B6020000 		.4byte	.LASF2
 469 003a 02       		.uleb128 0x2
 470 003b 02       		.byte	0x2
 471 003c 07       		.byte	0x7
 472 003d 66000000 		.4byte	.LASF3
 473 0041 02       		.uleb128 0x2
 474 0042 04       		.byte	0x4
 475 0043 05       		.byte	0x5
 476 0044 FD020000 		.4byte	.LASF4
 477 0048 02       		.uleb128 0x2
 478 0049 04       		.byte	0x4
 479 004a 07       		.byte	0x7
 480 004b E2000000 		.4byte	.LASF5
 481 004f 02       		.uleb128 0x2
 482 0050 08       		.byte	0x8
 483 0051 05       		.byte	0x5
ARM GAS  C:\Users\sst5281\AppData\Local\Temp\ccDWA6ny.s 			page 17


 484 0052 08020000 		.4byte	.LASF6
 485 0056 02       		.uleb128 0x2
 486 0057 08       		.byte	0x8
 487 0058 07       		.byte	0x7
 488 0059 AF000000 		.4byte	.LASF7
 489 005d 03       		.uleb128 0x3
 490 005e 04       		.byte	0x4
 491 005f 05       		.byte	0x5
 492 0060 696E7400 		.ascii	"int\000"
 493 0064 02       		.uleb128 0x2
 494 0065 04       		.byte	0x4
 495 0066 07       		.byte	0x7
 496 0067 4F010000 		.4byte	.LASF8
 497 006b 04       		.uleb128 0x4
 498 006c F4000000 		.4byte	.LASF9
 499 0070 02       		.byte	0x2
 500 0071 9801     		.2byte	0x198
 501 0073 2C000000 		.4byte	0x2c
 502 0077 04       		.uleb128 0x4
 503 0078 2A010000 		.4byte	.LASF10
 504 007c 02       		.byte	0x2
 505 007d 9901     		.2byte	0x199
 506 007f 3A000000 		.4byte	0x3a
 507 0083 04       		.uleb128 0x4
 508 0084 31010000 		.4byte	.LASF11
 509 0088 02       		.byte	0x2
 510 0089 9A01     		.2byte	0x19a
 511 008b 48000000 		.4byte	0x48
 512 008f 02       		.uleb128 0x2
 513 0090 04       		.byte	0x4
 514 0091 04       		.byte	0x4
 515 0092 A9000000 		.4byte	.LASF12
 516 0096 02       		.uleb128 0x2
 517 0097 08       		.byte	0x8
 518 0098 04       		.byte	0x4
 519 0099 11010000 		.4byte	.LASF13
 520 009d 02       		.uleb128 0x2
 521 009e 01       		.byte	0x1
 522 009f 08       		.byte	0x8
 523 00a0 23020000 		.4byte	.LASF14
 524 00a4 04       		.uleb128 0x4
 525 00a5 13000000 		.4byte	.LASF15
 526 00a9 02       		.byte	0x2
 527 00aa 4402     		.2byte	0x244
 528 00ac B0000000 		.4byte	0xb0
 529 00b0 05       		.uleb128 0x5
 530 00b1 83000000 		.4byte	0x83
 531 00b5 04       		.uleb128 0x4
 532 00b6 D1010000 		.4byte	.LASF16
 533 00ba 02       		.byte	0x2
 534 00bb 5402     		.2byte	0x254
 535 00bd C1000000 		.4byte	0xc1
 536 00c1 06       		.uleb128 0x6
 537 00c2 04       		.byte	0x4
 538 00c3 C7000000 		.4byte	0xc7
 539 00c7 07       		.uleb128 0x7
 540 00c8 02       		.uleb128 0x2
ARM GAS  C:\Users\sst5281\AppData\Local\Temp\ccDWA6ny.s 			page 18


 541 00c9 04       		.byte	0x4
 542 00ca 07       		.byte	0x7
 543 00cb DE010000 		.4byte	.LASF17
 544 00cf 08       		.uleb128 0x8
 545 00d0 DE020000 		.4byte	.LASF18
 546 00d4 01       		.byte	0x1
 547 00d5 A1       		.byte	0xa1
 548 00d6 00000000 		.4byte	.LFB5
 549 00da 2C000000 		.4byte	.LFE5-.LFB5
 550 00de 01       		.uleb128 0x1
 551 00df 9C       		.byte	0x9c
 552 00e0 28010000 		.4byte	0x128
 553 00e4 09       		.uleb128 0x9
 554 00e5 A2000000 		.4byte	.LASF23
 555 00e9 01       		.byte	0x1
 556 00ea A9       		.byte	0xa9
 557 00eb 83000000 		.4byte	0x83
 558 00ef 00000000 		.4byte	.LLST0
 559 00f3 0A       		.uleb128 0xa
 560 00f4 06000000 		.4byte	.LVL0
 561 00f8 50030000 		.4byte	0x350
 562 00fc 0A       		.uleb128 0xa
 563 00fd 10000000 		.4byte	.LVL2
 564 0101 5B030000 		.4byte	0x35b
 565 0105 0B       		.uleb128 0xb
 566 0106 18000000 		.4byte	.LVL5
 567 010a 5B030000 		.4byte	0x35b
 568 010e 18010000 		.4byte	0x118
 569 0112 0C       		.uleb128 0xc
 570 0113 01       		.uleb128 0x1
 571 0114 50       		.byte	0x50
 572 0115 01       		.uleb128 0x1
 573 0116 30       		.byte	0x30
 574 0117 00       		.byte	0
 575 0118 0D       		.uleb128 0xd
 576 0119 26000000 		.4byte	.LVL6
 577 011d 6C030000 		.4byte	0x36c
 578 0121 0C       		.uleb128 0xc
 579 0122 01       		.uleb128 0x1
 580 0123 50       		.byte	0x50
 581 0124 01       		.uleb128 0x1
 582 0125 31       		.byte	0x31
 583 0126 00       		.byte	0
 584 0127 00       		.byte	0
 585 0128 08       		.uleb128 0x8
 586 0129 2B030000 		.4byte	.LASF19
 587 012d 01       		.byte	0x1
 588 012e D2       		.byte	0xd2
 589 012f 00000000 		.4byte	.LFB6
 590 0133 0C000000 		.4byte	.LFE6-.LFB6
 591 0137 01       		.uleb128 0x1
 592 0138 9C       		.byte	0x9c
 593 0139 4B010000 		.4byte	0x14b
 594 013d 0E       		.uleb128 0xe
 595 013e B3010000 		.4byte	.LASF21
 596 0142 01       		.byte	0x1
 597 0143 D2       		.byte	0xd2
ARM GAS  C:\Users\sst5281\AppData\Local\Temp\ccDWA6ny.s 			page 19


 598 0144 B5000000 		.4byte	0xb5
 599 0148 01       		.uleb128 0x1
 600 0149 50       		.byte	0x50
 601 014a 00       		.byte	0
 602 014b 0F       		.uleb128 0xf
 603 014c CE020000 		.4byte	.LASF26
 604 0150 01       		.byte	0x1
 605 0151 E6       		.byte	0xe6
 606 0152 B5000000 		.4byte	0xb5
 607 0156 00000000 		.4byte	.LFB7
 608 015a 0C000000 		.4byte	.LFE7-.LFB7
 609 015e 01       		.uleb128 0x1
 610 015f 9C       		.byte	0x9c
 611 0160 10       		.uleb128 0x10
 612 0161 18010000 		.4byte	.LASF20
 613 0165 01       		.byte	0x1
 614 0166 0401     		.2byte	0x104
 615 0168 00000000 		.4byte	.LFB8
 616 016c 24000000 		.4byte	.LFE8-.LFB8
 617 0170 01       		.uleb128 0x1
 618 0171 9C       		.byte	0x9c
 619 0172 B6010000 		.4byte	0x1b6
 620 0176 11       		.uleb128 0x11
 621 0177 FA000000 		.4byte	.LASF22
 622 017b 01       		.byte	0x1
 623 017c 0401     		.2byte	0x104
 624 017e 6B000000 		.4byte	0x6b
 625 0182 28000000 		.4byte	.LLST1
 626 0186 12       		.uleb128 0x12
 627 0187 D3000000 		.4byte	.LASF24
 628 018b 01       		.byte	0x1
 629 018c 0601     		.2byte	0x106
 630 018e 6B000000 		.4byte	0x6b
 631 0192 49000000 		.4byte	.LLST2
 632 0196 13       		.uleb128 0x13
 633 0197 EE020000 		.4byte	.LASF25
 634 019b 01       		.byte	0x1
 635 019c 0701     		.2byte	0x107
 636 019e 83000000 		.4byte	0x83
 637 01a2 0E       		.byte	0xe
 638 01a3 0A       		.uleb128 0xa
 639 01a4 08000000 		.4byte	.LVL10
 640 01a8 7E030000 		.4byte	0x37e
 641 01ac 0A       		.uleb128 0xa
 642 01ad 1A000000 		.4byte	.LVL11
 643 01b1 89030000 		.4byte	0x389
 644 01b5 00       		.byte	0
 645 01b6 14       		.uleb128 0x14
 646 01b7 79000000 		.4byte	.LASF44
 647 01bb 01       		.byte	0x1
 648 01bc 2001     		.2byte	0x120
 649 01be 6B000000 		.4byte	0x6b
 650 01c2 00000000 		.4byte	.LFB9
 651 01c6 10000000 		.4byte	.LFE9-.LFB9
 652 01ca 01       		.uleb128 0x1
 653 01cb 9C       		.byte	0x9c
 654 01cc EE010000 		.4byte	0x1ee
ARM GAS  C:\Users\sst5281\AppData\Local\Temp\ccDWA6ny.s 			page 20


 655 01d0 12       		.uleb128 0x12
 656 01d1 FA000000 		.4byte	.LASF22
 657 01d5 01       		.byte	0x1
 658 01d6 2201     		.2byte	0x122
 659 01d8 83000000 		.4byte	0x83
 660 01dc 5C000000 		.4byte	.LLST3
 661 01e0 13       		.uleb128 0x13
 662 01e1 EE020000 		.4byte	.LASF25
 663 01e5 01       		.byte	0x1
 664 01e6 2301     		.2byte	0x123
 665 01e8 83000000 		.4byte	0x83
 666 01ec 0E       		.byte	0xe
 667 01ed 00       		.byte	0
 668 01ee 15       		.uleb128 0x15
 669 01ef 16020000 		.4byte	.LASF28
 670 01f3 01       		.byte	0x1
 671 01f4 3B01     		.2byte	0x13b
 672 01f6 00000000 		.4byte	.LFB10
 673 01fa 10000000 		.4byte	.LFE10-.LFB10
 674 01fe 01       		.uleb128 0x1
 675 01ff 9C       		.byte	0x9c
 676 0200 16       		.uleb128 0x16
 677 0201 2A000000 		.4byte	.LASF27
 678 0205 01       		.byte	0x1
 679 0206 5001     		.2byte	0x150
 680 0208 6B000000 		.4byte	0x6b
 681 020c 00000000 		.4byte	.LFB11
 682 0210 14000000 		.4byte	.LFE11-.LFB11
 683 0214 01       		.uleb128 0x1
 684 0215 9C       		.byte	0x9c
 685 0216 15       		.uleb128 0x15
 686 0217 46000000 		.4byte	.LASF29
 687 021b 01       		.byte	0x1
 688 021c 6501     		.2byte	0x165
 689 021e 00000000 		.4byte	.LFB12
 690 0222 10000000 		.4byte	.LFE12-.LFB12
 691 0226 01       		.uleb128 0x1
 692 0227 9C       		.byte	0x9c
 693 0228 08       		.uleb128 0x8
 694 0229 5A000000 		.4byte	.LASF30
 695 022d 01       		.byte	0x1
 696 022e 3A       		.byte	0x3a
 697 022f 00000000 		.4byte	.LFB2
 698 0233 1C000000 		.4byte	.LFE2-.LFB2
 699 0237 01       		.uleb128 0x1
 700 0238 9C       		.byte	0x9c
 701 0239 7A020000 		.4byte	0x27a
 702 023d 0A       		.uleb128 0xa
 703 023e 06000000 		.4byte	.LVL15
 704 0242 16020000 		.4byte	0x216
 705 0246 0B       		.uleb128 0xb
 706 0247 0C000000 		.4byte	.LVL16
 707 024b 28010000 		.4byte	0x128
 708 024f 5D020000 		.4byte	0x25d
 709 0253 0C       		.uleb128 0xc
 710 0254 01       		.uleb128 0x1
 711 0255 50       		.byte	0x50
ARM GAS  C:\Users\sst5281\AppData\Local\Temp\ccDWA6ny.s 			page 21


 712 0256 05       		.uleb128 0x5
 713 0257 03       		.byte	0x3
 714 0258 00000000 		.4byte	isr_1_Interrupt
 715 025c 00       		.byte	0
 716 025d 0B       		.uleb128 0xb
 717 025e 12000000 		.4byte	.LVL17
 718 0262 60010000 		.4byte	0x160
 719 0266 70020000 		.4byte	0x270
 720 026a 0C       		.uleb128 0xc
 721 026b 01       		.uleb128 0x1
 722 026c 50       		.byte	0x50
 723 026d 01       		.uleb128 0x1
 724 026e 33       		.byte	0x33
 725 026f 00       		.byte	0
 726 0270 0A       		.uleb128 0xa
 727 0271 16000000 		.4byte	.LVL18
 728 0275 EE010000 		.4byte	0x1ee
 729 0279 00       		.byte	0
 730 027a 08       		.uleb128 0x8
 731 027b 12030000 		.4byte	.LASF31
 732 027f 01       		.byte	0x1
 733 0280 65       		.byte	0x65
 734 0281 00000000 		.4byte	.LFB3
 735 0285 1A000000 		.4byte	.LFE3-.LFB3
 736 0289 01       		.uleb128 0x1
 737 028a 9C       		.byte	0x9c
 738 028b D8020000 		.4byte	0x2d8
 739 028f 17       		.uleb128 0x17
 740 0290 B3010000 		.4byte	.LASF21
 741 0294 01       		.byte	0x1
 742 0295 65       		.byte	0x65
 743 0296 B5000000 		.4byte	0xb5
 744 029a 7E000000 		.4byte	.LLST4
 745 029e 0A       		.uleb128 0xa
 746 029f 08000000 		.4byte	.LVL20
 747 02a3 16020000 		.4byte	0x216
 748 02a7 0B       		.uleb128 0xb
 749 02a8 0E000000 		.4byte	.LVL21
 750 02ac 28010000 		.4byte	0x128
 751 02b0 BB020000 		.4byte	0x2bb
 752 02b4 0C       		.uleb128 0xc
 753 02b5 01       		.uleb128 0x1
 754 02b6 50       		.byte	0x50
 755 02b7 02       		.uleb128 0x2
 756 02b8 74       		.byte	0x74
 757 02b9 00       		.sleb128 0
 758 02ba 00       		.byte	0
 759 02bb 0B       		.uleb128 0xb
 760 02bc 14000000 		.4byte	.LVL22
 761 02c0 60010000 		.4byte	0x160
 762 02c4 CE020000 		.4byte	0x2ce
 763 02c8 0C       		.uleb128 0xc
 764 02c9 01       		.uleb128 0x1
 765 02ca 50       		.byte	0x50
 766 02cb 01       		.uleb128 0x1
 767 02cc 33       		.byte	0x33
 768 02cd 00       		.byte	0
ARM GAS  C:\Users\sst5281\AppData\Local\Temp\ccDWA6ny.s 			page 22


 769 02ce 0A       		.uleb128 0xa
 770 02cf 18000000 		.4byte	.LVL23
 771 02d3 EE010000 		.4byte	0x1ee
 772 02d7 00       		.byte	0
 773 02d8 08       		.uleb128 0x8
 774 02d9 20030000 		.4byte	.LASF32
 775 02dd 01       		.byte	0x1
 776 02de 83       		.byte	0x83
 777 02df 00000000 		.4byte	.LFB4
 778 02e3 14000000 		.4byte	.LFE4-.LFB4
 779 02e7 01       		.uleb128 0x1
 780 02e8 9C       		.byte	0x9c
 781 02e9 00030000 		.4byte	0x300
 782 02ed 0A       		.uleb128 0xa
 783 02ee 06000000 		.4byte	.LVL25
 784 02f2 16020000 		.4byte	0x216
 785 02f6 0A       		.uleb128 0xa
 786 02f7 0C000000 		.4byte	.LVL26
 787 02fb 28010000 		.4byte	0x128
 788 02ff 00       		.byte	0
 789 0300 15       		.uleb128 0x15
 790 0301 19000000 		.4byte	.LASF33
 791 0305 01       		.byte	0x1
 792 0306 8001     		.2byte	0x180
 793 0308 00000000 		.4byte	.LFB13
 794 030c 10000000 		.4byte	.LFE13-.LFB13
 795 0310 01       		.uleb128 0x1
 796 0311 9C       		.byte	0x9c
 797 0312 15       		.uleb128 0x15
 798 0313 00000000 		.4byte	.LASF34
 799 0317 01       		.byte	0x1
 800 0318 9901     		.2byte	0x199
 801 031a 00000000 		.4byte	.LFB14
 802 031e 10000000 		.4byte	.LFE14-.LFB14
 803 0322 01       		.uleb128 0x1
 804 0323 9C       		.byte	0x9c
 805 0324 18       		.uleb128 0x18
 806 0325 54000000 		.4byte	.LASF35
 807 0329 01       		.byte	0x1
 808 032a 20       		.byte	0x20
 809 032b 77000000 		.4byte	0x77
 810 032f 05       		.uleb128 0x5
 811 0330 03       		.byte	0x3
 812 0331 00000000 		.4byte	count
 813 0335 19       		.uleb128 0x19
 814 0336 B5000000 		.4byte	0xb5
 815 033a 45030000 		.4byte	0x345
 816 033e 1A       		.uleb128 0x1a
 817 033f C8000000 		.4byte	0xc8
 818 0343 2F       		.byte	0x2f
 819 0344 00       		.byte	0
 820 0345 1B       		.uleb128 0x1b
 821 0346 39000000 		.4byte	.LASF36
 822 034a 01       		.byte	0x1
 823 034b 23       		.byte	0x23
 824 034c 35030000 		.4byte	0x335
 825 0350 1C       		.uleb128 0x1c
ARM GAS  C:\Users\sst5281\AppData\Local\Temp\ccDWA6ny.s 			page 23


 826 0351 C6000000 		.4byte	.LASF39
 827 0355 03       		.byte	0x3
 828 0356 32       		.byte	0x32
 829 0357 6B000000 		.4byte	0x6b
 830 035b 1D       		.uleb128 0x1d
 831 035c C0020000 		.4byte	.LASF37
 832 0360 03       		.byte	0x3
 833 0361 33       		.byte	0x33
 834 0362 6C030000 		.4byte	0x36c
 835 0366 1E       		.uleb128 0x1e
 836 0367 6B000000 		.4byte	0x6b
 837 036b 00       		.byte	0
 838 036c 1F       		.uleb128 0x1f
 839 036d 8B000000 		.4byte	.LASF38
 840 0371 04       		.byte	0x4
 841 0372 4701     		.2byte	0x147
 842 0374 7E030000 		.4byte	0x37e
 843 0378 1E       		.uleb128 0x1e
 844 0379 83000000 		.4byte	0x83
 845 037d 00       		.byte	0
 846 037e 1C       		.uleb128 0x1c
 847 037f 38010000 		.4byte	.LASF40
 848 0383 05       		.byte	0x5
 849 0384 E3       		.byte	0xe3
 850 0385 6B000000 		.4byte	0x6b
 851 0389 20       		.uleb128 0x20
 852 038a BB010000 		.4byte	.LASF45
 853 038e 05       		.byte	0x5
 854 038f E4       		.byte	0xe4
 855 0390 1E       		.uleb128 0x1e
 856 0391 6B000000 		.4byte	0x6b
 857 0395 00       		.byte	0
 858 0396 00       		.byte	0
 859              		.section	.debug_abbrev,"",%progbits
 860              	.Ldebug_abbrev0:
 861 0000 01       		.uleb128 0x1
 862 0001 11       		.uleb128 0x11
 863 0002 01       		.byte	0x1
 864 0003 25       		.uleb128 0x25
 865 0004 0E       		.uleb128 0xe
 866 0005 13       		.uleb128 0x13
 867 0006 0B       		.uleb128 0xb
 868 0007 03       		.uleb128 0x3
 869 0008 0E       		.uleb128 0xe
 870 0009 1B       		.uleb128 0x1b
 871 000a 0E       		.uleb128 0xe
 872 000b 55       		.uleb128 0x55
 873 000c 17       		.uleb128 0x17
 874 000d 11       		.uleb128 0x11
 875 000e 01       		.uleb128 0x1
 876 000f 10       		.uleb128 0x10
 877 0010 17       		.uleb128 0x17
 878 0011 00       		.byte	0
 879 0012 00       		.byte	0
 880 0013 02       		.uleb128 0x2
 881 0014 24       		.uleb128 0x24
 882 0015 00       		.byte	0
ARM GAS  C:\Users\sst5281\AppData\Local\Temp\ccDWA6ny.s 			page 24


 883 0016 0B       		.uleb128 0xb
 884 0017 0B       		.uleb128 0xb
 885 0018 3E       		.uleb128 0x3e
 886 0019 0B       		.uleb128 0xb
 887 001a 03       		.uleb128 0x3
 888 001b 0E       		.uleb128 0xe
 889 001c 00       		.byte	0
 890 001d 00       		.byte	0
 891 001e 03       		.uleb128 0x3
 892 001f 24       		.uleb128 0x24
 893 0020 00       		.byte	0
 894 0021 0B       		.uleb128 0xb
 895 0022 0B       		.uleb128 0xb
 896 0023 3E       		.uleb128 0x3e
 897 0024 0B       		.uleb128 0xb
 898 0025 03       		.uleb128 0x3
 899 0026 08       		.uleb128 0x8
 900 0027 00       		.byte	0
 901 0028 00       		.byte	0
 902 0029 04       		.uleb128 0x4
 903 002a 16       		.uleb128 0x16
 904 002b 00       		.byte	0
 905 002c 03       		.uleb128 0x3
 906 002d 0E       		.uleb128 0xe
 907 002e 3A       		.uleb128 0x3a
 908 002f 0B       		.uleb128 0xb
 909 0030 3B       		.uleb128 0x3b
 910 0031 05       		.uleb128 0x5
 911 0032 49       		.uleb128 0x49
 912 0033 13       		.uleb128 0x13
 913 0034 00       		.byte	0
 914 0035 00       		.byte	0
 915 0036 05       		.uleb128 0x5
 916 0037 35       		.uleb128 0x35
 917 0038 00       		.byte	0
 918 0039 49       		.uleb128 0x49
 919 003a 13       		.uleb128 0x13
 920 003b 00       		.byte	0
 921 003c 00       		.byte	0
 922 003d 06       		.uleb128 0x6
 923 003e 0F       		.uleb128 0xf
 924 003f 00       		.byte	0
 925 0040 0B       		.uleb128 0xb
 926 0041 0B       		.uleb128 0xb
 927 0042 49       		.uleb128 0x49
 928 0043 13       		.uleb128 0x13
 929 0044 00       		.byte	0
 930 0045 00       		.byte	0
 931 0046 07       		.uleb128 0x7
 932 0047 15       		.uleb128 0x15
 933 0048 00       		.byte	0
 934 0049 27       		.uleb128 0x27
 935 004a 19       		.uleb128 0x19
 936 004b 00       		.byte	0
 937 004c 00       		.byte	0
 938 004d 08       		.uleb128 0x8
 939 004e 2E       		.uleb128 0x2e
ARM GAS  C:\Users\sst5281\AppData\Local\Temp\ccDWA6ny.s 			page 25


 940 004f 01       		.byte	0x1
 941 0050 3F       		.uleb128 0x3f
 942 0051 19       		.uleb128 0x19
 943 0052 03       		.uleb128 0x3
 944 0053 0E       		.uleb128 0xe
 945 0054 3A       		.uleb128 0x3a
 946 0055 0B       		.uleb128 0xb
 947 0056 3B       		.uleb128 0x3b
 948 0057 0B       		.uleb128 0xb
 949 0058 27       		.uleb128 0x27
 950 0059 19       		.uleb128 0x19
 951 005a 11       		.uleb128 0x11
 952 005b 01       		.uleb128 0x1
 953 005c 12       		.uleb128 0x12
 954 005d 06       		.uleb128 0x6
 955 005e 40       		.uleb128 0x40
 956 005f 18       		.uleb128 0x18
 957 0060 9742     		.uleb128 0x2117
 958 0062 19       		.uleb128 0x19
 959 0063 01       		.uleb128 0x1
 960 0064 13       		.uleb128 0x13
 961 0065 00       		.byte	0
 962 0066 00       		.byte	0
 963 0067 09       		.uleb128 0x9
 964 0068 34       		.uleb128 0x34
 965 0069 00       		.byte	0
 966 006a 03       		.uleb128 0x3
 967 006b 0E       		.uleb128 0xe
 968 006c 3A       		.uleb128 0x3a
 969 006d 0B       		.uleb128 0xb
 970 006e 3B       		.uleb128 0x3b
 971 006f 0B       		.uleb128 0xb
 972 0070 49       		.uleb128 0x49
 973 0071 13       		.uleb128 0x13
 974 0072 02       		.uleb128 0x2
 975 0073 17       		.uleb128 0x17
 976 0074 00       		.byte	0
 977 0075 00       		.byte	0
 978 0076 0A       		.uleb128 0xa
 979 0077 898201   		.uleb128 0x4109
 980 007a 00       		.byte	0
 981 007b 11       		.uleb128 0x11
 982 007c 01       		.uleb128 0x1
 983 007d 31       		.uleb128 0x31
 984 007e 13       		.uleb128 0x13
 985 007f 00       		.byte	0
 986 0080 00       		.byte	0
 987 0081 0B       		.uleb128 0xb
 988 0082 898201   		.uleb128 0x4109
 989 0085 01       		.byte	0x1
 990 0086 11       		.uleb128 0x11
 991 0087 01       		.uleb128 0x1
 992 0088 31       		.uleb128 0x31
 993 0089 13       		.uleb128 0x13
 994 008a 01       		.uleb128 0x1
 995 008b 13       		.uleb128 0x13
 996 008c 00       		.byte	0
ARM GAS  C:\Users\sst5281\AppData\Local\Temp\ccDWA6ny.s 			page 26


 997 008d 00       		.byte	0
 998 008e 0C       		.uleb128 0xc
 999 008f 8A8201   		.uleb128 0x410a
 1000 0092 00       		.byte	0
 1001 0093 02       		.uleb128 0x2
 1002 0094 18       		.uleb128 0x18
 1003 0095 9142     		.uleb128 0x2111
 1004 0097 18       		.uleb128 0x18
 1005 0098 00       		.byte	0
 1006 0099 00       		.byte	0
 1007 009a 0D       		.uleb128 0xd
 1008 009b 898201   		.uleb128 0x4109
 1009 009e 01       		.byte	0x1
 1010 009f 11       		.uleb128 0x11
 1011 00a0 01       		.uleb128 0x1
 1012 00a1 31       		.uleb128 0x31
 1013 00a2 13       		.uleb128 0x13
 1014 00a3 00       		.byte	0
 1015 00a4 00       		.byte	0
 1016 00a5 0E       		.uleb128 0xe
 1017 00a6 05       		.uleb128 0x5
 1018 00a7 00       		.byte	0
 1019 00a8 03       		.uleb128 0x3
 1020 00a9 0E       		.uleb128 0xe
 1021 00aa 3A       		.uleb128 0x3a
 1022 00ab 0B       		.uleb128 0xb
 1023 00ac 3B       		.uleb128 0x3b
 1024 00ad 0B       		.uleb128 0xb
 1025 00ae 49       		.uleb128 0x49
 1026 00af 13       		.uleb128 0x13
 1027 00b0 02       		.uleb128 0x2
 1028 00b1 18       		.uleb128 0x18
 1029 00b2 00       		.byte	0
 1030 00b3 00       		.byte	0
 1031 00b4 0F       		.uleb128 0xf
 1032 00b5 2E       		.uleb128 0x2e
 1033 00b6 00       		.byte	0
 1034 00b7 3F       		.uleb128 0x3f
 1035 00b8 19       		.uleb128 0x19
 1036 00b9 03       		.uleb128 0x3
 1037 00ba 0E       		.uleb128 0xe
 1038 00bb 3A       		.uleb128 0x3a
 1039 00bc 0B       		.uleb128 0xb
 1040 00bd 3B       		.uleb128 0x3b
 1041 00be 0B       		.uleb128 0xb
 1042 00bf 27       		.uleb128 0x27
 1043 00c0 19       		.uleb128 0x19
 1044 00c1 49       		.uleb128 0x49
 1045 00c2 13       		.uleb128 0x13
 1046 00c3 11       		.uleb128 0x11
 1047 00c4 01       		.uleb128 0x1
 1048 00c5 12       		.uleb128 0x12
 1049 00c6 06       		.uleb128 0x6
 1050 00c7 40       		.uleb128 0x40
 1051 00c8 18       		.uleb128 0x18
 1052 00c9 9742     		.uleb128 0x2117
 1053 00cb 19       		.uleb128 0x19
ARM GAS  C:\Users\sst5281\AppData\Local\Temp\ccDWA6ny.s 			page 27


 1054 00cc 00       		.byte	0
 1055 00cd 00       		.byte	0
 1056 00ce 10       		.uleb128 0x10
 1057 00cf 2E       		.uleb128 0x2e
 1058 00d0 01       		.byte	0x1
 1059 00d1 3F       		.uleb128 0x3f
 1060 00d2 19       		.uleb128 0x19
 1061 00d3 03       		.uleb128 0x3
 1062 00d4 0E       		.uleb128 0xe
 1063 00d5 3A       		.uleb128 0x3a
 1064 00d6 0B       		.uleb128 0xb
 1065 00d7 3B       		.uleb128 0x3b
 1066 00d8 05       		.uleb128 0x5
 1067 00d9 27       		.uleb128 0x27
 1068 00da 19       		.uleb128 0x19
 1069 00db 11       		.uleb128 0x11
 1070 00dc 01       		.uleb128 0x1
 1071 00dd 12       		.uleb128 0x12
 1072 00de 06       		.uleb128 0x6
 1073 00df 40       		.uleb128 0x40
 1074 00e0 18       		.uleb128 0x18
 1075 00e1 9742     		.uleb128 0x2117
 1076 00e3 19       		.uleb128 0x19
 1077 00e4 01       		.uleb128 0x1
 1078 00e5 13       		.uleb128 0x13
 1079 00e6 00       		.byte	0
 1080 00e7 00       		.byte	0
 1081 00e8 11       		.uleb128 0x11
 1082 00e9 05       		.uleb128 0x5
 1083 00ea 00       		.byte	0
 1084 00eb 03       		.uleb128 0x3
 1085 00ec 0E       		.uleb128 0xe
 1086 00ed 3A       		.uleb128 0x3a
 1087 00ee 0B       		.uleb128 0xb
 1088 00ef 3B       		.uleb128 0x3b
 1089 00f0 05       		.uleb128 0x5
 1090 00f1 49       		.uleb128 0x49
 1091 00f2 13       		.uleb128 0x13
 1092 00f3 02       		.uleb128 0x2
 1093 00f4 17       		.uleb128 0x17
 1094 00f5 00       		.byte	0
 1095 00f6 00       		.byte	0
 1096 00f7 12       		.uleb128 0x12
 1097 00f8 34       		.uleb128 0x34
 1098 00f9 00       		.byte	0
 1099 00fa 03       		.uleb128 0x3
 1100 00fb 0E       		.uleb128 0xe
 1101 00fc 3A       		.uleb128 0x3a
 1102 00fd 0B       		.uleb128 0xb
 1103 00fe 3B       		.uleb128 0x3b
 1104 00ff 05       		.uleb128 0x5
 1105 0100 49       		.uleb128 0x49
 1106 0101 13       		.uleb128 0x13
 1107 0102 02       		.uleb128 0x2
 1108 0103 17       		.uleb128 0x17
 1109 0104 00       		.byte	0
 1110 0105 00       		.byte	0
ARM GAS  C:\Users\sst5281\AppData\Local\Temp\ccDWA6ny.s 			page 28


 1111 0106 13       		.uleb128 0x13
 1112 0107 34       		.uleb128 0x34
 1113 0108 00       		.byte	0
 1114 0109 03       		.uleb128 0x3
 1115 010a 0E       		.uleb128 0xe
 1116 010b 3A       		.uleb128 0x3a
 1117 010c 0B       		.uleb128 0xb
 1118 010d 3B       		.uleb128 0x3b
 1119 010e 05       		.uleb128 0x5
 1120 010f 49       		.uleb128 0x49
 1121 0110 13       		.uleb128 0x13
 1122 0111 1C       		.uleb128 0x1c
 1123 0112 0B       		.uleb128 0xb
 1124 0113 00       		.byte	0
 1125 0114 00       		.byte	0
 1126 0115 14       		.uleb128 0x14
 1127 0116 2E       		.uleb128 0x2e
 1128 0117 01       		.byte	0x1
 1129 0118 3F       		.uleb128 0x3f
 1130 0119 19       		.uleb128 0x19
 1131 011a 03       		.uleb128 0x3
 1132 011b 0E       		.uleb128 0xe
 1133 011c 3A       		.uleb128 0x3a
 1134 011d 0B       		.uleb128 0xb
 1135 011e 3B       		.uleb128 0x3b
 1136 011f 05       		.uleb128 0x5
 1137 0120 27       		.uleb128 0x27
 1138 0121 19       		.uleb128 0x19
 1139 0122 49       		.uleb128 0x49
 1140 0123 13       		.uleb128 0x13
 1141 0124 11       		.uleb128 0x11
 1142 0125 01       		.uleb128 0x1
 1143 0126 12       		.uleb128 0x12
 1144 0127 06       		.uleb128 0x6
 1145 0128 40       		.uleb128 0x40
 1146 0129 18       		.uleb128 0x18
 1147 012a 9742     		.uleb128 0x2117
 1148 012c 19       		.uleb128 0x19
 1149 012d 01       		.uleb128 0x1
 1150 012e 13       		.uleb128 0x13
 1151 012f 00       		.byte	0
 1152 0130 00       		.byte	0
 1153 0131 15       		.uleb128 0x15
 1154 0132 2E       		.uleb128 0x2e
 1155 0133 00       		.byte	0
 1156 0134 3F       		.uleb128 0x3f
 1157 0135 19       		.uleb128 0x19
 1158 0136 03       		.uleb128 0x3
 1159 0137 0E       		.uleb128 0xe
 1160 0138 3A       		.uleb128 0x3a
 1161 0139 0B       		.uleb128 0xb
 1162 013a 3B       		.uleb128 0x3b
 1163 013b 05       		.uleb128 0x5
 1164 013c 27       		.uleb128 0x27
 1165 013d 19       		.uleb128 0x19
 1166 013e 11       		.uleb128 0x11
 1167 013f 01       		.uleb128 0x1
ARM GAS  C:\Users\sst5281\AppData\Local\Temp\ccDWA6ny.s 			page 29


 1168 0140 12       		.uleb128 0x12
 1169 0141 06       		.uleb128 0x6
 1170 0142 40       		.uleb128 0x40
 1171 0143 18       		.uleb128 0x18
 1172 0144 9742     		.uleb128 0x2117
 1173 0146 19       		.uleb128 0x19
 1174 0147 00       		.byte	0
 1175 0148 00       		.byte	0
 1176 0149 16       		.uleb128 0x16
 1177 014a 2E       		.uleb128 0x2e
 1178 014b 00       		.byte	0
 1179 014c 3F       		.uleb128 0x3f
 1180 014d 19       		.uleb128 0x19
 1181 014e 03       		.uleb128 0x3
 1182 014f 0E       		.uleb128 0xe
 1183 0150 3A       		.uleb128 0x3a
 1184 0151 0B       		.uleb128 0xb
 1185 0152 3B       		.uleb128 0x3b
 1186 0153 05       		.uleb128 0x5
 1187 0154 27       		.uleb128 0x27
 1188 0155 19       		.uleb128 0x19
 1189 0156 49       		.uleb128 0x49
 1190 0157 13       		.uleb128 0x13
 1191 0158 11       		.uleb128 0x11
 1192 0159 01       		.uleb128 0x1
 1193 015a 12       		.uleb128 0x12
 1194 015b 06       		.uleb128 0x6
 1195 015c 40       		.uleb128 0x40
 1196 015d 18       		.uleb128 0x18
 1197 015e 9742     		.uleb128 0x2117
 1198 0160 19       		.uleb128 0x19
 1199 0161 00       		.byte	0
 1200 0162 00       		.byte	0
 1201 0163 17       		.uleb128 0x17
 1202 0164 05       		.uleb128 0x5
 1203 0165 00       		.byte	0
 1204 0166 03       		.uleb128 0x3
 1205 0167 0E       		.uleb128 0xe
 1206 0168 3A       		.uleb128 0x3a
 1207 0169 0B       		.uleb128 0xb
 1208 016a 3B       		.uleb128 0x3b
 1209 016b 0B       		.uleb128 0xb
 1210 016c 49       		.uleb128 0x49
 1211 016d 13       		.uleb128 0x13
 1212 016e 02       		.uleb128 0x2
 1213 016f 17       		.uleb128 0x17
 1214 0170 00       		.byte	0
 1215 0171 00       		.byte	0
 1216 0172 18       		.uleb128 0x18
 1217 0173 34       		.uleb128 0x34
 1218 0174 00       		.byte	0
 1219 0175 03       		.uleb128 0x3
 1220 0176 0E       		.uleb128 0xe
 1221 0177 3A       		.uleb128 0x3a
 1222 0178 0B       		.uleb128 0xb
 1223 0179 3B       		.uleb128 0x3b
 1224 017a 0B       		.uleb128 0xb
ARM GAS  C:\Users\sst5281\AppData\Local\Temp\ccDWA6ny.s 			page 30


 1225 017b 49       		.uleb128 0x49
 1226 017c 13       		.uleb128 0x13
 1227 017d 3F       		.uleb128 0x3f
 1228 017e 19       		.uleb128 0x19
 1229 017f 02       		.uleb128 0x2
 1230 0180 18       		.uleb128 0x18
 1231 0181 00       		.byte	0
 1232 0182 00       		.byte	0
 1233 0183 19       		.uleb128 0x19
 1234 0184 01       		.uleb128 0x1
 1235 0185 01       		.byte	0x1
 1236 0186 49       		.uleb128 0x49
 1237 0187 13       		.uleb128 0x13
 1238 0188 01       		.uleb128 0x1
 1239 0189 13       		.uleb128 0x13
 1240 018a 00       		.byte	0
 1241 018b 00       		.byte	0
 1242 018c 1A       		.uleb128 0x1a
 1243 018d 21       		.uleb128 0x21
 1244 018e 00       		.byte	0
 1245 018f 49       		.uleb128 0x49
 1246 0190 13       		.uleb128 0x13
 1247 0191 2F       		.uleb128 0x2f
 1248 0192 0B       		.uleb128 0xb
 1249 0193 00       		.byte	0
 1250 0194 00       		.byte	0
 1251 0195 1B       		.uleb128 0x1b
 1252 0196 34       		.uleb128 0x34
 1253 0197 00       		.byte	0
 1254 0198 03       		.uleb128 0x3
 1255 0199 0E       		.uleb128 0xe
 1256 019a 3A       		.uleb128 0x3a
 1257 019b 0B       		.uleb128 0xb
 1258 019c 3B       		.uleb128 0x3b
 1259 019d 0B       		.uleb128 0xb
 1260 019e 49       		.uleb128 0x49
 1261 019f 13       		.uleb128 0x13
 1262 01a0 3F       		.uleb128 0x3f
 1263 01a1 19       		.uleb128 0x19
 1264 01a2 3C       		.uleb128 0x3c
 1265 01a3 19       		.uleb128 0x19
 1266 01a4 00       		.byte	0
 1267 01a5 00       		.byte	0
 1268 01a6 1C       		.uleb128 0x1c
 1269 01a7 2E       		.uleb128 0x2e
 1270 01a8 00       		.byte	0
 1271 01a9 3F       		.uleb128 0x3f
 1272 01aa 19       		.uleb128 0x19
 1273 01ab 03       		.uleb128 0x3
 1274 01ac 0E       		.uleb128 0xe
 1275 01ad 3A       		.uleb128 0x3a
 1276 01ae 0B       		.uleb128 0xb
 1277 01af 3B       		.uleb128 0x3b
 1278 01b0 0B       		.uleb128 0xb
 1279 01b1 27       		.uleb128 0x27
 1280 01b2 19       		.uleb128 0x19
 1281 01b3 49       		.uleb128 0x49
ARM GAS  C:\Users\sst5281\AppData\Local\Temp\ccDWA6ny.s 			page 31


 1282 01b4 13       		.uleb128 0x13
 1283 01b5 3C       		.uleb128 0x3c
 1284 01b6 19       		.uleb128 0x19
 1285 01b7 00       		.byte	0
 1286 01b8 00       		.byte	0
 1287 01b9 1D       		.uleb128 0x1d
 1288 01ba 2E       		.uleb128 0x2e
 1289 01bb 01       		.byte	0x1
 1290 01bc 3F       		.uleb128 0x3f
 1291 01bd 19       		.uleb128 0x19
 1292 01be 03       		.uleb128 0x3
 1293 01bf 0E       		.uleb128 0xe
 1294 01c0 3A       		.uleb128 0x3a
 1295 01c1 0B       		.uleb128 0xb
 1296 01c2 3B       		.uleb128 0x3b
 1297 01c3 0B       		.uleb128 0xb
 1298 01c4 27       		.uleb128 0x27
 1299 01c5 19       		.uleb128 0x19
 1300 01c6 3C       		.uleb128 0x3c
 1301 01c7 19       		.uleb128 0x19
 1302 01c8 01       		.uleb128 0x1
 1303 01c9 13       		.uleb128 0x13
 1304 01ca 00       		.byte	0
 1305 01cb 00       		.byte	0
 1306 01cc 1E       		.uleb128 0x1e
 1307 01cd 05       		.uleb128 0x5
 1308 01ce 00       		.byte	0
 1309 01cf 49       		.uleb128 0x49
 1310 01d0 13       		.uleb128 0x13
 1311 01d1 00       		.byte	0
 1312 01d2 00       		.byte	0
 1313 01d3 1F       		.uleb128 0x1f
 1314 01d4 2E       		.uleb128 0x2e
 1315 01d5 01       		.byte	0x1
 1316 01d6 3F       		.uleb128 0x3f
 1317 01d7 19       		.uleb128 0x19
 1318 01d8 03       		.uleb128 0x3
 1319 01d9 0E       		.uleb128 0xe
 1320 01da 3A       		.uleb128 0x3a
 1321 01db 0B       		.uleb128 0xb
 1322 01dc 3B       		.uleb128 0x3b
 1323 01dd 05       		.uleb128 0x5
 1324 01de 27       		.uleb128 0x27
 1325 01df 19       		.uleb128 0x19
 1326 01e0 3C       		.uleb128 0x3c
 1327 01e1 19       		.uleb128 0x19
 1328 01e2 01       		.uleb128 0x1
 1329 01e3 13       		.uleb128 0x13
 1330 01e4 00       		.byte	0
 1331 01e5 00       		.byte	0
 1332 01e6 20       		.uleb128 0x20
 1333 01e7 2E       		.uleb128 0x2e
 1334 01e8 01       		.byte	0x1
 1335 01e9 3F       		.uleb128 0x3f
 1336 01ea 19       		.uleb128 0x19
 1337 01eb 03       		.uleb128 0x3
 1338 01ec 0E       		.uleb128 0xe
ARM GAS  C:\Users\sst5281\AppData\Local\Temp\ccDWA6ny.s 			page 32


 1339 01ed 3A       		.uleb128 0x3a
 1340 01ee 0B       		.uleb128 0xb
 1341 01ef 3B       		.uleb128 0x3b
 1342 01f0 0B       		.uleb128 0xb
 1343 01f1 27       		.uleb128 0x27
 1344 01f2 19       		.uleb128 0x19
 1345 01f3 3C       		.uleb128 0x3c
 1346 01f4 19       		.uleb128 0x19
 1347 01f5 00       		.byte	0
 1348 01f6 00       		.byte	0
 1349 01f7 00       		.byte	0
 1350              		.section	.debug_loc,"",%progbits
 1351              	.Ldebug_loc0:
 1352              	.LLST0:
 1353 0000 06000000 		.4byte	.LVL0
 1354 0004 0C000000 		.4byte	.LVL1
 1355 0008 0600     		.2byte	0x6
 1356 000a 70       		.byte	0x70
 1357 000b 00       		.sleb128 0
 1358 000c 08       		.byte	0x8
 1359 000d FF       		.byte	0xff
 1360 000e 1A       		.byte	0x1a
 1361 000f 9F       		.byte	0x9f
 1362 0010 12000000 		.4byte	.LVL3
 1363 0014 14000000 		.4byte	.LVL4
 1364 0018 0600     		.2byte	0x6
 1365 001a 70       		.byte	0x70
 1366 001b 00       		.sleb128 0
 1367 001c 08       		.byte	0x8
 1368 001d FF       		.byte	0xff
 1369 001e 1A       		.byte	0x1a
 1370 001f 9F       		.byte	0x9f
 1371 0020 00000000 		.4byte	0
 1372 0024 00000000 		.4byte	0
 1373              	.LLST1:
 1374 0028 00000000 		.4byte	.LVL8
 1375 002c 07000000 		.4byte	.LVL10-1
 1376 0030 0100     		.2byte	0x1
 1377 0032 50       		.byte	0x50
 1378 0033 07000000 		.4byte	.LVL10-1
 1379 0037 24000000 		.4byte	.LFE8
 1380 003b 0400     		.2byte	0x4
 1381 003d F3       		.byte	0xf3
 1382 003e 01       		.uleb128 0x1
 1383 003f 50       		.byte	0x50
 1384 0040 9F       		.byte	0x9f
 1385 0041 00000000 		.4byte	0
 1386 0045 00000000 		.4byte	0
 1387              	.LLST2:
 1388 0049 08000000 		.4byte	.LVL10
 1389 004d 19000000 		.4byte	.LVL11-1
 1390 0051 0100     		.2byte	0x1
 1391 0053 50       		.byte	0x50
 1392 0054 00000000 		.4byte	0
 1393 0058 00000000 		.4byte	0
 1394              	.LLST3:
 1395 005c 06000000 		.4byte	.LVL13
ARM GAS  C:\Users\sst5281\AppData\Local\Temp\ccDWA6ny.s 			page 33


 1396 0060 08000000 		.4byte	.LVL14
 1397 0064 0500     		.2byte	0x5
 1398 0066 70       		.byte	0x70
 1399 0067 00       		.sleb128 0
 1400 0068 4E       		.byte	0x4e
 1401 0069 25       		.byte	0x25
 1402 006a 9F       		.byte	0x9f
 1403 006b 08000000 		.4byte	.LVL14
 1404 006f 10000000 		.4byte	.LFE9
 1405 0073 0100     		.2byte	0x1
 1406 0075 50       		.byte	0x50
 1407 0076 00000000 		.4byte	0
 1408 007a 00000000 		.4byte	0
 1409              	.LLST4:
 1410 007e 00000000 		.4byte	.LVL19
 1411 0082 07000000 		.4byte	.LVL20-1
 1412 0086 0100     		.2byte	0x1
 1413 0088 50       		.byte	0x50
 1414 0089 07000000 		.4byte	.LVL20-1
 1415 008d 18000000 		.4byte	.LVL24
 1416 0091 0100     		.2byte	0x1
 1417 0093 54       		.byte	0x54
 1418 0094 18000000 		.4byte	.LVL24
 1419 0098 1A000000 		.4byte	.LFE3
 1420 009c 0400     		.2byte	0x4
 1421 009e F3       		.byte	0xf3
 1422 009f 01       		.uleb128 0x1
 1423 00a0 50       		.byte	0x50
 1424 00a1 9F       		.byte	0x9f
 1425 00a2 00000000 		.4byte	0
 1426 00a6 00000000 		.4byte	0
 1427              		.section	.debug_aranges,"",%progbits
 1428 0000 7C000000 		.4byte	0x7c
 1429 0004 0200     		.2byte	0x2
 1430 0006 00000000 		.4byte	.Ldebug_info0
 1431 000a 04       		.byte	0x4
 1432 000b 00       		.byte	0
 1433 000c 0000     		.2byte	0
 1434 000e 0000     		.2byte	0
 1435 0010 00000000 		.4byte	.LFB5
 1436 0014 2C000000 		.4byte	.LFE5-.LFB5
 1437 0018 00000000 		.4byte	.LFB6
 1438 001c 0C000000 		.4byte	.LFE6-.LFB6
 1439 0020 00000000 		.4byte	.LFB7
 1440 0024 0C000000 		.4byte	.LFE7-.LFB7
 1441 0028 00000000 		.4byte	.LFB8
 1442 002c 24000000 		.4byte	.LFE8-.LFB8
 1443 0030 00000000 		.4byte	.LFB9
 1444 0034 10000000 		.4byte	.LFE9-.LFB9
 1445 0038 00000000 		.4byte	.LFB10
 1446 003c 10000000 		.4byte	.LFE10-.LFB10
 1447 0040 00000000 		.4byte	.LFB11
 1448 0044 14000000 		.4byte	.LFE11-.LFB11
 1449 0048 00000000 		.4byte	.LFB12
 1450 004c 10000000 		.4byte	.LFE12-.LFB12
 1451 0050 00000000 		.4byte	.LFB2
 1452 0054 1C000000 		.4byte	.LFE2-.LFB2
ARM GAS  C:\Users\sst5281\AppData\Local\Temp\ccDWA6ny.s 			page 34


 1453 0058 00000000 		.4byte	.LFB3
 1454 005c 1A000000 		.4byte	.LFE3-.LFB3
 1455 0060 00000000 		.4byte	.LFB4
 1456 0064 14000000 		.4byte	.LFE4-.LFB4
 1457 0068 00000000 		.4byte	.LFB13
 1458 006c 10000000 		.4byte	.LFE13-.LFB13
 1459 0070 00000000 		.4byte	.LFB14
 1460 0074 10000000 		.4byte	.LFE14-.LFB14
 1461 0078 00000000 		.4byte	0
 1462 007c 00000000 		.4byte	0
 1463              		.section	.debug_ranges,"",%progbits
 1464              	.Ldebug_ranges0:
 1465 0000 00000000 		.4byte	.LFB5
 1466 0004 2C000000 		.4byte	.LFE5
 1467 0008 00000000 		.4byte	.LFB6
 1468 000c 0C000000 		.4byte	.LFE6
 1469 0010 00000000 		.4byte	.LFB7
 1470 0014 0C000000 		.4byte	.LFE7
 1471 0018 00000000 		.4byte	.LFB8
 1472 001c 24000000 		.4byte	.LFE8
 1473 0020 00000000 		.4byte	.LFB9
 1474 0024 10000000 		.4byte	.LFE9
 1475 0028 00000000 		.4byte	.LFB10
 1476 002c 10000000 		.4byte	.LFE10
 1477 0030 00000000 		.4byte	.LFB11
 1478 0034 14000000 		.4byte	.LFE11
 1479 0038 00000000 		.4byte	.LFB12
 1480 003c 10000000 		.4byte	.LFE12
 1481 0040 00000000 		.4byte	.LFB2
 1482 0044 1C000000 		.4byte	.LFE2
 1483 0048 00000000 		.4byte	.LFB3
 1484 004c 1A000000 		.4byte	.LFE3
 1485 0050 00000000 		.4byte	.LFB4
 1486 0054 14000000 		.4byte	.LFE4
 1487 0058 00000000 		.4byte	.LFB13
 1488 005c 10000000 		.4byte	.LFE13
 1489 0060 00000000 		.4byte	.LFB14
 1490 0064 10000000 		.4byte	.LFE14
 1491 0068 00000000 		.4byte	0
 1492 006c 00000000 		.4byte	0
 1493              		.section	.debug_line,"",%progbits
 1494              	.Ldebug_line0:
 1495 0000 84010000 		.section	.debug_str,"MS",%progbits,1
 1495      02008000 
 1495      00000201 
 1495      FB0E0D00 
 1495      01010101 
 1496              	.LASF34:
 1497 0000 6973725F 		.ascii	"isr_1_ClearPending\000"
 1497      315F436C 
 1497      65617250 
 1497      656E6469 
 1497      6E6700
 1498              	.LASF15:
 1499 0013 72656733 		.ascii	"reg32\000"
 1499      3200
 1500              	.LASF33:
ARM GAS  C:\Users\sst5281\AppData\Local\Temp\ccDWA6ny.s 			page 35


 1501 0019 6973725F 		.ascii	"isr_1_SetPending\000"
 1501      315F5365 
 1501      7450656E 
 1501      64696E67 
 1501      00
 1502              	.LASF27:
 1503 002a 6973725F 		.ascii	"isr_1_GetState\000"
 1503      315F4765 
 1503      74537461 
 1503      746500
 1504              	.LASF36:
 1505 0039 43795261 		.ascii	"CyRamVectors\000"
 1505      6D566563 
 1505      746F7273 
 1505      00
 1506              	.LASF29:
 1507 0046 6973725F 		.ascii	"isr_1_Disable\000"
 1507      315F4469 
 1507      7361626C 
 1507      6500
 1508              	.LASF35:
 1509 0054 636F756E 		.ascii	"count\000"
 1509      7400
 1510              	.LASF30:
 1511 005a 6973725F 		.ascii	"isr_1_Start\000"
 1511      315F5374 
 1511      61727400 
 1512              	.LASF3:
 1513 0066 73686F72 		.ascii	"short unsigned int\000"
 1513      7420756E 
 1513      7369676E 
 1513      65642069 
 1513      6E7400
 1514              	.LASF44:
 1515 0079 6973725F 		.ascii	"isr_1_GetPriority\000"
 1515      315F4765 
 1515      74507269 
 1515      6F726974 
 1515      7900
 1516              	.LASF38:
 1517 008b 54696D65 		.ascii	"Timer_1_ClearInterrupt\000"
 1517      725F315F 
 1517      436C6561 
 1517      72496E74 
 1517      65727275 
 1518              	.LASF23:
 1519 00a2 61637475 		.ascii	"actual\000"
 1519      616C00
 1520              	.LASF12:
 1521 00a9 666C6F61 		.ascii	"float\000"
 1521      7400
 1522              	.LASF7:
 1523 00af 6C6F6E67 		.ascii	"long long unsigned int\000"
 1523      206C6F6E 
 1523      6720756E 
 1523      7369676E 
 1523      65642069 
ARM GAS  C:\Users\sst5281\AppData\Local\Temp\ccDWA6ny.s 			page 36


 1524              	.LASF39:
 1525 00c6 4C45445F 		.ascii	"LED_Red_Read\000"
 1525      5265645F 
 1525      52656164 
 1525      00
 1526              	.LASF24:
 1527 00d3 696E7465 		.ascii	"interruptState\000"
 1527      72727570 
 1527      74537461 
 1527      746500
 1528              	.LASF5:
 1529 00e2 6C6F6E67 		.ascii	"long unsigned int\000"
 1529      20756E73 
 1529      69676E65 
 1529      6420696E 
 1529      7400
 1530              	.LASF9:
 1531 00f4 75696E74 		.ascii	"uint8\000"
 1531      3800
 1532              	.LASF22:
 1533 00fa 7072696F 		.ascii	"priority\000"
 1533      72697479 
 1533      00
 1534              	.LASF1:
 1535 0103 756E7369 		.ascii	"unsigned char\000"
 1535      676E6564 
 1535      20636861 
 1535      7200
 1536              	.LASF13:
 1537 0111 646F7562 		.ascii	"double\000"
 1537      6C6500
 1538              	.LASF20:
 1539 0118 6973725F 		.ascii	"isr_1_SetPriority\000"
 1539      315F5365 
 1539      74507269 
 1539      6F726974 
 1539      7900
 1540              	.LASF10:
 1541 012a 75696E74 		.ascii	"uint16\000"
 1541      313600
 1542              	.LASF11:
 1543 0131 75696E74 		.ascii	"uint32\000"
 1543      333200
 1544              	.LASF40:
 1545 0138 4379456E 		.ascii	"CyEnterCriticalSection\000"
 1545      74657243 
 1545      72697469 
 1545      63616C53 
 1545      65637469 
 1546              	.LASF8:
 1547 014f 756E7369 		.ascii	"unsigned int\000"
 1547      676E6564 
 1547      20696E74 
 1547      00
 1548              	.LASF43:
 1549 015c 433A5C54 		.ascii	"C:\\Temp\\FHV_MEM_2016WS_EmbeddedSystems\\Microcont"
 1549      656D705C 
ARM GAS  C:\Users\sst5281\AppData\Local\Temp\ccDWA6ny.s 			page 37


 1549      4648565F 
 1549      4D454D5F 
 1549      32303136 
 1550 018c 726F6C6C 		.ascii	"roller\\PSoC\\Workspace01\\Design01.cydsn\000"
 1550      65725C50 
 1550      536F435C 
 1550      576F726B 
 1550      73706163 
 1551              	.LASF21:
 1552 01b3 61646472 		.ascii	"address\000"
 1552      65737300 
 1553              	.LASF45:
 1554 01bb 43794578 		.ascii	"CyExitCriticalSection\000"
 1554      69744372 
 1554      69746963 
 1554      616C5365 
 1554      6374696F 
 1555              	.LASF16:
 1556 01d1 63796973 		.ascii	"cyisraddress\000"
 1556      72616464 
 1556      72657373 
 1556      00
 1557              	.LASF17:
 1558 01de 73697A65 		.ascii	"sizetype\000"
 1558      74797065 
 1558      00
 1559              	.LASF42:
 1560 01e7 2E5C4765 		.ascii	".\\Generated_Source\\PSoC4\\isr_1.c\000"
 1560      6E657261 
 1560      7465645F 
 1560      536F7572 
 1560      63655C50 
 1561              	.LASF6:
 1562 0208 6C6F6E67 		.ascii	"long long int\000"
 1562      206C6F6E 
 1562      6720696E 
 1562      7400
 1563              	.LASF28:
 1564 0216 6973725F 		.ascii	"isr_1_Enable\000"
 1564      315F456E 
 1564      61626C65 
 1564      00
 1565              	.LASF14:
 1566 0223 63686172 		.ascii	"char\000"
 1566      00
 1567              	.LASF41:
 1568 0228 474E5520 		.ascii	"GNU C 4.9.3 20150303 (release) [ARM/embedded-4_9-br"
 1568      4320342E 
 1568      392E3320 
 1568      32303135 
 1568      30333033 
 1569 025b 616E6368 		.ascii	"anch revision 221220] -mcpu=cortex-m0 -mthumb -g -O"
 1569      20726576 
 1569      6973696F 
 1569      6E203232 
 1569      31323230 
 1570 028e 67202D66 		.ascii	"g -ffunction-sections -ffat-lto-objects\000"
ARM GAS  C:\Users\sst5281\AppData\Local\Temp\ccDWA6ny.s 			page 38


 1570      66756E63 
 1570      74696F6E 
 1570      2D736563 
 1570      74696F6E 
 1571              	.LASF2:
 1572 02b6 73686F72 		.ascii	"short int\000"
 1572      7420696E 
 1572      7400
 1573              	.LASF37:
 1574 02c0 4C45445F 		.ascii	"LED_Red_Write\000"
 1574      5265645F 
 1574      57726974 
 1574      6500
 1575              	.LASF26:
 1576 02ce 6973725F 		.ascii	"isr_1_GetVector\000"
 1576      315F4765 
 1576      74566563 
 1576      746F7200 
 1577              	.LASF18:
 1578 02de 6973725F 		.ascii	"isr_1_Interrupt\000"
 1578      315F496E 
 1578      74657272 
 1578      75707400 
 1579              	.LASF25:
 1580 02ee 7072696F 		.ascii	"priorityOffset\000"
 1580      72697479 
 1580      4F666673 
 1580      657400
 1581              	.LASF4:
 1582 02fd 6C6F6E67 		.ascii	"long int\000"
 1582      20696E74 
 1582      00
 1583              	.LASF0:
 1584 0306 7369676E 		.ascii	"signed char\000"
 1584      65642063 
 1584      68617200 
 1585              	.LASF31:
 1586 0312 6973725F 		.ascii	"isr_1_StartEx\000"
 1586      315F5374 
 1586      61727445 
 1586      7800
 1587              	.LASF32:
 1588 0320 6973725F 		.ascii	"isr_1_Stop\000"
 1588      315F5374 
 1588      6F7000
 1589              	.LASF19:
 1590 032b 6973725F 		.ascii	"isr_1_SetVector\000"
 1590      315F5365 
 1590      74566563 
 1590      746F7200 
 1591              		.ident	"GCC: (GNU Tools for ARM Embedded Processors) 4.9.3 20150303 (release) [ARM/embedded-4_9-br
