ARM GAS  C:\Users\sst5281\AppData\Local\Temp\ccJZH8lQ.s 			page 1


   1              		.cpu cortex-m0
   2              		.fpu softvfp
   3              		.eabi_attribute 20, 1
   4              		.eabi_attribute 21, 1
   5              		.eabi_attribute 23, 3
   6              		.eabi_attribute 24, 1
   7              		.eabi_attribute 25, 1
   8              		.eabi_attribute 26, 1
   9              		.eabi_attribute 30, 1
  10              		.eabi_attribute 34, 0
  11              		.eabi_attribute 18, 4
  12              		.code	16
  13              		.file	"cyfitter_cfg.c"
  14              		.text
  15              	.Ltext0:
  16              		.cfi_sections	.debug_frame
  17              		.section	.text.AnalogSetDefault,"ax",%progbits
  18              		.align	2
  19              		.code	16
  20              		.thumb_func
  21              		.type	AnalogSetDefault, %function
  22              	AnalogSetDefault:
  23              	.LFB6:
  24              		.file 1 ".\\Generated_Source\\PSoC4\\cyfitter_cfg.c"
   1:.\Generated_Source\PSoC4/cyfitter_cfg.c **** /*******************************************************************************
   2:.\Generated_Source\PSoC4/cyfitter_cfg.c **** * File Name: cyfitter_cfg.c
   3:.\Generated_Source\PSoC4/cyfitter_cfg.c **** * 
   4:.\Generated_Source\PSoC4/cyfitter_cfg.c **** * PSoC Creator  3.3 CP3
   5:.\Generated_Source\PSoC4/cyfitter_cfg.c **** *
   6:.\Generated_Source\PSoC4/cyfitter_cfg.c **** * Description:
   7:.\Generated_Source\PSoC4/cyfitter_cfg.c **** * This file contains device initialization code.
   8:.\Generated_Source\PSoC4/cyfitter_cfg.c **** * Except for the user defined sections in CyClockStartupError(), this file should not be modified.
   9:.\Generated_Source\PSoC4/cyfitter_cfg.c **** * This file is automatically generated by PSoC Creator.
  10:.\Generated_Source\PSoC4/cyfitter_cfg.c **** *
  11:.\Generated_Source\PSoC4/cyfitter_cfg.c **** ********************************************************************************
  12:.\Generated_Source\PSoC4/cyfitter_cfg.c **** * Copyright (c) 2007-2016 Cypress Semiconductor.  All rights reserved.
  13:.\Generated_Source\PSoC4/cyfitter_cfg.c **** * You may use this file only in accordance with the license, terms, conditions, 
  14:.\Generated_Source\PSoC4/cyfitter_cfg.c **** * disclaimers, and limitations in the end user license agreement accompanying 
  15:.\Generated_Source\PSoC4/cyfitter_cfg.c **** * the software package with which this file was provided.
  16:.\Generated_Source\PSoC4/cyfitter_cfg.c **** ********************************************************************************/
  17:.\Generated_Source\PSoC4/cyfitter_cfg.c **** 
  18:.\Generated_Source\PSoC4/cyfitter_cfg.c **** #include <string.h>
  19:.\Generated_Source\PSoC4/cyfitter_cfg.c **** #include "cytypes.h"
  20:.\Generated_Source\PSoC4/cyfitter_cfg.c **** #include "cydevice_trm.h"
  21:.\Generated_Source\PSoC4/cyfitter_cfg.c **** #include "cyfitter.h"
  22:.\Generated_Source\PSoC4/cyfitter_cfg.c **** #include "CyLib.h"
  23:.\Generated_Source\PSoC4/cyfitter_cfg.c **** #include "CyLFClk.h"
  24:.\Generated_Source\PSoC4/cyfitter_cfg.c **** #include "cyfitter_cfg.h"
  25:.\Generated_Source\PSoC4/cyfitter_cfg.c **** 
  26:.\Generated_Source\PSoC4/cyfitter_cfg.c **** 
  27:.\Generated_Source\PSoC4/cyfitter_cfg.c **** #if defined(__GNUC__) || defined(__ARMCC_VERSION)
  28:.\Generated_Source\PSoC4/cyfitter_cfg.c ****     #define CYPACKED 
  29:.\Generated_Source\PSoC4/cyfitter_cfg.c ****     #define CYPACKED_ATTR __attribute__ ((packed))
  30:.\Generated_Source\PSoC4/cyfitter_cfg.c ****     #define CYALIGNED __attribute__ ((aligned))
  31:.\Generated_Source\PSoC4/cyfitter_cfg.c ****     #define CY_CFG_UNUSED __attribute__ ((unused))
  32:.\Generated_Source\PSoC4/cyfitter_cfg.c ****     #ifndef CY_CFG_SECTION
  33:.\Generated_Source\PSoC4/cyfitter_cfg.c ****         #define CY_CFG_SECTION __attribute__ ((section(".psocinit")))
ARM GAS  C:\Users\sst5281\AppData\Local\Temp\ccJZH8lQ.s 			page 2


  34:.\Generated_Source\PSoC4/cyfitter_cfg.c ****     #endif
  35:.\Generated_Source\PSoC4/cyfitter_cfg.c ****     
  36:.\Generated_Source\PSoC4/cyfitter_cfg.c ****     #if defined(__ARMCC_VERSION)
  37:.\Generated_Source\PSoC4/cyfitter_cfg.c ****         #define CY_CFG_MEMORY_BARRIER() __memory_changed()
  38:.\Generated_Source\PSoC4/cyfitter_cfg.c ****     #else
  39:.\Generated_Source\PSoC4/cyfitter_cfg.c ****         #define CY_CFG_MEMORY_BARRIER() __sync_synchronize()
  40:.\Generated_Source\PSoC4/cyfitter_cfg.c ****     #endif
  41:.\Generated_Source\PSoC4/cyfitter_cfg.c ****     
  42:.\Generated_Source\PSoC4/cyfitter_cfg.c **** #elif defined(__ICCARM__)
  43:.\Generated_Source\PSoC4/cyfitter_cfg.c ****     #include <intrinsics.h>
  44:.\Generated_Source\PSoC4/cyfitter_cfg.c **** 
  45:.\Generated_Source\PSoC4/cyfitter_cfg.c ****     #define CYPACKED __packed
  46:.\Generated_Source\PSoC4/cyfitter_cfg.c ****     #define CYPACKED_ATTR 
  47:.\Generated_Source\PSoC4/cyfitter_cfg.c ****     #define CYALIGNED _Pragma("data_alignment=4")
  48:.\Generated_Source\PSoC4/cyfitter_cfg.c ****     #define CY_CFG_UNUSED _Pragma("diag_suppress=Pe177")
  49:.\Generated_Source\PSoC4/cyfitter_cfg.c ****     #define CY_CFG_SECTION _Pragma("location=\".psocinit\"")
  50:.\Generated_Source\PSoC4/cyfitter_cfg.c ****     
  51:.\Generated_Source\PSoC4/cyfitter_cfg.c ****     #define CY_CFG_MEMORY_BARRIER() __DMB()
  52:.\Generated_Source\PSoC4/cyfitter_cfg.c ****     
  53:.\Generated_Source\PSoC4/cyfitter_cfg.c **** #else
  54:.\Generated_Source\PSoC4/cyfitter_cfg.c ****     #error Unsupported toolchain
  55:.\Generated_Source\PSoC4/cyfitter_cfg.c **** #endif
  56:.\Generated_Source\PSoC4/cyfitter_cfg.c **** 
  57:.\Generated_Source\PSoC4/cyfitter_cfg.c **** 
  58:.\Generated_Source\PSoC4/cyfitter_cfg.c **** CY_CFG_UNUSED
  59:.\Generated_Source\PSoC4/cyfitter_cfg.c **** static void CYMEMZERO(void *s, size_t n);
  60:.\Generated_Source\PSoC4/cyfitter_cfg.c **** CY_CFG_UNUSED
  61:.\Generated_Source\PSoC4/cyfitter_cfg.c **** static void CYMEMZERO(void *s, size_t n)
  62:.\Generated_Source\PSoC4/cyfitter_cfg.c **** {
  63:.\Generated_Source\PSoC4/cyfitter_cfg.c **** 	(void)memset(s, 0, n);
  64:.\Generated_Source\PSoC4/cyfitter_cfg.c **** }
  65:.\Generated_Source\PSoC4/cyfitter_cfg.c **** CY_CFG_UNUSED
  66:.\Generated_Source\PSoC4/cyfitter_cfg.c **** static void CYCONFIGCPY(void *dest, const void *src, size_t n);
  67:.\Generated_Source\PSoC4/cyfitter_cfg.c **** CY_CFG_UNUSED
  68:.\Generated_Source\PSoC4/cyfitter_cfg.c **** static void CYCONFIGCPY(void *dest, const void *src, size_t n)
  69:.\Generated_Source\PSoC4/cyfitter_cfg.c **** {
  70:.\Generated_Source\PSoC4/cyfitter_cfg.c **** 	(void)memcpy(dest, src, n);
  71:.\Generated_Source\PSoC4/cyfitter_cfg.c **** }
  72:.\Generated_Source\PSoC4/cyfitter_cfg.c **** CY_CFG_UNUSED
  73:.\Generated_Source\PSoC4/cyfitter_cfg.c **** static void CYCONFIGCPYCODE(void *dest, const void *src, size_t n);
  74:.\Generated_Source\PSoC4/cyfitter_cfg.c **** CY_CFG_UNUSED
  75:.\Generated_Source\PSoC4/cyfitter_cfg.c **** static void CYCONFIGCPYCODE(void *dest, const void *src, size_t n)
  76:.\Generated_Source\PSoC4/cyfitter_cfg.c **** {
  77:.\Generated_Source\PSoC4/cyfitter_cfg.c **** 	(void)memcpy(dest, src, n);
  78:.\Generated_Source\PSoC4/cyfitter_cfg.c **** }
  79:.\Generated_Source\PSoC4/cyfitter_cfg.c **** 
  80:.\Generated_Source\PSoC4/cyfitter_cfg.c **** 
  81:.\Generated_Source\PSoC4/cyfitter_cfg.c **** 
  82:.\Generated_Source\PSoC4/cyfitter_cfg.c **** /* Clock startup error codes                                                   */
  83:.\Generated_Source\PSoC4/cyfitter_cfg.c **** #define CYCLOCKSTART_NO_ERROR    0u
  84:.\Generated_Source\PSoC4/cyfitter_cfg.c **** #define CYCLOCKSTART_XTAL_ERROR  1u
  85:.\Generated_Source\PSoC4/cyfitter_cfg.c **** #define CYCLOCKSTART_32KHZ_ERROR 2u
  86:.\Generated_Source\PSoC4/cyfitter_cfg.c **** #define CYCLOCKSTART_PLL_ERROR   3u
  87:.\Generated_Source\PSoC4/cyfitter_cfg.c **** 
  88:.\Generated_Source\PSoC4/cyfitter_cfg.c **** #ifdef CY_NEED_CYCLOCKSTARTUPERROR
  89:.\Generated_Source\PSoC4/cyfitter_cfg.c **** /*******************************************************************************
  90:.\Generated_Source\PSoC4/cyfitter_cfg.c **** * Function Name: CyClockStartupError
ARM GAS  C:\Users\sst5281\AppData\Local\Temp\ccJZH8lQ.s 			page 3


  91:.\Generated_Source\PSoC4/cyfitter_cfg.c **** ********************************************************************************
  92:.\Generated_Source\PSoC4/cyfitter_cfg.c **** * Summary:
  93:.\Generated_Source\PSoC4/cyfitter_cfg.c **** *  If an error is encountered during clock configuration (crystal startup error,
  94:.\Generated_Source\PSoC4/cyfitter_cfg.c **** *  PLL lock error, etc.), the system will end up here.  Unless reimplemented by
  95:.\Generated_Source\PSoC4/cyfitter_cfg.c **** *  the customer, this function will stop in an infinite loop.
  96:.\Generated_Source\PSoC4/cyfitter_cfg.c **** *
  97:.\Generated_Source\PSoC4/cyfitter_cfg.c **** * Parameters:
  98:.\Generated_Source\PSoC4/cyfitter_cfg.c **** *   void
  99:.\Generated_Source\PSoC4/cyfitter_cfg.c **** *
 100:.\Generated_Source\PSoC4/cyfitter_cfg.c **** * Return:
 101:.\Generated_Source\PSoC4/cyfitter_cfg.c **** *   void
 102:.\Generated_Source\PSoC4/cyfitter_cfg.c **** *
 103:.\Generated_Source\PSoC4/cyfitter_cfg.c **** *******************************************************************************/
 104:.\Generated_Source\PSoC4/cyfitter_cfg.c **** CY_CFG_UNUSED
 105:.\Generated_Source\PSoC4/cyfitter_cfg.c **** static void CyClockStartupError(uint8 errorCode);
 106:.\Generated_Source\PSoC4/cyfitter_cfg.c **** CY_CFG_UNUSED
 107:.\Generated_Source\PSoC4/cyfitter_cfg.c **** static void CyClockStartupError(uint8 errorCode)
 108:.\Generated_Source\PSoC4/cyfitter_cfg.c **** {
 109:.\Generated_Source\PSoC4/cyfitter_cfg.c ****     /* To remove the compiler warning if errorCode not used.                */
 110:.\Generated_Source\PSoC4/cyfitter_cfg.c ****     errorCode = errorCode;
 111:.\Generated_Source\PSoC4/cyfitter_cfg.c **** 
 112:.\Generated_Source\PSoC4/cyfitter_cfg.c ****     /* `#START CyClockStartupError` */
 113:.\Generated_Source\PSoC4/cyfitter_cfg.c **** 
 114:.\Generated_Source\PSoC4/cyfitter_cfg.c ****     /* If we have a clock startup error (bad MHz crystal, PLL lock, etc.),  */
 115:.\Generated_Source\PSoC4/cyfitter_cfg.c ****     /* we will end up here to allow the customer to implement something to  */
 116:.\Generated_Source\PSoC4/cyfitter_cfg.c ****     /* deal with the clock condition.                                       */
 117:.\Generated_Source\PSoC4/cyfitter_cfg.c **** 
 118:.\Generated_Source\PSoC4/cyfitter_cfg.c ****     /* `#END` */
 119:.\Generated_Source\PSoC4/cyfitter_cfg.c **** 
 120:.\Generated_Source\PSoC4/cyfitter_cfg.c ****     /* If nothing else, stop here since the clocks have not started         */
 121:.\Generated_Source\PSoC4/cyfitter_cfg.c ****     /* correctly.                                                           */
 122:.\Generated_Source\PSoC4/cyfitter_cfg.c ****     while(1) {}
 123:.\Generated_Source\PSoC4/cyfitter_cfg.c **** }
 124:.\Generated_Source\PSoC4/cyfitter_cfg.c **** #endif
 125:.\Generated_Source\PSoC4/cyfitter_cfg.c **** 
 126:.\Generated_Source\PSoC4/cyfitter_cfg.c **** 
 127:.\Generated_Source\PSoC4/cyfitter_cfg.c **** 
 128:.\Generated_Source\PSoC4/cyfitter_cfg.c **** /*******************************************************************************
 129:.\Generated_Source\PSoC4/cyfitter_cfg.c **** * Function Name: ClockSetup
 130:.\Generated_Source\PSoC4/cyfitter_cfg.c **** ********************************************************************************
 131:.\Generated_Source\PSoC4/cyfitter_cfg.c **** *
 132:.\Generated_Source\PSoC4/cyfitter_cfg.c **** * Summary:
 133:.\Generated_Source\PSoC4/cyfitter_cfg.c **** *   Performs the initialization of all of the clocks in the device based on the
 134:.\Generated_Source\PSoC4/cyfitter_cfg.c **** *   settings in the Clock tab of the DWR.  This includes enabling the requested
 135:.\Generated_Source\PSoC4/cyfitter_cfg.c **** *   clocks and setting the necessary dividers to produce the desired frequency. 
 136:.\Generated_Source\PSoC4/cyfitter_cfg.c **** *
 137:.\Generated_Source\PSoC4/cyfitter_cfg.c **** * Parameters:
 138:.\Generated_Source\PSoC4/cyfitter_cfg.c **** *   void
 139:.\Generated_Source\PSoC4/cyfitter_cfg.c **** *
 140:.\Generated_Source\PSoC4/cyfitter_cfg.c **** * Return:
 141:.\Generated_Source\PSoC4/cyfitter_cfg.c **** *   void
 142:.\Generated_Source\PSoC4/cyfitter_cfg.c **** *
 143:.\Generated_Source\PSoC4/cyfitter_cfg.c **** *******************************************************************************/
 144:.\Generated_Source\PSoC4/cyfitter_cfg.c **** static void ClockSetup(void);
 145:.\Generated_Source\PSoC4/cyfitter_cfg.c **** CY_CFG_SECTION
 146:.\Generated_Source\PSoC4/cyfitter_cfg.c **** static void ClockSetup(void)
 147:.\Generated_Source\PSoC4/cyfitter_cfg.c **** {
ARM GAS  C:\Users\sst5281\AppData\Local\Temp\ccJZH8lQ.s 			page 4


 148:.\Generated_Source\PSoC4/cyfitter_cfg.c **** 
 149:.\Generated_Source\PSoC4/cyfitter_cfg.c **** 	/* Set Flash Cycles based on max possible frequency in case a glitch occurs during ClockSetup(). *
 150:.\Generated_Source\PSoC4/cyfitter_cfg.c **** 	CY_SET_REG32((void CYXDATA *)(CYREG_CPUSS_FLASH_CTL), (0x0012u));
 151:.\Generated_Source\PSoC4/cyfitter_cfg.c **** 
 152:.\Generated_Source\PSoC4/cyfitter_cfg.c **** 	/* Start the WCO */
 153:.\Generated_Source\PSoC4/cyfitter_cfg.c **** 	CySysClkWcoStart();
 154:.\Generated_Source\PSoC4/cyfitter_cfg.c **** 	CyDelayCycles(12000000u); /* WCO may take up to 500ms to start */
 155:.\Generated_Source\PSoC4/cyfitter_cfg.c **** 	(void)CySysClkWcoSetPowerMode(CY_SYS_CLK_WCO_LPM);    /* Switch to the low power mode */
 156:.\Generated_Source\PSoC4/cyfitter_cfg.c **** 
 157:.\Generated_Source\PSoC4/cyfitter_cfg.c **** 	/* Setup and trim IMO based on desired frequency. */
 158:.\Generated_Source\PSoC4/cyfitter_cfg.c **** 	CySysClkWriteImoFreq(12u);
 159:.\Generated_Source\PSoC4/cyfitter_cfg.c **** 	/* CYDEV_CLK_ILO_CONFIG Starting address: CYDEV_CLK_ILO_CONFIG */
 160:.\Generated_Source\PSoC4/cyfitter_cfg.c **** 	CY_SET_XTND_REG32((void CYFAR *)(CYREG_CLK_ILO_CONFIG), 0x80000006u);
 161:.\Generated_Source\PSoC4/cyfitter_cfg.c **** 
 162:.\Generated_Source\PSoC4/cyfitter_cfg.c **** 	/* CYDEV_WDT_CONFIG Starting address: CYDEV_WDT_CONFIG */
 163:.\Generated_Source\PSoC4/cyfitter_cfg.c **** 	CY_SET_XTND_REG32((void CYFAR *)(CYREG_WDT_CONFIG), 0x40000000u);
 164:.\Generated_Source\PSoC4/cyfitter_cfg.c **** 
 165:.\Generated_Source\PSoC4/cyfitter_cfg.c **** 
 166:.\Generated_Source\PSoC4/cyfitter_cfg.c **** 	/* Enable fast start mode for XO */
 167:.\Generated_Source\PSoC4/cyfitter_cfg.c **** 	CY_SET_REG32((void*)CYREG_BLE_BLERD_BB_XO, CY_GET_REG32((void*)CYREG_BLE_BLERD_BB_XO) | (uint32)0x
 168:.\Generated_Source\PSoC4/cyfitter_cfg.c **** 	CY_SET_XTND_REG32((void CYFAR *)(CYREG_BLE_BLERD_BB_XO_CAPTRIM), 0x00003E2Du);
 169:.\Generated_Source\PSoC4/cyfitter_cfg.c **** 	/* Disable Crystal Stable Interrupt before enabling ECO */
 170:.\Generated_Source\PSoC4/cyfitter_cfg.c **** 	CY_SET_REG32((void*)CYREG_BLE_BLESS_LL_DSM_CTRL, CY_GET_REG32((void*)CYREG_BLE_BLESS_LL_DSM_CTRL) 
 171:.\Generated_Source\PSoC4/cyfitter_cfg.c **** 	/* Start the ECO and do not check status since it is not needed for HFCLK */
 172:.\Generated_Source\PSoC4/cyfitter_cfg.c **** 	(void)CySysClkEcoStart(2000u);
 173:.\Generated_Source\PSoC4/cyfitter_cfg.c **** 	CyDelayUs(1500u); /* Wait to stabalize */
 174:.\Generated_Source\PSoC4/cyfitter_cfg.c **** 
 175:.\Generated_Source\PSoC4/cyfitter_cfg.c **** 	/* Setup phase aligned clocks */
 176:.\Generated_Source\PSoC4/cyfitter_cfg.c **** 	CY_SET_REG32((void *)CYREG_PERI_DIV_16_CTL0, 0x00003300u);
 177:.\Generated_Source\PSoC4/cyfitter_cfg.c **** 	CY_SET_REG32((void *)CYREG_PERI_DIV_CMD, 0x8000FF40u);
 178:.\Generated_Source\PSoC4/cyfitter_cfg.c **** 
 179:.\Generated_Source\PSoC4/cyfitter_cfg.c **** 	/* CYDEV_CLK_IMO_CONFIG Starting address: CYDEV_CLK_IMO_CONFIG */
 180:.\Generated_Source\PSoC4/cyfitter_cfg.c **** 	CY_SET_XTND_REG32((void CYFAR *)(CYREG_CLK_IMO_CONFIG), 0x80000000u);
 181:.\Generated_Source\PSoC4/cyfitter_cfg.c **** 
 182:.\Generated_Source\PSoC4/cyfitter_cfg.c **** 	/* CYDEV_CLK_SELECT Starting address: CYDEV_CLK_SELECT */
 183:.\Generated_Source\PSoC4/cyfitter_cfg.c **** 	CY_SET_XTND_REG32((void CYFAR *)(CYREG_CLK_SELECT), 0x00000000u);
 184:.\Generated_Source\PSoC4/cyfitter_cfg.c **** 
 185:.\Generated_Source\PSoC4/cyfitter_cfg.c **** 	/* CYDEV_PERI_PCLK_CTL1 Starting address: CYDEV_PERI_PCLK_CTL1 */
 186:.\Generated_Source\PSoC4/cyfitter_cfg.c **** 	CY_SET_XTND_REG32((void CYFAR *)(CYREG_PERI_PCLK_CTL1), 0x00000040u);
 187:.\Generated_Source\PSoC4/cyfitter_cfg.c **** 
 188:.\Generated_Source\PSoC4/cyfitter_cfg.c **** 	(void)CyIntSetVector(8u, &CySysWdtIsr);
 189:.\Generated_Source\PSoC4/cyfitter_cfg.c **** 	CyIntEnable(8u);
 190:.\Generated_Source\PSoC4/cyfitter_cfg.c **** 	CY_SET_XTND_REG32((void CYFAR *)(CYREG_WDT_CONFIG), 0x40000000u);
 191:.\Generated_Source\PSoC4/cyfitter_cfg.c **** 	/* Set Flash Cycles based on newly configured 12.00MHz HFCLK. */
 192:.\Generated_Source\PSoC4/cyfitter_cfg.c **** 	CY_SET_REG32((void CYXDATA *)(CYREG_CPUSS_FLASH_CTL), (0x0000u));
 193:.\Generated_Source\PSoC4/cyfitter_cfg.c **** }
 194:.\Generated_Source\PSoC4/cyfitter_cfg.c **** 
 195:.\Generated_Source\PSoC4/cyfitter_cfg.c **** 
 196:.\Generated_Source\PSoC4/cyfitter_cfg.c **** /* Analog API Functions */
 197:.\Generated_Source\PSoC4/cyfitter_cfg.c **** 
 198:.\Generated_Source\PSoC4/cyfitter_cfg.c **** 
 199:.\Generated_Source\PSoC4/cyfitter_cfg.c **** /*******************************************************************************
 200:.\Generated_Source\PSoC4/cyfitter_cfg.c **** * Function Name: AnalogSetDefault
 201:.\Generated_Source\PSoC4/cyfitter_cfg.c **** ********************************************************************************
 202:.\Generated_Source\PSoC4/cyfitter_cfg.c **** *
 203:.\Generated_Source\PSoC4/cyfitter_cfg.c **** * Summary:
 204:.\Generated_Source\PSoC4/cyfitter_cfg.c **** *  Sets up the analog portions of the chip to default values based on chip
ARM GAS  C:\Users\sst5281\AppData\Local\Temp\ccJZH8lQ.s 			page 5


 205:.\Generated_Source\PSoC4/cyfitter_cfg.c **** *  configuration options from the project.
 206:.\Generated_Source\PSoC4/cyfitter_cfg.c **** *
 207:.\Generated_Source\PSoC4/cyfitter_cfg.c **** * Parameters:
 208:.\Generated_Source\PSoC4/cyfitter_cfg.c **** *  void
 209:.\Generated_Source\PSoC4/cyfitter_cfg.c **** *
 210:.\Generated_Source\PSoC4/cyfitter_cfg.c **** * Return:
 211:.\Generated_Source\PSoC4/cyfitter_cfg.c **** *  void
 212:.\Generated_Source\PSoC4/cyfitter_cfg.c **** *
 213:.\Generated_Source\PSoC4/cyfitter_cfg.c **** *******************************************************************************/
 214:.\Generated_Source\PSoC4/cyfitter_cfg.c **** static void AnalogSetDefault(void);
 215:.\Generated_Source\PSoC4/cyfitter_cfg.c **** static void AnalogSetDefault(void)
 216:.\Generated_Source\PSoC4/cyfitter_cfg.c **** {
  25              		.loc 1 216 0
  26              		.cfi_startproc
 217:.\Generated_Source\PSoC4/cyfitter_cfg.c **** 	CY_SET_XTND_REG32((void CYFAR *)CYREG_CTBM0_DFT_CTRL, 0x00000003u);
  27              		.loc 1 217 0
  28 0000 0323     		mov	r3, #3
  29 0002 044A     		ldr	r2, .L2
  30 0004 1360     		str	r3, [r2]
 218:.\Generated_Source\PSoC4/cyfitter_cfg.c **** 	CY_SET_XTND_REG32((void CYFAR *)CYREG_CTBM1_DFT_CTRL, 0x00000003u);
  31              		.loc 1 218 0
  32 0006 044A     		ldr	r2, .L2+4
  33 0008 1360     		str	r3, [r2]
 219:.\Generated_Source\PSoC4/cyfitter_cfg.c **** 	CY_SET_XTND_REG32((void CYFAR *)CYREG_PASS_DSAB_DSAB_CTRL, 0x00000000u);
  34              		.loc 1 219 0
  35 000a 0022     		mov	r2, #0
  36 000c 034B     		ldr	r3, .L2+8
  37 000e 1A60     		str	r2, [r3]
 220:.\Generated_Source\PSoC4/cyfitter_cfg.c **** }
  38              		.loc 1 220 0
  39              		@ sp needed
  40 0010 7047     		bx	lr
  41              	.L3:
  42 0012 C046     		.align	2
  43              	.L2:
  44 0014 30003040 		.word	1076887600
  45 0018 30003140 		.word	1076953136
  46 001c 000E3F40 		.word	1077874176
  47              		.cfi_endproc
  48              	.LFE6:
  49              		.size	AnalogSetDefault, .-AnalogSetDefault
  50              		.section	.text.CYMEMZERO,"ax",%progbits
  51              		.align	2
  52              		.code	16
  53              		.thumb_func
  54              		.type	CYMEMZERO, %function
  55              	CYMEMZERO:
  56              	.LFB2:
  62:.\Generated_Source\PSoC4/cyfitter_cfg.c **** 	(void)memset(s, 0, n);
  57              		.loc 1 62 0
  58              		.cfi_startproc
  59              	.LVL0:
  60 0000 08B5     		push	{r3, lr}
  61              		.cfi_def_cfa_offset 8
  62              		.cfi_offset 3, -8
  63              		.cfi_offset 14, -4
  64 0002 0A1C     		mov	r2, r1
ARM GAS  C:\Users\sst5281\AppData\Local\Temp\ccJZH8lQ.s 			page 6


  63:.\Generated_Source\PSoC4/cyfitter_cfg.c **** }
  65              		.loc 1 63 0
  66 0004 0021     		mov	r1, #0
  67              	.LVL1:
  68 0006 FFF7FEFF 		bl	memset
  69              	.LVL2:
  64:.\Generated_Source\PSoC4/cyfitter_cfg.c **** CY_CFG_UNUSED
  70              		.loc 1 64 0
  71              		@ sp needed
  72 000a 08BD     		pop	{r3, pc}
  73              		.cfi_endproc
  74              	.LFE2:
  75              		.size	CYMEMZERO, .-CYMEMZERO
  76              		.section	.psocinit,"ax",%progbits
  77              		.align	2
  78              		.code	16
  79              		.thumb_func
  80              		.type	ClockSetup, %function
  81              	ClockSetup:
  82              	.LFB5:
 147:.\Generated_Source\PSoC4/cyfitter_cfg.c **** 
  83              		.loc 1 147 0
  84              		.cfi_startproc
  85 0000 F8B5     		push	{r3, r4, r5, r6, r7, lr}
  86              		.cfi_def_cfa_offset 24
  87              		.cfi_offset 3, -24
  88              		.cfi_offset 4, -20
  89              		.cfi_offset 5, -16
  90              		.cfi_offset 6, -12
  91              		.cfi_offset 7, -8
  92              		.cfi_offset 14, -4
 150:.\Generated_Source\PSoC4/cyfitter_cfg.c **** 
  93              		.loc 1 150 0
  94 0002 224C     		ldr	r4, .L6
  95 0004 1223     		mov	r3, #18
  96 0006 2360     		str	r3, [r4]
 153:.\Generated_Source\PSoC4/cyfitter_cfg.c **** 	CyDelayCycles(12000000u); /* WCO may take up to 500ms to start */
  97              		.loc 1 153 0
  98 0008 FFF7FEFF 		bl	CySysClkWcoStart
  99              	.LVL3:
 154:.\Generated_Source\PSoC4/cyfitter_cfg.c **** 	(void)CySysClkWcoSetPowerMode(CY_SYS_CLK_WCO_LPM);    /* Switch to the low power mode */
 100              		.loc 1 154 0
 101 000c 2048     		ldr	r0, .L6+4
 102 000e FFF7FEFF 		bl	CyDelayCycles
 103              	.LVL4:
 155:.\Generated_Source\PSoC4/cyfitter_cfg.c **** 
 104              		.loc 1 155 0
 105 0012 0120     		mov	r0, #1
 106 0014 FFF7FEFF 		bl	CySysClkWcoSetPowerMode
 107              	.LVL5:
 158:.\Generated_Source\PSoC4/cyfitter_cfg.c **** 	/* CYDEV_CLK_ILO_CONFIG Starting address: CYDEV_CLK_ILO_CONFIG */
 108              		.loc 1 158 0
 109 0018 0C20     		mov	r0, #12
 110 001a FFF7FEFF 		bl	CySysClkWriteImoFreq
 111              	.LVL6:
 160:.\Generated_Source\PSoC4/cyfitter_cfg.c **** 
 112              		.loc 1 160 0
ARM GAS  C:\Users\sst5281\AppData\Local\Temp\ccJZH8lQ.s 			page 7


 113 001e 1D4A     		ldr	r2, .L6+8
 114 0020 1D4B     		ldr	r3, .L6+12
 115 0022 1A60     		str	r2, [r3]
 163:.\Generated_Source\PSoC4/cyfitter_cfg.c **** 
 116              		.loc 1 163 0
 117 0024 1D4E     		ldr	r6, .L6+16
 118 0026 8027     		mov	r7, #128
 119 0028 FF05     		lsl	r7, r7, #23
 120 002a 3760     		str	r7, [r6]
 167:.\Generated_Source\PSoC4/cyfitter_cfg.c **** 	CY_SET_XTND_REG32((void CYFAR *)(CYREG_BLE_BLERD_BB_XO_CAPTRIM), 0x00003E2Du);
 121              		.loc 1 167 0
 122 002c 1C4A     		ldr	r2, .L6+20
 123 002e 1168     		ldr	r1, [r2]
 124 0030 0223     		mov	r3, #2
 125 0032 0B43     		orr	r3, r1
 126 0034 1360     		str	r3, [r2]
 168:.\Generated_Source\PSoC4/cyfitter_cfg.c **** 	/* Disable Crystal Stable Interrupt before enabling ECO */
 127              		.loc 1 168 0
 128 0036 1B4A     		ldr	r2, .L6+24
 129 0038 1B4B     		ldr	r3, .L6+28
 130 003a 1A60     		str	r2, [r3]
 170:.\Generated_Source\PSoC4/cyfitter_cfg.c **** 	/* Start the ECO and do not check status since it is not needed for HFCLK */
 131              		.loc 1 170 0
 132 003c 1B4A     		ldr	r2, .L6+32
 133 003e 1368     		ldr	r3, [r2]
 134 0040 0821     		mov	r1, #8
 135 0042 8B43     		bic	r3, r1
 136 0044 1360     		str	r3, [r2]
 172:.\Generated_Source\PSoC4/cyfitter_cfg.c **** 	CyDelayUs(1500u); /* Wait to stabalize */
 137              		.loc 1 172 0
 138 0046 FA20     		mov	r0, #250
 139 0048 C000     		lsl	r0, r0, #3
 140 004a FFF7FEFF 		bl	CySysClkEcoStart
 141              	.LVL7:
 173:.\Generated_Source\PSoC4/cyfitter_cfg.c **** 
 142              		.loc 1 173 0
 143 004e 1848     		ldr	r0, .L6+36
 144 0050 FFF7FEFF 		bl	CyDelayUs
 145              	.LVL8:
 176:.\Generated_Source\PSoC4/cyfitter_cfg.c **** 	CY_SET_REG32((void *)CYREG_PERI_DIV_CMD, 0x8000FF40u);
 146              		.loc 1 176 0
 147 0054 CC22     		mov	r2, #204
 148 0056 9201     		lsl	r2, r2, #6
 149 0058 164B     		ldr	r3, .L6+40
 150 005a 1A60     		str	r2, [r3]
 177:.\Generated_Source\PSoC4/cyfitter_cfg.c **** 
 151              		.loc 1 177 0
 152 005c 164A     		ldr	r2, .L6+44
 153 005e 174B     		ldr	r3, .L6+48
 154 0060 1A60     		str	r2, [r3]
 180:.\Generated_Source\PSoC4/cyfitter_cfg.c **** 
 155              		.loc 1 180 0
 156 0062 8022     		mov	r2, #128
 157 0064 1206     		lsl	r2, r2, #24
 158 0066 164B     		ldr	r3, .L6+52
 159 0068 1A60     		str	r2, [r3]
 183:.\Generated_Source\PSoC4/cyfitter_cfg.c **** 
ARM GAS  C:\Users\sst5281\AppData\Local\Temp\ccJZH8lQ.s 			page 8


 160              		.loc 1 183 0
 161 006a 0025     		mov	r5, #0
 162 006c 154B     		ldr	r3, .L6+56
 163 006e 1D60     		str	r5, [r3]
 186:.\Generated_Source\PSoC4/cyfitter_cfg.c **** 
 164              		.loc 1 186 0
 165 0070 4022     		mov	r2, #64
 166 0072 154B     		ldr	r3, .L6+60
 167 0074 1A60     		str	r2, [r3]
 188:.\Generated_Source\PSoC4/cyfitter_cfg.c **** 	CyIntEnable(8u);
 168              		.loc 1 188 0
 169 0076 0820     		mov	r0, #8
 170 0078 1449     		ldr	r1, .L6+64
 171 007a FFF7FEFF 		bl	CyIntSetVector
 172              	.LVL9:
 189:.\Generated_Source\PSoC4/cyfitter_cfg.c **** 	CY_SET_XTND_REG32((void CYFAR *)(CYREG_WDT_CONFIG), 0x40000000u);
 173              		.loc 1 189 0
 174 007e 0820     		mov	r0, #8
 175 0080 FFF7FEFF 		bl	CyIntEnable
 176              	.LVL10:
 190:.\Generated_Source\PSoC4/cyfitter_cfg.c **** 	/* Set Flash Cycles based on newly configured 12.00MHz HFCLK. */
 177              		.loc 1 190 0
 178 0084 3760     		str	r7, [r6]
 192:.\Generated_Source\PSoC4/cyfitter_cfg.c **** }
 179              		.loc 1 192 0
 180 0086 2560     		str	r5, [r4]
 193:.\Generated_Source\PSoC4/cyfitter_cfg.c **** 
 181              		.loc 1 193 0
 182              		@ sp needed
 183 0088 F8BD     		pop	{r3, r4, r5, r6, r7, pc}
 184              	.L7:
 185 008a C046     		.align	2
 186              	.L6:
 187 008c 30001040 		.word	1074790448
 188 0090 001BB700 		.word	12000000
 189 0094 06000080 		.word	-2147483642
 190 0098 04010B40 		.word	1074462980
 191 009c 0C020B40 		.word	1074463244
 192 00a0 78002E40 		.word	1076756600
 193 00a4 2D3E0000 		.word	15917
 194 00a8 7C002E40 		.word	1076756604
 195 00ac 6CF02E40 		.word	1076818028
 196 00b0 DC050000 		.word	1500
 197 00b4 00030140 		.word	1073808128
 198 00b8 40FF0080 		.word	-2147418304
 199 00bc 00000140 		.word	1073807360
 200 00c0 08010B40 		.word	1074462984
 201 00c4 00010B40 		.word	1074462976
 202 00c8 04010140 		.word	1073807620
 203 00cc 00000000 		.word	CySysWdtIsr
 204              		.cfi_endproc
 205              	.LFE5:
 206              		.size	ClockSetup, .-ClockSetup
 207              		.align	2
 208              		.global	cyfitter_cfg
 209              		.code	16
 210              		.thumb_func
ARM GAS  C:\Users\sst5281\AppData\Local\Temp\ccJZH8lQ.s 			page 9


 211              		.type	cyfitter_cfg, %function
 212              	cyfitter_cfg:
 213              	.LFB7:
 221:.\Generated_Source\PSoC4/cyfitter_cfg.c **** 
 222:.\Generated_Source\PSoC4/cyfitter_cfg.c **** #define CY_AMUX_UNUSED CYREG_CM0_ROM_DWT
 223:.\Generated_Source\PSoC4/cyfitter_cfg.c **** 
 224:.\Generated_Source\PSoC4/cyfitter_cfg.c **** 
 225:.\Generated_Source\PSoC4/cyfitter_cfg.c **** /*******************************************************************************
 226:.\Generated_Source\PSoC4/cyfitter_cfg.c **** * Function Name: cyfitter_cfg
 227:.\Generated_Source\PSoC4/cyfitter_cfg.c **** ********************************************************************************
 228:.\Generated_Source\PSoC4/cyfitter_cfg.c **** * Summary:
 229:.\Generated_Source\PSoC4/cyfitter_cfg.c **** *  This function is called by the start-up code for the selected device. It
 230:.\Generated_Source\PSoC4/cyfitter_cfg.c **** *  performs all of the necessary device configuration based on the design
 231:.\Generated_Source\PSoC4/cyfitter_cfg.c **** *  settings.  This includes settings from the Design Wide Resources (DWR) such
 232:.\Generated_Source\PSoC4/cyfitter_cfg.c **** *  as Clocks and Pins as well as any component configuration that is necessary.
 233:.\Generated_Source\PSoC4/cyfitter_cfg.c **** *
 234:.\Generated_Source\PSoC4/cyfitter_cfg.c **** * Parameters:  
 235:.\Generated_Source\PSoC4/cyfitter_cfg.c **** *   void
 236:.\Generated_Source\PSoC4/cyfitter_cfg.c **** *
 237:.\Generated_Source\PSoC4/cyfitter_cfg.c **** * Return:
 238:.\Generated_Source\PSoC4/cyfitter_cfg.c **** *   void
 239:.\Generated_Source\PSoC4/cyfitter_cfg.c **** *
 240:.\Generated_Source\PSoC4/cyfitter_cfg.c **** *******************************************************************************/
 241:.\Generated_Source\PSoC4/cyfitter_cfg.c **** CY_CFG_SECTION
 242:.\Generated_Source\PSoC4/cyfitter_cfg.c **** void cyfitter_cfg(void)
 243:.\Generated_Source\PSoC4/cyfitter_cfg.c **** {
 214              		.loc 1 243 0
 215              		.cfi_startproc
 216 00d0 10B5     		push	{r4, lr}
 217              		.cfi_def_cfa_offset 8
 218              		.cfi_offset 4, -8
 219              		.cfi_offset 14, -4
 244:.\Generated_Source\PSoC4/cyfitter_cfg.c **** 	/* Disable interrupts by default. Let user enable if/when they want. */
 245:.\Generated_Source\PSoC4/cyfitter_cfg.c **** 	CyGlobalIntDisable;
 220              		.loc 1 245 0
 221              	@ 245 ".\Generated_Source\PSoC4\cyfitter_cfg.c" 1
 222 00d2 72B6     		CPSID   i
 223              	@ 0 "" 2
 246:.\Generated_Source\PSoC4/cyfitter_cfg.c **** 
 247:.\Generated_Source\PSoC4/cyfitter_cfg.c **** 	CY_SET_XTND_REG32((void CYFAR *)(CYREG_BLE_BLESS_LL_DSM_CTRL), 0x00000000u);
 224              		.loc 1 247 0
 225              		.code	16
 226 00d4 0022     		mov	r2, #0
 227 00d6 2A4B     		ldr	r3, .L11
 228 00d8 1A60     		str	r2, [r3]
 229              	.LVL11:
 230              	.LBB2:
 248:.\Generated_Source\PSoC4/cyfitter_cfg.c **** 
 249:.\Generated_Source\PSoC4/cyfitter_cfg.c **** 	{
 250:.\Generated_Source\PSoC4/cyfitter_cfg.c **** 
 251:.\Generated_Source\PSoC4/cyfitter_cfg.c **** 		CYPACKED typedef struct {
 252:.\Generated_Source\PSoC4/cyfitter_cfg.c **** 			void CYFAR *address;
 253:.\Generated_Source\PSoC4/cyfitter_cfg.c **** 			uint16 size;
 254:.\Generated_Source\PSoC4/cyfitter_cfg.c **** 		} CYPACKED_ATTR cfg_memset_t;
 255:.\Generated_Source\PSoC4/cyfitter_cfg.c **** 
 256:.\Generated_Source\PSoC4/cyfitter_cfg.c **** 		static const cfg_memset_t CYCODE cfg_memset_list [] = {
 257:.\Generated_Source\PSoC4/cyfitter_cfg.c **** 			/* address, size */
ARM GAS  C:\Users\sst5281\AppData\Local\Temp\ccJZH8lQ.s 			page 10


 258:.\Generated_Source\PSoC4/cyfitter_cfg.c **** 			{(void CYFAR *)(CYDEV_UDB_P0_U0_BASE), 1024u},
 259:.\Generated_Source\PSoC4/cyfitter_cfg.c **** 			{(void CYFAR *)(CYDEV_UDB_DSI0_BASE), 1024u},
 260:.\Generated_Source\PSoC4/cyfitter_cfg.c **** 		};
 261:.\Generated_Source\PSoC4/cyfitter_cfg.c **** 
 262:.\Generated_Source\PSoC4/cyfitter_cfg.c **** 		uint8 CYDATA i;
 263:.\Generated_Source\PSoC4/cyfitter_cfg.c **** 
 264:.\Generated_Source\PSoC4/cyfitter_cfg.c **** 		/* Zero out critical memory blocks before beginning configuration */
 265:.\Generated_Source\PSoC4/cyfitter_cfg.c **** 		for (i = 0u; i < (sizeof(cfg_memset_list)/sizeof(cfg_memset_list[0])); i++)
 231              		.loc 1 265 0
 232 00da 0024     		mov	r4, #0
 233 00dc 10E0     		b	.L9
 234              	.LVL12:
 235              	.L10:
 236              	.LBB3:
 266:.\Generated_Source\PSoC4/cyfitter_cfg.c **** 		{
 267:.\Generated_Source\PSoC4/cyfitter_cfg.c **** 			const cfg_memset_t CYCODE * CYDATA ms = &cfg_memset_list[i];
 268:.\Generated_Source\PSoC4/cyfitter_cfg.c **** 			CYMEMZERO(ms->address, (size_t)(uint32)(ms->size));
 237              		.loc 1 268 0 discriminator 3
 238 00de 2948     		ldr	r0, .L11+4
 239 00e0 6300     		lsl	r3, r4, #1
 240 00e2 1A19     		add	r2, r3, r4
 241 00e4 5200     		lsl	r2, r2, #1
 242 00e6 8218     		add	r2, r0, r2
 243 00e8 9188     		ldrh	r1, [r2, #4]
 244 00ea 1B19     		add	r3, r3, r4
 245 00ec 5B00     		lsl	r3, r3, #1
 246 00ee 1A5A     		ldrh	r2, [r3, r0]
 247 00f0 C318     		add	r3, r0, r3
 248 00f2 5888     		ldrh	r0, [r3, #2]
 249 00f4 0004     		lsl	r0, r0, #16
 250 00f6 1043     		orr	r0, r2
 251 00f8 FFF7FEFF 		bl	CYMEMZERO
 252              	.LVL13:
 253              	.LBE3:
 265:.\Generated_Source\PSoC4/cyfitter_cfg.c **** 		{
 254              		.loc 1 265 0 discriminator 3
 255 00fc 0134     		add	r4, r4, #1
 256              	.LVL14:
 257 00fe E4B2     		uxtb	r4, r4
 258              	.LVL15:
 259              	.L9:
 265:.\Generated_Source\PSoC4/cyfitter_cfg.c **** 		{
 260              		.loc 1 265 0 is_stmt 0 discriminator 1
 261 0100 012C     		cmp	r4, #1
 262 0102 ECD9     		bls	.L10
 269:.\Generated_Source\PSoC4/cyfitter_cfg.c **** 		}
 270:.\Generated_Source\PSoC4/cyfitter_cfg.c **** 
 271:.\Generated_Source\PSoC4/cyfitter_cfg.c **** 		/* HSIOM Starting address: CYDEV_HSIOM_BASE */
 272:.\Generated_Source\PSoC4/cyfitter_cfg.c **** 		CY_SET_XTND_REG32((void CYFAR *)(CYDEV_HSIOM_BASE), 0xEE000000u);
 263              		.loc 1 272 0 is_stmt 1
 264 0104 EE22     		mov	r2, #238
 265 0106 1206     		lsl	r2, r2, #24
 266 0108 1F4B     		ldr	r3, .L11+8
 267 010a 1A60     		str	r2, [r3]
 273:.\Generated_Source\PSoC4/cyfitter_cfg.c **** 		CY_SET_XTND_REG32((void CYFAR *)(CYREG_HSIOM_PORT_SEL1), 0x00990000u);
 268              		.loc 1 273 0
 269 010c 9923     		mov	r3, #153
ARM GAS  C:\Users\sst5281\AppData\Local\Temp\ccJZH8lQ.s 			page 11


 270 010e 1B04     		lsl	r3, r3, #16
 271 0110 1E4A     		ldr	r2, .L11+12
 272 0112 1360     		str	r3, [r2]
 274:.\Generated_Source\PSoC4/cyfitter_cfg.c **** 
 275:.\Generated_Source\PSoC4/cyfitter_cfg.c **** 		/* UDB_PA_0 Starting address: CYDEV_UDB_PA0_BASE */
 276:.\Generated_Source\PSoC4/cyfitter_cfg.c **** 		CY_SET_XTND_REG32((void CYFAR *)(CYDEV_UDB_PA0_BASE), 0x00990000u);
 273              		.loc 1 276 0
 274 0114 1E4A     		ldr	r2, .L11+16
 275 0116 1360     		str	r3, [r2]
 277:.\Generated_Source\PSoC4/cyfitter_cfg.c **** 
 278:.\Generated_Source\PSoC4/cyfitter_cfg.c **** 		/* UDB_PA_1 Starting address: CYDEV_UDB_PA1_BASE */
 279:.\Generated_Source\PSoC4/cyfitter_cfg.c **** 		CY_SET_XTND_REG32((void CYFAR *)(CYDEV_UDB_PA1_BASE), 0x00990000u);
 276              		.loc 1 279 0
 277 0118 1E4A     		ldr	r2, .L11+20
 278 011a 1360     		str	r3, [r2]
 280:.\Generated_Source\PSoC4/cyfitter_cfg.c **** 
 281:.\Generated_Source\PSoC4/cyfitter_cfg.c **** 		/* UDB_PA_2 Starting address: CYDEV_UDB_PA2_BASE */
 282:.\Generated_Source\PSoC4/cyfitter_cfg.c **** 		CY_SET_XTND_REG32((void CYFAR *)(CYDEV_UDB_PA2_BASE), 0x00990000u);
 279              		.loc 1 282 0
 280 011c 1E4A     		ldr	r2, .L11+24
 281 011e 1360     		str	r3, [r2]
 283:.\Generated_Source\PSoC4/cyfitter_cfg.c **** 
 284:.\Generated_Source\PSoC4/cyfitter_cfg.c **** 		/* UDB_PA_3 Starting address: CYDEV_UDB_PA3_BASE */
 285:.\Generated_Source\PSoC4/cyfitter_cfg.c **** 		CY_SET_XTND_REG32((void CYFAR *)(CYDEV_UDB_PA3_BASE), 0x00990000u);
 282              		.loc 1 285 0
 283 0120 1E4A     		ldr	r2, .L11+28
 284 0122 1360     		str	r3, [r2]
 286:.\Generated_Source\PSoC4/cyfitter_cfg.c **** 
 287:.\Generated_Source\PSoC4/cyfitter_cfg.c **** 		/* Enable digital routing */
 288:.\Generated_Source\PSoC4/cyfitter_cfg.c **** 		CY_SET_XTND_REG8((void *)CYREG_UDB_UDBIF_BANK_CTL, CY_GET_XTND_REG8((void *)CYREG_UDB_UDBIF_BANK_
 285              		.loc 1 288 0
 286 0124 1E4B     		ldr	r3, .L11+32
 287 0126 1978     		ldrb	r1, [r3]
 288 0128 0222     		mov	r2, #2
 289 012a 0A43     		orr	r2, r1
 290 012c 1A70     		strb	r2, [r3]
 289:.\Generated_Source\PSoC4/cyfitter_cfg.c **** 
 290:.\Generated_Source\PSoC4/cyfitter_cfg.c **** 		/* Enable UDB array */
 291:.\Generated_Source\PSoC4/cyfitter_cfg.c **** 		CY_SET_XTND_REG8((void *)CYREG_UDB_UDBIF_WAIT_CFG, (uint8)((CY_GET_XTND_REG8((void *)CYREG_UDB_UD
 291              		.loc 1 291 0
 292 012e 1D48     		ldr	r0, .L11+36
 293 0130 0278     		ldrb	r2, [r0]
 294 0132 3C21     		mov	r1, #60
 295 0134 8A43     		bic	r2, r1
 296 0136 2839     		sub	r1, r1, #40
 297 0138 0A43     		orr	r2, r1
 298 013a 0270     		strb	r2, [r0]
 292:.\Generated_Source\PSoC4/cyfitter_cfg.c **** 		CY_SET_XTND_REG8((void *)CYREG_UDB_UDBIF_BANK_CTL, (uint8)(CY_GET_XTND_REG8((void *)CYREG_UDB_UDB
 299              		.loc 1 292 0
 300 013c 1978     		ldrb	r1, [r3]
 301 013e 1622     		mov	r2, #22
 302 0140 0A43     		orr	r2, r1
 303 0142 1A70     		strb	r2, [r3]
 304              	.LBE2:
 293:.\Generated_Source\PSoC4/cyfitter_cfg.c **** 	}
 294:.\Generated_Source\PSoC4/cyfitter_cfg.c **** 
 295:.\Generated_Source\PSoC4/cyfitter_cfg.c **** 	/* Perform second pass device configuration. These items must be configured in specific order afte
ARM GAS  C:\Users\sst5281\AppData\Local\Temp\ccJZH8lQ.s 			page 12


 296:.\Generated_Source\PSoC4/cyfitter_cfg.c **** 	/* IOPINS0_0 Starting address: CYDEV_GPIO_PRT0_BASE */
 297:.\Generated_Source\PSoC4/cyfitter_cfg.c **** 	CY_SET_XTND_REG32((void CYFAR *)(CYREG_GPIO_PRT0_PC), 0x00D80000u);
 305              		.loc 1 297 0
 306 0144 D823     		mov	r3, #216
 307 0146 1B04     		lsl	r3, r3, #16
 308 0148 174A     		ldr	r2, .L11+40
 309 014a 1360     		str	r3, [r2]
 298:.\Generated_Source\PSoC4/cyfitter_cfg.c **** 
 299:.\Generated_Source\PSoC4/cyfitter_cfg.c **** 	/* IOPINS0_1 Starting address: CYDEV_GPIO_PRT1_BASE */
 300:.\Generated_Source\PSoC4/cyfitter_cfg.c **** 	CY_SET_XTND_REG32((void CYFAR *)(CYDEV_GPIO_PRT1_BASE), 0x00000020u);
 310              		.loc 1 300 0
 311 014c 2022     		mov	r2, #32
 312 014e 1749     		ldr	r1, .L11+44
 313 0150 0A60     		str	r2, [r1]
 301:.\Generated_Source\PSoC4/cyfitter_cfg.c **** 	CY_SET_XTND_REG32((void CYFAR *)(CYREG_GPIO_PRT1_PC), 0x00031000u);
 314              		.loc 1 301 0
 315 0152 C420     		mov	r0, #196
 316 0154 8002     		lsl	r0, r0, #10
 317 0156 1649     		ldr	r1, .L11+48
 318 0158 0860     		str	r0, [r1]
 302:.\Generated_Source\PSoC4/cyfitter_cfg.c **** 	CY_SET_XTND_REG32((void CYFAR *)(CYREG_GPIO_PRT1_PC2), 0x00000020u);
 319              		.loc 1 302 0
 320 015a 1649     		ldr	r1, .L11+52
 321 015c 0A60     		str	r2, [r1]
 303:.\Generated_Source\PSoC4/cyfitter_cfg.c **** 
 304:.\Generated_Source\PSoC4/cyfitter_cfg.c **** 	/* IOPINS0_2 Starting address: CYDEV_GPIO_PRT2_BASE */
 305:.\Generated_Source\PSoC4/cyfitter_cfg.c **** 	CY_SET_XTND_REG32((void CYFAR *)(CYDEV_GPIO_PRT2_BASE), 0x00000040u);
 322              		.loc 1 305 0
 323 015e 4021     		mov	r1, #64
 324 0160 154A     		ldr	r2, .L11+56
 325 0162 1160     		str	r1, [r2]
 306:.\Generated_Source\PSoC4/cyfitter_cfg.c **** 	CY_SET_XTND_REG32((void CYFAR *)(CYREG_GPIO_PRT2_PC), 0x00180000u);
 326              		.loc 1 306 0
 327 0164 C021     		mov	r1, #192
 328 0166 4903     		lsl	r1, r1, #13
 329 0168 144A     		ldr	r2, .L11+60
 330 016a 1160     		str	r1, [r2]
 307:.\Generated_Source\PSoC4/cyfitter_cfg.c **** 
 308:.\Generated_Source\PSoC4/cyfitter_cfg.c **** 	/* IOPINS0_3 Starting address: CYDEV_GPIO_PRT3_BASE */
 309:.\Generated_Source\PSoC4/cyfitter_cfg.c **** 	CY_SET_XTND_REG32((void CYFAR *)(CYDEV_GPIO_PRT3_BASE), 0x000000C0u);
 331              		.loc 1 309 0
 332 016c C021     		mov	r1, #192
 333 016e 144A     		ldr	r2, .L11+64
 334 0170 1160     		str	r1, [r2]
 310:.\Generated_Source\PSoC4/cyfitter_cfg.c **** 	CY_SET_XTND_REG32((void CYFAR *)(CYREG_GPIO_PRT3_PC), 0x00D80000u);
 335              		.loc 1 310 0
 336 0172 144A     		ldr	r2, .L11+68
 337 0174 1360     		str	r3, [r2]
 311:.\Generated_Source\PSoC4/cyfitter_cfg.c **** 
 312:.\Generated_Source\PSoC4/cyfitter_cfg.c **** 
 313:.\Generated_Source\PSoC4/cyfitter_cfg.c **** 	/* Setup clocks based on selections from Clock DWR */
 314:.\Generated_Source\PSoC4/cyfitter_cfg.c **** 	ClockSetup();
 338              		.loc 1 314 0
 339 0176 FFF743FF 		bl	ClockSetup
 340              	.LVL16:
 315:.\Generated_Source\PSoC4/cyfitter_cfg.c **** 
 316:.\Generated_Source\PSoC4/cyfitter_cfg.c **** 	/* Perform basic analog initialization to defaults */
ARM GAS  C:\Users\sst5281\AppData\Local\Temp\ccJZH8lQ.s 			page 13


 317:.\Generated_Source\PSoC4/cyfitter_cfg.c **** 	AnalogSetDefault();
 341              		.loc 1 317 0
 342 017a FFF7FEFF 		bl	AnalogSetDefault
 343              	.LVL17:
 318:.\Generated_Source\PSoC4/cyfitter_cfg.c **** 
 319:.\Generated_Source\PSoC4/cyfitter_cfg.c **** }
 344              		.loc 1 319 0
 345              		@ sp needed
 346              	.LVL18:
 347 017e 10BD     		pop	{r4, pc}
 348              	.L12:
 349              		.align	2
 350              	.L11:
 351 0180 6CF02E40 		.word	1076818028
 352 0184 00000000 		.word	.LANCHOR0
 353 0188 00000240 		.word	1073872896
 354 018c 00010240 		.word	1073873152
 355 0190 00500F40 		.word	1074745344
 356 0194 10500F40 		.word	1074745360
 357 0198 20500F40 		.word	1074745376
 358 019c 30500F40 		.word	1074745392
 359 01a0 00700F40 		.word	1074753536
 360 01a4 01700F40 		.word	1074753537
 361 01a8 08000440 		.word	1074003976
 362 01ac 00010440 		.word	1074004224
 363 01b0 08010440 		.word	1074004232
 364 01b4 18010440 		.word	1074004248
 365 01b8 00020440 		.word	1074004480
 366 01bc 08020440 		.word	1074004488
 367 01c0 00030440 		.word	1074004736
 368 01c4 08030440 		.word	1074004744
 369              		.cfi_endproc
 370              	.LFE7:
 371              		.size	cyfitter_cfg, .-cyfitter_cfg
 372              		.section	.rodata
 373              		.align	2
 374              		.set	.LANCHOR0,. + 0
 375              		.type	cfg_memset_list.4758, %object
 376              		.size	cfg_memset_list.4758, 12
 377              	cfg_memset_list.4758:
 378 0000 00300F40 		.word	1074737152
 379 0004 0004     		.short	1024
 380 0006 00400F40 		.4byte	1074741248
 381 000a 0004     		.short	1024
 382              		.text
 383              	.Letext0:
 384              		.file 2 "c:\\program files (x86)\\cypress\\psoc creator\\3.3\\psoc creator\\import\\gnu\\arm\\4.9.
 385              		.file 3 ".\\Generated_Source\\PSoC4\\cytypes.h"
 386              		.file 4 ".\\Generated_Source\\PSoC4\\CyLib.h"
 387              		.file 5 ".\\Generated_Source\\PSoC4\\CyLFClk.h"
 388              		.section	.debug_info,"",%progbits
 389              	.Ldebug_info0:
 390 0000 68030000 		.4byte	0x368
 391 0004 0400     		.2byte	0x4
 392 0006 00000000 		.4byte	.Ldebug_abbrev0
 393 000a 04       		.byte	0x4
 394 000b 01       		.uleb128 0x1
ARM GAS  C:\Users\sst5281\AppData\Local\Temp\ccJZH8lQ.s 			page 14


 395 000c 22020000 		.4byte	.LASF34
 396 0010 01       		.byte	0x1
 397 0011 C3010000 		.4byte	.LASF35
 398 0015 03010000 		.4byte	.LASF36
 399 0019 00000000 		.4byte	.Ldebug_ranges0+0
 400 001d 00000000 		.4byte	0
 401 0021 00000000 		.4byte	.Ldebug_line0
 402 0025 02       		.uleb128 0x2
 403 0026 04       		.byte	0x4
 404 0027 05       		.byte	0x5
 405 0028 696E7400 		.ascii	"int\000"
 406 002c 03       		.uleb128 0x3
 407 002d 14000000 		.4byte	.LASF11
 408 0031 02       		.byte	0x2
 409 0032 D4       		.byte	0xd4
 410 0033 37000000 		.4byte	0x37
 411 0037 04       		.uleb128 0x4
 412 0038 04       		.byte	0x4
 413 0039 07       		.byte	0x7
 414 003a 70010000 		.4byte	.LASF0
 415 003e 04       		.uleb128 0x4
 416 003f 01       		.byte	0x1
 417 0040 06       		.byte	0x6
 418 0041 D8020000 		.4byte	.LASF1
 419 0045 04       		.uleb128 0x4
 420 0046 01       		.byte	0x1
 421 0047 08       		.byte	0x8
 422 0048 C4000000 		.4byte	.LASF2
 423 004c 04       		.uleb128 0x4
 424 004d 02       		.byte	0x2
 425 004e 05       		.byte	0x5
 426 004f B0020000 		.4byte	.LASF3
 427 0053 04       		.uleb128 0x4
 428 0054 02       		.byte	0x2
 429 0055 07       		.byte	0x7
 430 0056 56000000 		.4byte	.LASF4
 431 005a 04       		.uleb128 0x4
 432 005b 04       		.byte	0x4
 433 005c 05       		.byte	0x5
 434 005d CF020000 		.4byte	.LASF5
 435 0061 04       		.uleb128 0x4
 436 0062 04       		.byte	0x4
 437 0063 07       		.byte	0x7
 438 0064 91000000 		.4byte	.LASF6
 439 0068 04       		.uleb128 0x4
 440 0069 08       		.byte	0x8
 441 006a 05       		.byte	0x5
 442 006b F4010000 		.4byte	.LASF7
 443 006f 04       		.uleb128 0x4
 444 0070 08       		.byte	0x8
 445 0071 07       		.byte	0x7
 446 0072 92010000 		.4byte	.LASF8
 447 0076 04       		.uleb128 0x4
 448 0077 04       		.byte	0x4
 449 0078 07       		.byte	0x7
 450 0079 EB010000 		.4byte	.LASF9
 451 007d 05       		.uleb128 0x5
ARM GAS  C:\Users\sst5281\AppData\Local\Temp\ccJZH8lQ.s 			page 15


 452 007e 04       		.byte	0x4
 453 007f 06       		.uleb128 0x6
 454 0080 04       		.byte	0x4
 455 0081 85000000 		.4byte	0x85
 456 0085 07       		.uleb128 0x7
 457 0086 04       		.uleb128 0x4
 458 0087 01       		.byte	0x1
 459 0088 08       		.byte	0x8
 460 0089 0C020000 		.4byte	.LASF10
 461 008d 08       		.uleb128 0x8
 462 008e A3000000 		.4byte	.LASF12
 463 0092 03       		.byte	0x3
 464 0093 9801     		.2byte	0x198
 465 0095 45000000 		.4byte	0x45
 466 0099 08       		.uleb128 0x8
 467 009a EC000000 		.4byte	.LASF13
 468 009e 03       		.byte	0x3
 469 009f 9901     		.2byte	0x199
 470 00a1 53000000 		.4byte	0x53
 471 00a5 08       		.uleb128 0x8
 472 00a6 FC000000 		.4byte	.LASF14
 473 00aa 03       		.byte	0x3
 474 00ab 9A01     		.2byte	0x19a
 475 00ad 61000000 		.4byte	0x61
 476 00b1 04       		.uleb128 0x4
 477 00b2 04       		.byte	0x4
 478 00b3 04       		.byte	0x4
 479 00b4 69000000 		.4byte	.LASF15
 480 00b8 04       		.uleb128 0x4
 481 00b9 08       		.byte	0x8
 482 00ba 04       		.byte	0x4
 483 00bb D9000000 		.4byte	.LASF16
 484 00bf 08       		.uleb128 0x8
 485 00c0 F3000000 		.4byte	.LASF17
 486 00c4 03       		.byte	0x3
 487 00c5 3A02     		.2byte	0x23a
 488 00c7 61000000 		.4byte	0x61
 489 00cb 08       		.uleb128 0x8
 490 00cc 8C000000 		.4byte	.LASF18
 491 00d0 03       		.byte	0x3
 492 00d1 4202     		.2byte	0x242
 493 00d3 D7000000 		.4byte	0xd7
 494 00d7 09       		.uleb128 0x9
 495 00d8 8D000000 		.4byte	0x8d
 496 00dc 08       		.uleb128 0x8
 497 00dd 0E000000 		.4byte	.LASF19
 498 00e1 03       		.byte	0x3
 499 00e2 4402     		.2byte	0x244
 500 00e4 E8000000 		.4byte	0xe8
 501 00e8 09       		.uleb128 0x9
 502 00e9 A5000000 		.4byte	0xa5
 503 00ed 08       		.uleb128 0x8
 504 00ee A9010000 		.4byte	.LASF20
 505 00f2 03       		.byte	0x3
 506 00f3 5402     		.2byte	0x254
 507 00f5 7F000000 		.4byte	0x7f
 508 00f9 0A       		.uleb128 0xa
ARM GAS  C:\Users\sst5281\AppData\Local\Temp\ccJZH8lQ.s 			page 16


 509 00fa 1B000000 		.4byte	.LASF37
 510 00fe 01       		.byte	0x1
 511 00ff D7       		.byte	0xd7
 512 0100 00000000 		.4byte	.LFB6
 513 0104 20000000 		.4byte	.LFE6-.LFB6
 514 0108 01       		.uleb128 0x1
 515 0109 9C       		.byte	0x9c
 516 010a 0B       		.uleb128 0xb
 517 010b BA000000 		.4byte	.LASF21
 518 010f 01       		.byte	0x1
 519 0110 3D       		.byte	0x3d
 520 0111 00000000 		.4byte	.LFB2
 521 0115 0C000000 		.4byte	.LFE2-.LFB2
 522 0119 01       		.uleb128 0x1
 523 011a 9C       		.byte	0x9c
 524 011b 57010000 		.4byte	0x157
 525 011f 0C       		.uleb128 0xc
 526 0120 7300     		.ascii	"s\000"
 527 0122 01       		.byte	0x1
 528 0123 3D       		.byte	0x3d
 529 0124 7D000000 		.4byte	0x7d
 530 0128 00000000 		.4byte	.LLST0
 531 012c 0C       		.uleb128 0xc
 532 012d 6E00     		.ascii	"n\000"
 533 012f 01       		.byte	0x1
 534 0130 3D       		.byte	0x3d
 535 0131 2C000000 		.4byte	0x2c
 536 0135 21000000 		.4byte	.LLST1
 537 0139 0D       		.uleb128 0xd
 538 013a 0A000000 		.4byte	.LVL2
 539 013e C3020000 		.4byte	0x2c3
 540 0142 0E       		.uleb128 0xe
 541 0143 01       		.uleb128 0x1
 542 0144 52       		.byte	0x52
 543 0145 03       		.uleb128 0x3
 544 0146 F3       		.byte	0xf3
 545 0147 01       		.uleb128 0x1
 546 0148 51       		.byte	0x51
 547 0149 0E       		.uleb128 0xe
 548 014a 01       		.uleb128 0x1
 549 014b 51       		.byte	0x51
 550 014c 01       		.uleb128 0x1
 551 014d 30       		.byte	0x30
 552 014e 0E       		.uleb128 0xe
 553 014f 01       		.uleb128 0x1
 554 0150 50       		.byte	0x50
 555 0151 03       		.uleb128 0x3
 556 0152 F3       		.byte	0xf3
 557 0153 01       		.uleb128 0x1
 558 0154 50       		.byte	0x50
 559 0155 00       		.byte	0
 560 0156 00       		.byte	0
 561 0157 0B       		.uleb128 0xb
 562 0158 4B000000 		.4byte	.LASF22
 563 015c 01       		.byte	0x1
 564 015d 92       		.byte	0x92
 565 015e 00000000 		.4byte	.LFB5
ARM GAS  C:\Users\sst5281\AppData\Local\Temp\ccJZH8lQ.s 			page 17


 566 0162 D0000000 		.4byte	.LFE5-.LFB5
 567 0166 01       		.uleb128 0x1
 568 0167 9C       		.byte	0x9c
 569 0168 FF010000 		.4byte	0x1ff
 570 016c 0F       		.uleb128 0xf
 571 016d 0C000000 		.4byte	.LVL3
 572 0171 E0020000 		.4byte	0x2e0
 573 0175 10       		.uleb128 0x10
 574 0176 12000000 		.4byte	.LVL4
 575 017a E7020000 		.4byte	0x2e7
 576 017e 8C010000 		.4byte	0x18c
 577 0182 0E       		.uleb128 0xe
 578 0183 01       		.uleb128 0x1
 579 0184 50       		.byte	0x50
 580 0185 05       		.uleb128 0x5
 581 0186 0C       		.byte	0xc
 582 0187 001BB700 		.4byte	0xb71b00
 583 018b 00       		.byte	0
 584 018c 10       		.uleb128 0x10
 585 018d 18000000 		.4byte	.LVL5
 586 0191 F8020000 		.4byte	0x2f8
 587 0195 9F010000 		.4byte	0x19f
 588 0199 0E       		.uleb128 0xe
 589 019a 01       		.uleb128 0x1
 590 019b 50       		.byte	0x50
 591 019c 01       		.uleb128 0x1
 592 019d 31       		.byte	0x31
 593 019e 00       		.byte	0
 594 019f 10       		.uleb128 0x10
 595 01a0 1E000000 		.4byte	.LVL6
 596 01a4 0D030000 		.4byte	0x30d
 597 01a8 B2010000 		.4byte	0x1b2
 598 01ac 0E       		.uleb128 0xe
 599 01ad 01       		.uleb128 0x1
 600 01ae 50       		.byte	0x50
 601 01af 01       		.uleb128 0x1
 602 01b0 3C       		.byte	0x3c
 603 01b1 00       		.byte	0
 604 01b2 10       		.uleb128 0x10
 605 01b3 4E000000 		.4byte	.LVL7
 606 01b7 1E030000 		.4byte	0x31e
 607 01bb C7010000 		.4byte	0x1c7
 608 01bf 0E       		.uleb128 0xe
 609 01c0 01       		.uleb128 0x1
 610 01c1 50       		.byte	0x50
 611 01c2 03       		.uleb128 0x3
 612 01c3 0A       		.byte	0xa
 613 01c4 D007     		.2byte	0x7d0
 614 01c6 00       		.byte	0
 615 01c7 10       		.uleb128 0x10
 616 01c8 54000000 		.4byte	.LVL8
 617 01cc 33030000 		.4byte	0x333
 618 01d0 DC010000 		.4byte	0x1dc
 619 01d4 0E       		.uleb128 0xe
 620 01d5 01       		.uleb128 0x1
 621 01d6 50       		.byte	0x50
 622 01d7 03       		.uleb128 0x3
ARM GAS  C:\Users\sst5281\AppData\Local\Temp\ccJZH8lQ.s 			page 18


 623 01d8 0A       		.byte	0xa
 624 01d9 DC05     		.2byte	0x5dc
 625 01db 00       		.byte	0
 626 01dc 10       		.uleb128 0x10
 627 01dd 7E000000 		.4byte	.LVL9
 628 01e1 44030000 		.4byte	0x344
 629 01e5 EF010000 		.4byte	0x1ef
 630 01e9 0E       		.uleb128 0xe
 631 01ea 01       		.uleb128 0x1
 632 01eb 50       		.byte	0x50
 633 01ec 01       		.uleb128 0x1
 634 01ed 38       		.byte	0x38
 635 01ee 00       		.byte	0
 636 01ef 0D       		.uleb128 0xd
 637 01f0 84000000 		.4byte	.LVL10
 638 01f4 5E030000 		.4byte	0x35e
 639 01f8 0E       		.uleb128 0xe
 640 01f9 01       		.uleb128 0x1
 641 01fa 50       		.byte	0x50
 642 01fb 01       		.uleb128 0x1
 643 01fc 38       		.byte	0x38
 644 01fd 00       		.byte	0
 645 01fe 00       		.byte	0
 646 01ff 11       		.uleb128 0x11
 647 0200 7D010000 		.4byte	.LASF38
 648 0204 01       		.byte	0x1
 649 0205 F2       		.byte	0xf2
 650 0206 D0000000 		.4byte	.LFB7
 651 020a F8000000 		.4byte	.LFE7-.LFB7
 652 020e 01       		.uleb128 0x1
 653 020f 9C       		.byte	0x9c
 654 0210 C3020000 		.4byte	0x2c3
 655 0214 12       		.uleb128 0x12
 656 0215 DA000000 		.4byte	.LBB2
 657 0219 6A000000 		.4byte	.LBE2-.LBB2
 658 021d B0020000 		.4byte	0x2b0
 659 0221 13       		.uleb128 0x13
 660 0222 06       		.byte	0x6
 661 0223 01       		.byte	0x1
 662 0224 FB       		.byte	0xfb
 663 0225 42020000 		.4byte	0x242
 664 0229 14       		.uleb128 0x14
 665 022a 8A010000 		.4byte	.LASF23
 666 022e 01       		.byte	0x1
 667 022f FC       		.byte	0xfc
 668 0230 7D000000 		.4byte	0x7d
 669 0234 00       		.byte	0
 670 0235 14       		.uleb128 0x14
 671 0236 6F000000 		.4byte	.LASF24
 672 023a 01       		.byte	0x1
 673 023b FD       		.byte	0xfd
 674 023c 99000000 		.4byte	0x99
 675 0240 04       		.byte	0x4
 676 0241 00       		.byte	0
 677 0242 03       		.uleb128 0x3
 678 0243 B6010000 		.4byte	.LASF25
 679 0247 01       		.byte	0x1
ARM GAS  C:\Users\sst5281\AppData\Local\Temp\ccJZH8lQ.s 			page 19


 680 0248 FE       		.byte	0xfe
 681 0249 21020000 		.4byte	0x221
 682 024d 15       		.uleb128 0x15
 683 024e 42020000 		.4byte	0x242
 684 0252 5D020000 		.4byte	0x25d
 685 0256 16       		.uleb128 0x16
 686 0257 76000000 		.4byte	0x76
 687 025b 01       		.byte	0x1
 688 025c 00       		.byte	0
 689 025d 17       		.uleb128 0x17
 690 025e 3B000000 		.4byte	.LASF26
 691 0262 01       		.byte	0x1
 692 0263 0001     		.2byte	0x100
 693 0265 6F020000 		.4byte	0x26f
 694 0269 05       		.uleb128 0x5
 695 026a 03       		.byte	0x3
 696 026b 00000000 		.4byte	cfg_memset_list.4758
 697 026f 18       		.uleb128 0x18
 698 0270 4D020000 		.4byte	0x24d
 699 0274 19       		.uleb128 0x19
 700 0275 6900     		.ascii	"i\000"
 701 0277 01       		.byte	0x1
 702 0278 0601     		.2byte	0x106
 703 027a 8D000000 		.4byte	0x8d
 704 027e 4D000000 		.4byte	.LLST2
 705 0282 1A       		.uleb128 0x1a
 706 0283 DE000000 		.4byte	.LBB3
 707 0287 1E000000 		.4byte	.LBE3-.LBB3
 708 028b 19       		.uleb128 0x19
 709 028c 6D7300   		.ascii	"ms\000"
 710 028f 01       		.byte	0x1
 711 0290 0B01     		.2byte	0x10b
 712 0292 9A020000 		.4byte	0x29a
 713 0296 77000000 		.4byte	.LLST3
 714 029a 06       		.uleb128 0x6
 715 029b 04       		.byte	0x4
 716 029c A0020000 		.4byte	0x2a0
 717 02a0 18       		.uleb128 0x18
 718 02a1 42020000 		.4byte	0x242
 719 02a5 0F       		.uleb128 0xf
 720 02a6 FC000000 		.4byte	.LVL13
 721 02aa 0A010000 		.4byte	0x10a
 722 02ae 00       		.byte	0
 723 02af 00       		.byte	0
 724 02b0 0F       		.uleb128 0xf
 725 02b1 7A010000 		.4byte	.LVL16
 726 02b5 57010000 		.4byte	0x157
 727 02b9 0F       		.uleb128 0xf
 728 02ba 7E010000 		.4byte	.LVL17
 729 02be F9000000 		.4byte	0xf9
 730 02c2 00       		.byte	0
 731 02c3 1B       		.uleb128 0x1b
 732 02c4 D2000000 		.4byte	.LASF27
 733 02c8 7D000000 		.4byte	0x7d
 734 02cc E0020000 		.4byte	0x2e0
 735 02d0 1C       		.uleb128 0x1c
 736 02d1 7D000000 		.4byte	0x7d
ARM GAS  C:\Users\sst5281\AppData\Local\Temp\ccJZH8lQ.s 			page 20


 737 02d5 1C       		.uleb128 0x1c
 738 02d6 25000000 		.4byte	0x25
 739 02da 1C       		.uleb128 0x1c
 740 02db 76000000 		.4byte	0x76
 741 02df 00       		.byte	0
 742 02e0 1D       		.uleb128 0x1d
 743 02e1 A9000000 		.4byte	.LASF39
 744 02e5 05       		.byte	0x5
 745 02e6 4F       		.byte	0x4f
 746 02e7 1E       		.uleb128 0x1e
 747 02e8 00000000 		.4byte	.LASF28
 748 02ec 04       		.byte	0x4
 749 02ed DA       		.byte	0xda
 750 02ee F8020000 		.4byte	0x2f8
 751 02f2 1C       		.uleb128 0x1c
 752 02f3 A5000000 		.4byte	0xa5
 753 02f7 00       		.byte	0
 754 02f8 1F       		.uleb128 0x1f
 755 02f9 74000000 		.4byte	.LASF30
 756 02fd 05       		.byte	0x5
 757 02fe 51       		.byte	0x51
 758 02ff A5000000 		.4byte	0xa5
 759 0303 0D030000 		.4byte	0x30d
 760 0307 1C       		.uleb128 0x1c
 761 0308 A5000000 		.4byte	0xa5
 762 030c 00       		.byte	0
 763 030d 1E       		.uleb128 0x1e
 764 030e BA020000 		.4byte	.LASF29
 765 0312 04       		.byte	0x4
 766 0313 6C       		.byte	0x6c
 767 0314 1E030000 		.4byte	0x31e
 768 0318 1C       		.uleb128 0x1c
 769 0319 A5000000 		.4byte	0xa5
 770 031d 00       		.byte	0
 771 031e 1F       		.uleb128 0x1f
 772 031f 11020000 		.4byte	.LASF31
 773 0323 04       		.byte	0x4
 774 0324 82       		.byte	0x82
 775 0325 BF000000 		.4byte	0xbf
 776 0329 33030000 		.4byte	0x333
 777 032d 1C       		.uleb128 0x1c
 778 032e A5000000 		.4byte	0xa5
 779 0332 00       		.byte	0
 780 0333 1E       		.uleb128 0x1e
 781 0334 02020000 		.4byte	.LASF32
 782 0338 04       		.byte	0x4
 783 0339 D8       		.byte	0xd8
 784 033a 44030000 		.4byte	0x344
 785 033e 1C       		.uleb128 0x1c
 786 033f 99000000 		.4byte	0x99
 787 0343 00       		.byte	0
 788 0344 1F       		.uleb128 0x1f
 789 0345 2C000000 		.4byte	.LASF33
 790 0349 04       		.byte	0x4
 791 034a BB       		.byte	0xbb
 792 034b ED000000 		.4byte	0xed
 793 034f 5E030000 		.4byte	0x35e
ARM GAS  C:\Users\sst5281\AppData\Local\Temp\ccJZH8lQ.s 			page 21


 794 0353 1C       		.uleb128 0x1c
 795 0354 8D000000 		.4byte	0x8d
 796 0358 1C       		.uleb128 0x1c
 797 0359 ED000000 		.4byte	0xed
 798 035d 00       		.byte	0
 799 035e 20       		.uleb128 0x20
 800 035f E0000000 		.4byte	.LASF40
 801 0363 04       		.byte	0x4
 802 0364 C1       		.byte	0xc1
 803 0365 1C       		.uleb128 0x1c
 804 0366 8D000000 		.4byte	0x8d
 805 036a 00       		.byte	0
 806 036b 00       		.byte	0
 807              		.section	.debug_abbrev,"",%progbits
 808              	.Ldebug_abbrev0:
 809 0000 01       		.uleb128 0x1
 810 0001 11       		.uleb128 0x11
 811 0002 01       		.byte	0x1
 812 0003 25       		.uleb128 0x25
 813 0004 0E       		.uleb128 0xe
 814 0005 13       		.uleb128 0x13
 815 0006 0B       		.uleb128 0xb
 816 0007 03       		.uleb128 0x3
 817 0008 0E       		.uleb128 0xe
 818 0009 1B       		.uleb128 0x1b
 819 000a 0E       		.uleb128 0xe
 820 000b 55       		.uleb128 0x55
 821 000c 17       		.uleb128 0x17
 822 000d 11       		.uleb128 0x11
 823 000e 01       		.uleb128 0x1
 824 000f 10       		.uleb128 0x10
 825 0010 17       		.uleb128 0x17
 826 0011 00       		.byte	0
 827 0012 00       		.byte	0
 828 0013 02       		.uleb128 0x2
 829 0014 24       		.uleb128 0x24
 830 0015 00       		.byte	0
 831 0016 0B       		.uleb128 0xb
 832 0017 0B       		.uleb128 0xb
 833 0018 3E       		.uleb128 0x3e
 834 0019 0B       		.uleb128 0xb
 835 001a 03       		.uleb128 0x3
 836 001b 08       		.uleb128 0x8
 837 001c 00       		.byte	0
 838 001d 00       		.byte	0
 839 001e 03       		.uleb128 0x3
 840 001f 16       		.uleb128 0x16
 841 0020 00       		.byte	0
 842 0021 03       		.uleb128 0x3
 843 0022 0E       		.uleb128 0xe
 844 0023 3A       		.uleb128 0x3a
 845 0024 0B       		.uleb128 0xb
 846 0025 3B       		.uleb128 0x3b
 847 0026 0B       		.uleb128 0xb
 848 0027 49       		.uleb128 0x49
 849 0028 13       		.uleb128 0x13
 850 0029 00       		.byte	0
ARM GAS  C:\Users\sst5281\AppData\Local\Temp\ccJZH8lQ.s 			page 22


 851 002a 00       		.byte	0
 852 002b 04       		.uleb128 0x4
 853 002c 24       		.uleb128 0x24
 854 002d 00       		.byte	0
 855 002e 0B       		.uleb128 0xb
 856 002f 0B       		.uleb128 0xb
 857 0030 3E       		.uleb128 0x3e
 858 0031 0B       		.uleb128 0xb
 859 0032 03       		.uleb128 0x3
 860 0033 0E       		.uleb128 0xe
 861 0034 00       		.byte	0
 862 0035 00       		.byte	0
 863 0036 05       		.uleb128 0x5
 864 0037 0F       		.uleb128 0xf
 865 0038 00       		.byte	0
 866 0039 0B       		.uleb128 0xb
 867 003a 0B       		.uleb128 0xb
 868 003b 00       		.byte	0
 869 003c 00       		.byte	0
 870 003d 06       		.uleb128 0x6
 871 003e 0F       		.uleb128 0xf
 872 003f 00       		.byte	0
 873 0040 0B       		.uleb128 0xb
 874 0041 0B       		.uleb128 0xb
 875 0042 49       		.uleb128 0x49
 876 0043 13       		.uleb128 0x13
 877 0044 00       		.byte	0
 878 0045 00       		.byte	0
 879 0046 07       		.uleb128 0x7
 880 0047 15       		.uleb128 0x15
 881 0048 00       		.byte	0
 882 0049 27       		.uleb128 0x27
 883 004a 19       		.uleb128 0x19
 884 004b 00       		.byte	0
 885 004c 00       		.byte	0
 886 004d 08       		.uleb128 0x8
 887 004e 16       		.uleb128 0x16
 888 004f 00       		.byte	0
 889 0050 03       		.uleb128 0x3
 890 0051 0E       		.uleb128 0xe
 891 0052 3A       		.uleb128 0x3a
 892 0053 0B       		.uleb128 0xb
 893 0054 3B       		.uleb128 0x3b
 894 0055 05       		.uleb128 0x5
 895 0056 49       		.uleb128 0x49
 896 0057 13       		.uleb128 0x13
 897 0058 00       		.byte	0
 898 0059 00       		.byte	0
 899 005a 09       		.uleb128 0x9
 900 005b 35       		.uleb128 0x35
 901 005c 00       		.byte	0
 902 005d 49       		.uleb128 0x49
 903 005e 13       		.uleb128 0x13
 904 005f 00       		.byte	0
 905 0060 00       		.byte	0
 906 0061 0A       		.uleb128 0xa
 907 0062 2E       		.uleb128 0x2e
ARM GAS  C:\Users\sst5281\AppData\Local\Temp\ccJZH8lQ.s 			page 23


 908 0063 00       		.byte	0
 909 0064 03       		.uleb128 0x3
 910 0065 0E       		.uleb128 0xe
 911 0066 3A       		.uleb128 0x3a
 912 0067 0B       		.uleb128 0xb
 913 0068 3B       		.uleb128 0x3b
 914 0069 0B       		.uleb128 0xb
 915 006a 27       		.uleb128 0x27
 916 006b 19       		.uleb128 0x19
 917 006c 11       		.uleb128 0x11
 918 006d 01       		.uleb128 0x1
 919 006e 12       		.uleb128 0x12
 920 006f 06       		.uleb128 0x6
 921 0070 40       		.uleb128 0x40
 922 0071 18       		.uleb128 0x18
 923 0072 9742     		.uleb128 0x2117
 924 0074 19       		.uleb128 0x19
 925 0075 00       		.byte	0
 926 0076 00       		.byte	0
 927 0077 0B       		.uleb128 0xb
 928 0078 2E       		.uleb128 0x2e
 929 0079 01       		.byte	0x1
 930 007a 03       		.uleb128 0x3
 931 007b 0E       		.uleb128 0xe
 932 007c 3A       		.uleb128 0x3a
 933 007d 0B       		.uleb128 0xb
 934 007e 3B       		.uleb128 0x3b
 935 007f 0B       		.uleb128 0xb
 936 0080 27       		.uleb128 0x27
 937 0081 19       		.uleb128 0x19
 938 0082 11       		.uleb128 0x11
 939 0083 01       		.uleb128 0x1
 940 0084 12       		.uleb128 0x12
 941 0085 06       		.uleb128 0x6
 942 0086 40       		.uleb128 0x40
 943 0087 18       		.uleb128 0x18
 944 0088 9742     		.uleb128 0x2117
 945 008a 19       		.uleb128 0x19
 946 008b 01       		.uleb128 0x1
 947 008c 13       		.uleb128 0x13
 948 008d 00       		.byte	0
 949 008e 00       		.byte	0
 950 008f 0C       		.uleb128 0xc
 951 0090 05       		.uleb128 0x5
 952 0091 00       		.byte	0
 953 0092 03       		.uleb128 0x3
 954 0093 08       		.uleb128 0x8
 955 0094 3A       		.uleb128 0x3a
 956 0095 0B       		.uleb128 0xb
 957 0096 3B       		.uleb128 0x3b
 958 0097 0B       		.uleb128 0xb
 959 0098 49       		.uleb128 0x49
 960 0099 13       		.uleb128 0x13
 961 009a 02       		.uleb128 0x2
 962 009b 17       		.uleb128 0x17
 963 009c 00       		.byte	0
 964 009d 00       		.byte	0
ARM GAS  C:\Users\sst5281\AppData\Local\Temp\ccJZH8lQ.s 			page 24


 965 009e 0D       		.uleb128 0xd
 966 009f 898201   		.uleb128 0x4109
 967 00a2 01       		.byte	0x1
 968 00a3 11       		.uleb128 0x11
 969 00a4 01       		.uleb128 0x1
 970 00a5 31       		.uleb128 0x31
 971 00a6 13       		.uleb128 0x13
 972 00a7 00       		.byte	0
 973 00a8 00       		.byte	0
 974 00a9 0E       		.uleb128 0xe
 975 00aa 8A8201   		.uleb128 0x410a
 976 00ad 00       		.byte	0
 977 00ae 02       		.uleb128 0x2
 978 00af 18       		.uleb128 0x18
 979 00b0 9142     		.uleb128 0x2111
 980 00b2 18       		.uleb128 0x18
 981 00b3 00       		.byte	0
 982 00b4 00       		.byte	0
 983 00b5 0F       		.uleb128 0xf
 984 00b6 898201   		.uleb128 0x4109
 985 00b9 00       		.byte	0
 986 00ba 11       		.uleb128 0x11
 987 00bb 01       		.uleb128 0x1
 988 00bc 31       		.uleb128 0x31
 989 00bd 13       		.uleb128 0x13
 990 00be 00       		.byte	0
 991 00bf 00       		.byte	0
 992 00c0 10       		.uleb128 0x10
 993 00c1 898201   		.uleb128 0x4109
 994 00c4 01       		.byte	0x1
 995 00c5 11       		.uleb128 0x11
 996 00c6 01       		.uleb128 0x1
 997 00c7 31       		.uleb128 0x31
 998 00c8 13       		.uleb128 0x13
 999 00c9 01       		.uleb128 0x1
 1000 00ca 13       		.uleb128 0x13
 1001 00cb 00       		.byte	0
 1002 00cc 00       		.byte	0
 1003 00cd 11       		.uleb128 0x11
 1004 00ce 2E       		.uleb128 0x2e
 1005 00cf 01       		.byte	0x1
 1006 00d0 3F       		.uleb128 0x3f
 1007 00d1 19       		.uleb128 0x19
 1008 00d2 03       		.uleb128 0x3
 1009 00d3 0E       		.uleb128 0xe
 1010 00d4 3A       		.uleb128 0x3a
 1011 00d5 0B       		.uleb128 0xb
 1012 00d6 3B       		.uleb128 0x3b
 1013 00d7 0B       		.uleb128 0xb
 1014 00d8 27       		.uleb128 0x27
 1015 00d9 19       		.uleb128 0x19
 1016 00da 11       		.uleb128 0x11
 1017 00db 01       		.uleb128 0x1
 1018 00dc 12       		.uleb128 0x12
 1019 00dd 06       		.uleb128 0x6
 1020 00de 40       		.uleb128 0x40
 1021 00df 18       		.uleb128 0x18
ARM GAS  C:\Users\sst5281\AppData\Local\Temp\ccJZH8lQ.s 			page 25


 1022 00e0 9742     		.uleb128 0x2117
 1023 00e2 19       		.uleb128 0x19
 1024 00e3 01       		.uleb128 0x1
 1025 00e4 13       		.uleb128 0x13
 1026 00e5 00       		.byte	0
 1027 00e6 00       		.byte	0
 1028 00e7 12       		.uleb128 0x12
 1029 00e8 0B       		.uleb128 0xb
 1030 00e9 01       		.byte	0x1
 1031 00ea 11       		.uleb128 0x11
 1032 00eb 01       		.uleb128 0x1
 1033 00ec 12       		.uleb128 0x12
 1034 00ed 06       		.uleb128 0x6
 1035 00ee 01       		.uleb128 0x1
 1036 00ef 13       		.uleb128 0x13
 1037 00f0 00       		.byte	0
 1038 00f1 00       		.byte	0
 1039 00f2 13       		.uleb128 0x13
 1040 00f3 13       		.uleb128 0x13
 1041 00f4 01       		.byte	0x1
 1042 00f5 0B       		.uleb128 0xb
 1043 00f6 0B       		.uleb128 0xb
 1044 00f7 3A       		.uleb128 0x3a
 1045 00f8 0B       		.uleb128 0xb
 1046 00f9 3B       		.uleb128 0x3b
 1047 00fa 0B       		.uleb128 0xb
 1048 00fb 01       		.uleb128 0x1
 1049 00fc 13       		.uleb128 0x13
 1050 00fd 00       		.byte	0
 1051 00fe 00       		.byte	0
 1052 00ff 14       		.uleb128 0x14
 1053 0100 0D       		.uleb128 0xd
 1054 0101 00       		.byte	0
 1055 0102 03       		.uleb128 0x3
 1056 0103 0E       		.uleb128 0xe
 1057 0104 3A       		.uleb128 0x3a
 1058 0105 0B       		.uleb128 0xb
 1059 0106 3B       		.uleb128 0x3b
 1060 0107 0B       		.uleb128 0xb
 1061 0108 49       		.uleb128 0x49
 1062 0109 13       		.uleb128 0x13
 1063 010a 38       		.uleb128 0x38
 1064 010b 0B       		.uleb128 0xb
 1065 010c 00       		.byte	0
 1066 010d 00       		.byte	0
 1067 010e 15       		.uleb128 0x15
 1068 010f 01       		.uleb128 0x1
 1069 0110 01       		.byte	0x1
 1070 0111 49       		.uleb128 0x49
 1071 0112 13       		.uleb128 0x13
 1072 0113 01       		.uleb128 0x1
 1073 0114 13       		.uleb128 0x13
 1074 0115 00       		.byte	0
 1075 0116 00       		.byte	0
 1076 0117 16       		.uleb128 0x16
 1077 0118 21       		.uleb128 0x21
 1078 0119 00       		.byte	0
ARM GAS  C:\Users\sst5281\AppData\Local\Temp\ccJZH8lQ.s 			page 26


 1079 011a 49       		.uleb128 0x49
 1080 011b 13       		.uleb128 0x13
 1081 011c 2F       		.uleb128 0x2f
 1082 011d 0B       		.uleb128 0xb
 1083 011e 00       		.byte	0
 1084 011f 00       		.byte	0
 1085 0120 17       		.uleb128 0x17
 1086 0121 34       		.uleb128 0x34
 1087 0122 00       		.byte	0
 1088 0123 03       		.uleb128 0x3
 1089 0124 0E       		.uleb128 0xe
 1090 0125 3A       		.uleb128 0x3a
 1091 0126 0B       		.uleb128 0xb
 1092 0127 3B       		.uleb128 0x3b
 1093 0128 05       		.uleb128 0x5
 1094 0129 49       		.uleb128 0x49
 1095 012a 13       		.uleb128 0x13
 1096 012b 02       		.uleb128 0x2
 1097 012c 18       		.uleb128 0x18
 1098 012d 00       		.byte	0
 1099 012e 00       		.byte	0
 1100 012f 18       		.uleb128 0x18
 1101 0130 26       		.uleb128 0x26
 1102 0131 00       		.byte	0
 1103 0132 49       		.uleb128 0x49
 1104 0133 13       		.uleb128 0x13
 1105 0134 00       		.byte	0
 1106 0135 00       		.byte	0
 1107 0136 19       		.uleb128 0x19
 1108 0137 34       		.uleb128 0x34
 1109 0138 00       		.byte	0
 1110 0139 03       		.uleb128 0x3
 1111 013a 08       		.uleb128 0x8
 1112 013b 3A       		.uleb128 0x3a
 1113 013c 0B       		.uleb128 0xb
 1114 013d 3B       		.uleb128 0x3b
 1115 013e 05       		.uleb128 0x5
 1116 013f 49       		.uleb128 0x49
 1117 0140 13       		.uleb128 0x13
 1118 0141 02       		.uleb128 0x2
 1119 0142 17       		.uleb128 0x17
 1120 0143 00       		.byte	0
 1121 0144 00       		.byte	0
 1122 0145 1A       		.uleb128 0x1a
 1123 0146 0B       		.uleb128 0xb
 1124 0147 01       		.byte	0x1
 1125 0148 11       		.uleb128 0x11
 1126 0149 01       		.uleb128 0x1
 1127 014a 12       		.uleb128 0x12
 1128 014b 06       		.uleb128 0x6
 1129 014c 00       		.byte	0
 1130 014d 00       		.byte	0
 1131 014e 1B       		.uleb128 0x1b
 1132 014f 2E       		.uleb128 0x2e
 1133 0150 01       		.byte	0x1
 1134 0151 3F       		.uleb128 0x3f
 1135 0152 19       		.uleb128 0x19
ARM GAS  C:\Users\sst5281\AppData\Local\Temp\ccJZH8lQ.s 			page 27


 1136 0153 03       		.uleb128 0x3
 1137 0154 0E       		.uleb128 0xe
 1138 0155 27       		.uleb128 0x27
 1139 0156 19       		.uleb128 0x19
 1140 0157 49       		.uleb128 0x49
 1141 0158 13       		.uleb128 0x13
 1142 0159 34       		.uleb128 0x34
 1143 015a 19       		.uleb128 0x19
 1144 015b 3C       		.uleb128 0x3c
 1145 015c 19       		.uleb128 0x19
 1146 015d 01       		.uleb128 0x1
 1147 015e 13       		.uleb128 0x13
 1148 015f 00       		.byte	0
 1149 0160 00       		.byte	0
 1150 0161 1C       		.uleb128 0x1c
 1151 0162 05       		.uleb128 0x5
 1152 0163 00       		.byte	0
 1153 0164 49       		.uleb128 0x49
 1154 0165 13       		.uleb128 0x13
 1155 0166 00       		.byte	0
 1156 0167 00       		.byte	0
 1157 0168 1D       		.uleb128 0x1d
 1158 0169 2E       		.uleb128 0x2e
 1159 016a 00       		.byte	0
 1160 016b 3F       		.uleb128 0x3f
 1161 016c 19       		.uleb128 0x19
 1162 016d 03       		.uleb128 0x3
 1163 016e 0E       		.uleb128 0xe
 1164 016f 3A       		.uleb128 0x3a
 1165 0170 0B       		.uleb128 0xb
 1166 0171 3B       		.uleb128 0x3b
 1167 0172 0B       		.uleb128 0xb
 1168 0173 27       		.uleb128 0x27
 1169 0174 19       		.uleb128 0x19
 1170 0175 3C       		.uleb128 0x3c
 1171 0176 19       		.uleb128 0x19
 1172 0177 00       		.byte	0
 1173 0178 00       		.byte	0
 1174 0179 1E       		.uleb128 0x1e
 1175 017a 2E       		.uleb128 0x2e
 1176 017b 01       		.byte	0x1
 1177 017c 3F       		.uleb128 0x3f
 1178 017d 19       		.uleb128 0x19
 1179 017e 03       		.uleb128 0x3
 1180 017f 0E       		.uleb128 0xe
 1181 0180 3A       		.uleb128 0x3a
 1182 0181 0B       		.uleb128 0xb
 1183 0182 3B       		.uleb128 0x3b
 1184 0183 0B       		.uleb128 0xb
 1185 0184 27       		.uleb128 0x27
 1186 0185 19       		.uleb128 0x19
 1187 0186 3C       		.uleb128 0x3c
 1188 0187 19       		.uleb128 0x19
 1189 0188 01       		.uleb128 0x1
 1190 0189 13       		.uleb128 0x13
 1191 018a 00       		.byte	0
 1192 018b 00       		.byte	0
ARM GAS  C:\Users\sst5281\AppData\Local\Temp\ccJZH8lQ.s 			page 28


 1193 018c 1F       		.uleb128 0x1f
 1194 018d 2E       		.uleb128 0x2e
 1195 018e 01       		.byte	0x1
 1196 018f 3F       		.uleb128 0x3f
 1197 0190 19       		.uleb128 0x19
 1198 0191 03       		.uleb128 0x3
 1199 0192 0E       		.uleb128 0xe
 1200 0193 3A       		.uleb128 0x3a
 1201 0194 0B       		.uleb128 0xb
 1202 0195 3B       		.uleb128 0x3b
 1203 0196 0B       		.uleb128 0xb
 1204 0197 27       		.uleb128 0x27
 1205 0198 19       		.uleb128 0x19
 1206 0199 49       		.uleb128 0x49
 1207 019a 13       		.uleb128 0x13
 1208 019b 3C       		.uleb128 0x3c
 1209 019c 19       		.uleb128 0x19
 1210 019d 01       		.uleb128 0x1
 1211 019e 13       		.uleb128 0x13
 1212 019f 00       		.byte	0
 1213 01a0 00       		.byte	0
 1214 01a1 20       		.uleb128 0x20
 1215 01a2 2E       		.uleb128 0x2e
 1216 01a3 01       		.byte	0x1
 1217 01a4 3F       		.uleb128 0x3f
 1218 01a5 19       		.uleb128 0x19
 1219 01a6 03       		.uleb128 0x3
 1220 01a7 0E       		.uleb128 0xe
 1221 01a8 3A       		.uleb128 0x3a
 1222 01a9 0B       		.uleb128 0xb
 1223 01aa 3B       		.uleb128 0x3b
 1224 01ab 0B       		.uleb128 0xb
 1225 01ac 27       		.uleb128 0x27
 1226 01ad 19       		.uleb128 0x19
 1227 01ae 3C       		.uleb128 0x3c
 1228 01af 19       		.uleb128 0x19
 1229 01b0 00       		.byte	0
 1230 01b1 00       		.byte	0
 1231 01b2 00       		.byte	0
 1232              		.section	.debug_loc,"",%progbits
 1233              	.Ldebug_loc0:
 1234              	.LLST0:
 1235 0000 00000000 		.4byte	.LVL0
 1236 0004 09000000 		.4byte	.LVL2-1
 1237 0008 0100     		.2byte	0x1
 1238 000a 50       		.byte	0x50
 1239 000b 09000000 		.4byte	.LVL2-1
 1240 000f 0C000000 		.4byte	.LFE2
 1241 0013 0400     		.2byte	0x4
 1242 0015 F3       		.byte	0xf3
 1243 0016 01       		.uleb128 0x1
 1244 0017 50       		.byte	0x50
 1245 0018 9F       		.byte	0x9f
 1246 0019 00000000 		.4byte	0
 1247 001d 00000000 		.4byte	0
 1248              	.LLST1:
 1249 0021 00000000 		.4byte	.LVL0
ARM GAS  C:\Users\sst5281\AppData\Local\Temp\ccJZH8lQ.s 			page 29


 1250 0025 06000000 		.4byte	.LVL1
 1251 0029 0100     		.2byte	0x1
 1252 002b 51       		.byte	0x51
 1253 002c 06000000 		.4byte	.LVL1
 1254 0030 09000000 		.4byte	.LVL2-1
 1255 0034 0100     		.2byte	0x1
 1256 0036 52       		.byte	0x52
 1257 0037 09000000 		.4byte	.LVL2-1
 1258 003b 0C000000 		.4byte	.LFE2
 1259 003f 0400     		.2byte	0x4
 1260 0041 F3       		.byte	0xf3
 1261 0042 01       		.uleb128 0x1
 1262 0043 51       		.byte	0x51
 1263 0044 9F       		.byte	0x9f
 1264 0045 00000000 		.4byte	0
 1265 0049 00000000 		.4byte	0
 1266              	.LLST2:
 1267 004d DA000000 		.4byte	.LVL11
 1268 0051 DE000000 		.4byte	.LVL12
 1269 0055 0200     		.2byte	0x2
 1270 0057 30       		.byte	0x30
 1271 0058 9F       		.byte	0x9f
 1272 0059 DE000000 		.4byte	.LVL12
 1273 005d FE000000 		.4byte	.LVL14
 1274 0061 0100     		.2byte	0x1
 1275 0063 54       		.byte	0x54
 1276 0064 00010000 		.4byte	.LVL15
 1277 0068 7E010000 		.4byte	.LVL18
 1278 006c 0100     		.2byte	0x1
 1279 006e 54       		.byte	0x54
 1280 006f 00000000 		.4byte	0
 1281 0073 00000000 		.4byte	0
 1282              	.LLST3:
 1283 0077 DE000000 		.4byte	.LVL12
 1284 007b FE000000 		.4byte	.LVL14
 1285 007f 0B00     		.2byte	0xb
 1286 0081 74       		.byte	0x74
 1287 0082 00       		.sleb128 0
 1288 0083 36       		.byte	0x36
 1289 0084 1E       		.byte	0x1e
 1290 0085 03       		.byte	0x3
 1291 0086 00000000 		.4byte	cfg_memset_list.4758
 1292 008a 22       		.byte	0x22
 1293 008b 9F       		.byte	0x9f
 1294 008c FE000000 		.4byte	.LVL14
 1295 0090 00010000 		.4byte	.LVL15
 1296 0094 0B00     		.2byte	0xb
 1297 0096 74       		.byte	0x74
 1298 0097 7F       		.sleb128 -1
 1299 0098 36       		.byte	0x36
 1300 0099 1E       		.byte	0x1e
 1301 009a 03       		.byte	0x3
 1302 009b 00000000 		.4byte	cfg_memset_list.4758
 1303 009f 22       		.byte	0x22
 1304 00a0 9F       		.byte	0x9f
 1305 00a1 00000000 		.4byte	0
 1306 00a5 00000000 		.4byte	0
ARM GAS  C:\Users\sst5281\AppData\Local\Temp\ccJZH8lQ.s 			page 30


 1307              		.section	.debug_aranges,"",%progbits
 1308 0000 34000000 		.4byte	0x34
 1309 0004 0200     		.2byte	0x2
 1310 0006 00000000 		.4byte	.Ldebug_info0
 1311 000a 04       		.byte	0x4
 1312 000b 00       		.byte	0
 1313 000c 0000     		.2byte	0
 1314 000e 0000     		.2byte	0
 1315 0010 00000000 		.4byte	.LFB6
 1316 0014 20000000 		.4byte	.LFE6-.LFB6
 1317 0018 00000000 		.4byte	.LFB2
 1318 001c 0C000000 		.4byte	.LFE2-.LFB2
 1319 0020 00000000 		.4byte	.LFB5
 1320 0024 D0000000 		.4byte	.LFE5-.LFB5
 1321 0028 D0000000 		.4byte	.LFB7
 1322 002c F8000000 		.4byte	.LFE7-.LFB7
 1323 0030 00000000 		.4byte	0
 1324 0034 00000000 		.4byte	0
 1325              		.section	.debug_ranges,"",%progbits
 1326              	.Ldebug_ranges0:
 1327 0000 00000000 		.4byte	.LFB6
 1328 0004 20000000 		.4byte	.LFE6
 1329 0008 00000000 		.4byte	.LFB2
 1330 000c 0C000000 		.4byte	.LFE2
 1331 0010 00000000 		.4byte	.LFB5
 1332 0014 D0000000 		.4byte	.LFE5
 1333 0018 D0000000 		.4byte	.LFB7
 1334 001c C8010000 		.4byte	.LFE7
 1335 0020 00000000 		.4byte	0
 1336 0024 00000000 		.4byte	0
 1337              		.section	.debug_line,"",%progbits
 1338              	.Ldebug_line0:
 1339 0000 65010000 		.section	.debug_str,"MS",%progbits,1
 1339      0200E500 
 1339      00000201 
 1339      FB0E0D00 
 1339      01010101 
 1340              	.LASF28:
 1341 0000 43794465 		.ascii	"CyDelayCycles\000"
 1341      6C617943 
 1341      79636C65 
 1341      7300
 1342              	.LASF19:
 1343 000e 72656733 		.ascii	"reg32\000"
 1343      3200
 1344              	.LASF11:
 1345 0014 73697A65 		.ascii	"size_t\000"
 1345      5F7400
 1346              	.LASF37:
 1347 001b 416E616C 		.ascii	"AnalogSetDefault\000"
 1347      6F675365 
 1347      74446566 
 1347      61756C74 
 1347      00
 1348              	.LASF33:
 1349 002c 4379496E 		.ascii	"CyIntSetVector\000"
 1349      74536574 
ARM GAS  C:\Users\sst5281\AppData\Local\Temp\ccJZH8lQ.s 			page 31


 1349      56656374 
 1349      6F7200
 1350              	.LASF26:
 1351 003b 6366675F 		.ascii	"cfg_memset_list\000"
 1351      6D656D73 
 1351      65745F6C 
 1351      69737400 
 1352              	.LASF22:
 1353 004b 436C6F63 		.ascii	"ClockSetup\000"
 1353      6B536574 
 1353      757000
 1354              	.LASF4:
 1355 0056 73686F72 		.ascii	"short unsigned int\000"
 1355      7420756E 
 1355      7369676E 
 1355      65642069 
 1355      6E7400
 1356              	.LASF15:
 1357 0069 666C6F61 		.ascii	"float\000"
 1357      7400
 1358              	.LASF24:
 1359 006f 73697A65 		.ascii	"size\000"
 1359      00
 1360              	.LASF30:
 1361 0074 43795379 		.ascii	"CySysClkWcoSetPowerMode\000"
 1361      73436C6B 
 1361      57636F53 
 1361      6574506F 
 1361      7765724D 
 1362              	.LASF18:
 1363 008c 72656738 		.ascii	"reg8\000"
 1363      00
 1364              	.LASF6:
 1365 0091 6C6F6E67 		.ascii	"long unsigned int\000"
 1365      20756E73 
 1365      69676E65 
 1365      6420696E 
 1365      7400
 1366              	.LASF12:
 1367 00a3 75696E74 		.ascii	"uint8\000"
 1367      3800
 1368              	.LASF39:
 1369 00a9 43795379 		.ascii	"CySysClkWcoStart\000"
 1369      73436C6B 
 1369      57636F53 
 1369      74617274 
 1369      00
 1370              	.LASF21:
 1371 00ba 43594D45 		.ascii	"CYMEMZERO\000"
 1371      4D5A4552 
 1371      4F00
 1372              	.LASF2:
 1373 00c4 756E7369 		.ascii	"unsigned char\000"
 1373      676E6564 
 1373      20636861 
 1373      7200
 1374              	.LASF27:
ARM GAS  C:\Users\sst5281\AppData\Local\Temp\ccJZH8lQ.s 			page 32


 1375 00d2 6D656D73 		.ascii	"memset\000"
 1375      657400
 1376              	.LASF16:
 1377 00d9 646F7562 		.ascii	"double\000"
 1377      6C6500
 1378              	.LASF40:
 1379 00e0 4379496E 		.ascii	"CyIntEnable\000"
 1379      74456E61 
 1379      626C6500 
 1380              	.LASF13:
 1381 00ec 75696E74 		.ascii	"uint16\000"
 1381      313600
 1382              	.LASF17:
 1383 00f3 63797374 		.ascii	"cystatus\000"
 1383      61747573 
 1383      00
 1384              	.LASF14:
 1385 00fc 75696E74 		.ascii	"uint32\000"
 1385      333200
 1386              	.LASF36:
 1387 0103 433A5C54 		.ascii	"C:\\Temp\\FHV_MEM_2016WS_EmbeddedSystems\\Wireless "
 1387      656D705C 
 1387      4648565F 
 1387      4D454D5F 
 1387      32303136 
 1388 0133 4E657477 		.ascii	"Networks\\Project00_FindMeProfile\\BLE_FindMe\\BLE_"
 1388      6F726B73 
 1388      5C50726F 
 1388      6A656374 
 1388      30305F46 
 1389 0163 66696E64 		.ascii	"findMe.cydsn\000"
 1389      4D652E63 
 1389      7964736E 
 1389      00
 1390              	.LASF0:
 1391 0170 756E7369 		.ascii	"unsigned int\000"
 1391      676E6564 
 1391      20696E74 
 1391      00
 1392              	.LASF38:
 1393 017d 63796669 		.ascii	"cyfitter_cfg\000"
 1393      74746572 
 1393      5F636667 
 1393      00
 1394              	.LASF23:
 1395 018a 61646472 		.ascii	"address\000"
 1395      65737300 
 1396              	.LASF8:
 1397 0192 6C6F6E67 		.ascii	"long long unsigned int\000"
 1397      206C6F6E 
 1397      6720756E 
 1397      7369676E 
 1397      65642069 
 1398              	.LASF20:
 1399 01a9 63796973 		.ascii	"cyisraddress\000"
 1399      72616464 
 1399      72657373 
ARM GAS  C:\Users\sst5281\AppData\Local\Temp\ccJZH8lQ.s 			page 33


 1399      00
 1400              	.LASF25:
 1401 01b6 6366675F 		.ascii	"cfg_memset_t\000"
 1401      6D656D73 
 1401      65745F74 
 1401      00
 1402              	.LASF35:
 1403 01c3 2E5C4765 		.ascii	".\\Generated_Source\\PSoC4\\cyfitter_cfg.c\000"
 1403      6E657261 
 1403      7465645F 
 1403      536F7572 
 1403      63655C50 
 1404              	.LASF9:
 1405 01eb 73697A65 		.ascii	"sizetype\000"
 1405      74797065 
 1405      00
 1406              	.LASF7:
 1407 01f4 6C6F6E67 		.ascii	"long long int\000"
 1407      206C6F6E 
 1407      6720696E 
 1407      7400
 1408              	.LASF32:
 1409 0202 43794465 		.ascii	"CyDelayUs\000"
 1409      6C617955 
 1409      7300
 1410              	.LASF10:
 1411 020c 63686172 		.ascii	"char\000"
 1411      00
 1412              	.LASF31:
 1413 0211 43795379 		.ascii	"CySysClkEcoStart\000"
 1413      73436C6B 
 1413      45636F53 
 1413      74617274 
 1413      00
 1414              	.LASF34:
 1415 0222 474E5520 		.ascii	"GNU C 4.9.3 20150303 (release) [ARM/embedded-4_9-br"
 1415      4320342E 
 1415      392E3320 
 1415      32303135 
 1415      30333033 
 1416 0255 616E6368 		.ascii	"anch revision 221220] -mcpu=cortex-m0 -mthumb -g -O"
 1416      20726576 
 1416      6973696F 
 1416      6E203232 
 1416      31323230 
 1417 0288 67202D66 		.ascii	"g -ffunction-sections -ffat-lto-objects\000"
 1417      66756E63 
 1417      74696F6E 
 1417      2D736563 
 1417      74696F6E 
 1418              	.LASF3:
 1419 02b0 73686F72 		.ascii	"short int\000"
 1419      7420696E 
 1419      7400
 1420              	.LASF29:
 1421 02ba 43795379 		.ascii	"CySysClkWriteImoFreq\000"
 1421      73436C6B 
ARM GAS  C:\Users\sst5281\AppData\Local\Temp\ccJZH8lQ.s 			page 34


 1421      57726974 
 1421      65496D6F 
 1421      46726571 
 1422              	.LASF5:
 1423 02cf 6C6F6E67 		.ascii	"long int\000"
 1423      20696E74 
 1423      00
 1424              	.LASF1:
 1425 02d8 7369676E 		.ascii	"signed char\000"
 1425      65642063 
 1425      68617200 
 1426              		.ident	"GCC: (GNU Tools for ARM Embedded Processors) 4.9.3 20150303 (release) [ARM/embedded-4_9-br
